05:08:59 **** Incremental Build of configuration Debug for project Four_Quad_DC_Motor_Driver_Firmware ****
make -j16 all 
arm-none-eabi-gcc "../Core/Src/main.c" -mcpu=cortex-m3 -std=gnu11 -g3 -DDEBUG -DUSE_HAL_DRIVER -DSTM32F103xB -c -I../Core/Inc -I../Drivers/STM32F1xx_HAL_Driver/Inc/Legacy -I../Drivers/STM32F1xx_HAL_Driver/Inc -I../Drivers/CMSIS/Device/ST/STM32F1xx/Include -I../Drivers/CMSIS/Include -O0 -ffunction-sections -fdata-sections -Wall -fstack-usage -MMD -MP -MF"Core/Src/main.d" -MT"Core/Src/main.o" --specs=nano.specs -mfloat-abi=soft -mthumb -o "Core/Src/main.o"
arm-none-eabi-gcc -o "Four_Quad_DC_Motor_Driver_Firmware.elf" @"objects.list"   -mcpu=cortex-m3 -T"C:\Users\Pineapple\Desktop\damn_okul\EE463\TermProject\EE463-HardwareProject\3-Firmware\Four_Quad_DC_Motor_Driver_Firmware\STM32F103C8TX_FLASH.ld" --specs=nosys.specs -Wl,-Map="Four_Quad_DC_Motor_Driver_Firmware.map" -Wl,--gc-sections -static --specs=nano.specs -mfloat-abi=soft -mthumb -Wl,--start-group -lc -lm -Wl,--end-group
Finished building target: Four_Quad_DC_Motor_Driver_Firmware.elf
 
arm-none-eabi-size   Four_Quad_DC_Motor_Driver_Firmware.elf 
arm-none-eabi-objdump -h -S  Four_Quad_DC_Motor_Driver_Firmware.elf  > "Four_Quad_DC_Motor_Driver_Firmware.list"
   text	   data	    bss	    dec	    hex	filename
  19076	     24	   2352	  21452	   53cc	Four_Quad_DC_Motor_Driver_Firmware.elf
Finished building: default.size.stdout
 
Finished building: Four_Quad_DC_Motor_Driver_Firmware.list
 
05:09:07 **** Incremental Build of configuration Debug for project Four_Quad_DC_Motor_Driver_Firmware ****
make -j16 all 
arm-none-eabi-size   Four_Quad_DC_Motor_Driver_Firmware.elf 
   text	   data	    bss	    dec	    hex	filename
  19076	     24	   2352	  21452	   53cc	Four_Quad_DC_Motor_Driver_Firmware.elf
Finished building: default.size.stdout
 
05:10:31 **** Incremental Build of configuration Debug for project Four_Quad_DC_Motor_Driver_Firmware ****
make -j16 all 
arm-none-eabi-gcc "../Core/Src/stm32f1xx_it.c" -mcpu=cortex-m3 -std=gnu11 -g3 -DDEBUG -DUSE_HAL_DRIVER -DSTM32F103xB -c -I../Core/Inc -I../Drivers/STM32F1xx_HAL_Driver/Inc/Legacy -I../Drivers/STM32F1xx_HAL_Driver/Inc -I../Drivers/CMSIS/Device/ST/STM32F1xx/Include -I../Drivers/CMSIS/Include -O0 -ffunction-sections -fdata-sections -Wall -fstack-usage -MMD -MP -MF"Core/Src/stm32f1xx_it.d" -MT"Core/Src/stm32f1xx_it.o" --specs=nano.specs -mfloat-abi=soft -mthumb -o "Core/Src/stm32f1xx_it.o"
../Core/Src/stm32f1xx_it.c: In function 'TIM4_IRQHandler':
../Core/Src/stm32f1xx_it.c:393:11: warning: unused variable 'der_error' [-Wunused-variable]
  393 |     float der_error = (prop_error-pre_prop_error)/delta_t;
      |           ^~~~~~~~~
arm-none-eabi-gcc -o "Four_Quad_DC_Motor_Driver_Firmware.elf" @"objects.list"   -mcpu=cortex-m3 -T"C:\Users\Pineapple\Desktop\damn_okul\EE463\TermProject\EE463-HardwareProject\3-Firmware\Four_Quad_DC_Motor_Driver_Firmware\STM32F103C8TX_FLASH.ld" --specs=nosys.specs -Wl,-Map="Four_Quad_DC_Motor_Driver_Firmware.map" -Wl,--gc-sections -static --specs=nano.specs -mfloat-abi=soft -mthumb -Wl,--start-group -lc -lm -Wl,--end-group
Finished building target: Four_Quad_DC_Motor_Driver_Firmware.elf
 
arm-none-eabi-size   Four_Quad_DC_Motor_Driver_Firmware.elf 
arm-none-eabi-objdump -h -S  Four_Quad_DC_Motor_Driver_Firmware.elf  > "Four_Quad_DC_Motor_Driver_Firmware.list"
   text	   data	    bss	    dec	    hex	filename
  19076	     24	   2352	  21452	   53cc	Four_Quad_DC_Motor_Driver_Firmware.elf
Finished building: default.size.stdout
 
Finished building: Four_Quad_DC_Motor_Driver_Firmware.list
 
05:11:11 **** Incremental Build of configuration Debug for project Four_Quad_DC_Motor_Driver_Firmware ****
make -j16 all 
arm-none-eabi-size   Four_Quad_DC_Motor_Driver_Firmware.elf 
   text	   data	    bss	    dec	    hex	filename
  19076	     24	   2352	  21452	   53cc	Four_Quad_DC_Motor_Driver_Firmware.elf
Finished building: default.size.stdout
 
05:11:26 **** Incremental Build of configuration Debug for project Four_Quad_DC_Motor_Driver_Firmware ****
make -j16 all 
arm-none-eabi-size   Four_Quad_DC_Motor_Driver_Firmware.elf 
   text	   data	    bss	    dec	    hex	filename
  19076	     24	   2352	  21452	   53cc	Four_Quad_DC_Motor_Driver_Firmware.elf
Finished building: default.size.stdout
 
05:11:40 **** Incremental Build of configuration Debug for project Four_Quad_DC_Motor_Driver_Firmware ****
make -j16 all 
arm-none-eabi-size   Four_Quad_DC_Motor_Driver_Firmware.elf 
   text	   data	    bss	    dec	    hex	filename
  19076	     24	   2352	  21452	   53cc	Four_Quad_DC_Motor_Driver_Firmware.elf
Finished building: default.size.stdout
 
05:13:22 **** Incremental Build of configuration Debug for project Four_Quad_DC_Motor_Driver_Firmware ****
make -j16 all 
arm-none-eabi-size   Four_Quad_DC_Motor_Driver_Firmware.elf 
   text	   data	    bss	    dec	    hex	filename
  19076	     24	   2352	  21452	   53cc	Four_Quad_DC_Motor_Driver_Firmware.elf
Finished building: default.size.stdout
 
05:17:01 **** Incremental Build of configuration Debug for project Four_Quad_DC_Motor_Driver_Firmware ****
make -j16 all 
arm-none-eabi-size   Four_Quad_DC_Motor_Driver_Firmware.elf 
   text	   data	    bss	    dec	    hex	filename
  19076	     24	   2352	  21452	   53cc	Four_Quad_DC_Motor_Driver_Firmware.elf
Finished building: default.size.stdout
 
05:17:19 **** Incremental Build of configuration Debug for project Four_Quad_DC_Motor_Driver_Firmware ****
make -j16 all 
arm-none-eabi-size   Four_Quad_DC_Motor_Driver_Firmware.elf 
   text	   data	    bss	    dec	    hex	filename
  19076	     24	   2352	  21452	   53cc	Four_Quad_DC_Motor_Driver_Firmware.elf
Finished building: default.size.stdout
 
05:22:12 **** Incremental Build of configuration Debug for project Four_Quad_DC_Motor_Driver_Firmware ****
make -j16 all 
arm-none-eabi-size   Four_Quad_DC_Motor_Driver_Firmware.elf 
   text	   data	    bss	    dec	    hex	filename
  19076	     24	   2352	  21452	   53cc	Four_Quad_DC_Motor_Driver_Firmware.elf
Finished building: default.size.stdout
 
05:23:32 **** Incremental Build of configuration Debug for project Four_Quad_DC_Motor_Driver_Firmware ****
make -j16 all 
arm-none-eabi-size   Four_Quad_DC_Motor_Driver_Firmware.elf 
   text	   data	    bss	    dec	    hex	filename
  19076	     24	   2352	  21452	   53cc	Four_Quad_DC_Motor_Driver_Firmware.elf
Finished building: default.size.stdout
 
05:23:45 **** Incremental Build of configuration Debug for project Four_Quad_DC_Motor_Driver_Firmware ****
make -j16 all 
arm-none-eabi-size   Four_Quad_DC_Motor_Driver_Firmware.elf 
   text	   data	    bss	    dec	    hex	filename
  19076	     24	   2352	  21452	   53cc	Four_Quad_DC_Motor_Driver_Firmware.elf
Finished building: default.size.stdout
 
05:25:10 **** Incremental Build of configuration Debug for project Four_Quad_DC_Motor_Driver_Firmware ****
make -j16 all 
arm-none-eabi-gcc "../Core/Src/stm32f1xx_it.c" -mcpu=cortex-m3 -std=gnu11 -g3 -DDEBUG -DUSE_HAL_DRIVER -DSTM32F103xB -c -I../Core/Inc -I../Drivers/STM32F1xx_HAL_Driver/Inc/Legacy -I../Drivers/STM32F1xx_HAL_Driver/Inc -I../Drivers/CMSIS/Device/ST/STM32F1xx/Include -I../Drivers/CMSIS/Include -O0 -ffunction-sections -fdata-sections -Wall -fstack-usage -MMD -MP -MF"Core/Src/stm32f1xx_it.d" -MT"Core/Src/stm32f1xx_it.o" --specs=nano.specs -mfloat-abi=soft -mthumb -o "Core/Src/stm32f1xx_it.o"
../Core/Src/stm32f1xx_it.c: In function 'TIM4_IRQHandler':
../Core/Src/stm32f1xx_it.c:393:11: warning: unused variable 'der_error' [-Wunused-variable]
  393 |     float der_error = (prop_error-pre_prop_error)/delta_t;
      |           ^~~~~~~~~
arm-none-eabi-gcc -o "Four_Quad_DC_Motor_Driver_Firmware.elf" @"objects.list"   -mcpu=cortex-m3 -T"C:\Users\Pineapple\Desktop\damn_okul\EE463\TermProject\EE463-HardwareProject\3-Firmware\Four_Quad_DC_Motor_Driver_Firmware\STM32F103C8TX_FLASH.ld" --specs=nosys.specs -Wl,-Map="Four_Quad_DC_Motor_Driver_Firmware.map" -Wl,--gc-sections -static --specs=nano.specs -mfloat-abi=soft -mthumb -Wl,--start-group -lc -lm -Wl,--end-group
Finished building target: Four_Quad_DC_Motor_Driver_Firmware.elf
 
arm-none-eabi-size   Four_Quad_DC_Motor_Driver_Firmware.elf 
arm-none-eabi-objdump -h -S  Four_Quad_DC_Motor_Driver_Firmware.elf  > "Four_Quad_DC_Motor_Driver_Firmware.list"
   text	   data	    bss	    dec	    hex	filename
  19084	     24	   2352	  21460	   53d4	Four_Quad_DC_Motor_Driver_Firmware.elf
Finished building: default.size.stdout
 
Finished building: Four_Quad_DC_Motor_Driver_Firmware.list
 
05:33:47 **** Incremental Build of configuration Debug for project Four_Quad_DC_Motor_Driver_Firmware ****
make -j16 all 
arm-none-eabi-gcc "../Core/Src/stm32f1xx_it.c" -mcpu=cortex-m3 -std=gnu11 -g3 -DDEBUG -DUSE_HAL_DRIVER -DSTM32F103xB -c -I../Core/Inc -I../Drivers/STM32F1xx_HAL_Driver/Inc/Legacy -I../Drivers/STM32F1xx_HAL_Driver/Inc -I../Drivers/CMSIS/Device/ST/STM32F1xx/Include -I../Drivers/CMSIS/Include -O0 -ffunction-sections -fdata-sections -Wall -fstack-usage -MMD -MP -MF"Core/Src/stm32f1xx_it.d" -MT"Core/Src/stm32f1xx_it.o" --specs=nano.specs -mfloat-abi=soft -mthumb -o "Core/Src/stm32f1xx_it.o"
../Core/Src/stm32f1xx_it.c: In function 'TIM4_IRQHandler':
../Core/Src/stm32f1xx_it.c:393:11: warning: unused variable 'der_error' [-Wunused-variable]
  393 |     float der_error = (prop_error-pre_prop_error)/delta_t;
      |           ^~~~~~~~~
arm-none-eabi-gcc -o "Four_Quad_DC_Motor_Driver_Firmware.elf" @"objects.list"   -mcpu=cortex-m3 -T"C:\Users\Pineapple\Desktop\damn_okul\EE463\TermProject\EE463-HardwareProject\3-Firmware\Four_Quad_DC_Motor_Driver_Firmware\STM32F103C8TX_FLASH.ld" --specs=nosys.specs -Wl,-Map="Four_Quad_DC_Motor_Driver_Firmware.map" -Wl,--gc-sections -static --specs=nano.specs -mfloat-abi=soft -mthumb -Wl,--start-group -lc -lm -Wl,--end-group
Finished building target: Four_Quad_DC_Motor_Driver_Firmware.elf
 
arm-none-eabi-size   Four_Quad_DC_Motor_Driver_Firmware.elf 
arm-none-eabi-objdump -h -S  Four_Quad_DC_Motor_Driver_Firmware.elf  > "Four_Quad_DC_Motor_Driver_Firmware.list"
   text	   data	    bss	    dec	    hex	filename
  19084	     24	   2352	  21460	   53d4	Four_Quad_DC_Motor_Driver_Firmware.elf
Finished building: default.size.stdout
 
Finished building: Four_Quad_DC_Motor_Driver_Firmware.list
 
05:38:28 **** Incremental Build of configuration Debug for project Four_Quad_DC_Motor_Driver_Firmware ****
make -j16 all 
arm-none-eabi-gcc "../Core/Src/main.c" -mcpu=cortex-m3 -std=gnu11 -g3 -DDEBUG -DUSE_HAL_DRIVER -DSTM32F103xB -c -I../Core/Inc -I../Drivers/STM32F1xx_HAL_Driver/Inc/Legacy -I../Drivers/STM32F1xx_HAL_Driver/Inc -I../Drivers/CMSIS/Device/ST/STM32F1xx/Include -I../Drivers/CMSIS/Include -O0 -ffunction-sections -fdata-sections -Wall -fstack-usage -MMD -MP -MF"Core/Src/main.d" -MT"Core/Src/main.o" --specs=nano.specs -mfloat-abi=soft -mthumb -o "Core/Src/main.o"
arm-none-eabi-gcc "../Core/Src/stm32f1xx_it.c" -mcpu=cortex-m3 -std=gnu11 -g3 -DDEBUG -DUSE_HAL_DRIVER -DSTM32F103xB -c -I../Core/Inc -I../Drivers/STM32F1xx_HAL_Driver/Inc/Legacy -I../Drivers/STM32F1xx_HAL_Driver/Inc -I../Drivers/CMSIS/Device/ST/STM32F1xx/Include -I../Drivers/CMSIS/Include -O0 -ffunction-sections -fdata-sections -Wall -fstack-usage -MMD -MP -MF"Core/Src/stm32f1xx_it.d" -MT"Core/Src/stm32f1xx_it.o" --specs=nano.specs -mfloat-abi=soft -mthumb -o "Core/Src/stm32f1xx_it.o"
../Core/Src/stm32f1xx_it.c: In function 'TIM4_IRQHandler':
../Core/Src/stm32f1xx_it.c:393:11: warning: unused variable 'der_error' [-Wunused-variable]
  393 |     float der_error = (prop_error-pre_prop_error)/delta_t;
      |           ^~~~~~~~~
arm-none-eabi-gcc -o "Four_Quad_DC_Motor_Driver_Firmware.elf" @"objects.list"   -mcpu=cortex-m3 -T"C:\Users\Pineapple\Desktop\damn_okul\EE463\TermProject\EE463-HardwareProject\3-Firmware\Four_Quad_DC_Motor_Driver_Firmware\STM32F103C8TX_FLASH.ld" --specs=nosys.specs -Wl,-Map="Four_Quad_DC_Motor_Driver_Firmware.map" -Wl,--gc-sections -static --specs=nano.specs -mfloat-abi=soft -mthumb -Wl,--start-group -lc -lm -Wl,--end-group
Finished building target: Four_Quad_DC_Motor_Driver_Firmware.elf
 
arm-none-eabi-size   Four_Quad_DC_Motor_Driver_Firmware.elf 
arm-none-eabi-objdump -h -S  Four_Quad_DC_Motor_Driver_Firmware.elf  > "Four_Quad_DC_Motor_Driver_Firmware.list"
   text	   data	    bss	    dec	    hex	filename
  19084	     28	   2348	  21460	   53d4	Four_Quad_DC_Motor_Driver_Firmware.elf
Finished building: default.size.stdout
 
Finished building: Four_Quad_DC_Motor_Driver_Firmware.list
 
05:42:19 **** Incremental Build of configuration Debug for project Four_Quad_DC_Motor_Driver_Firmware ****
make -j16 all 
arm-none-eabi-size   Four_Quad_DC_Motor_Driver_Firmware.elf 
   text	   data	    bss	    dec	    hex	filename
  19084	     28	   2348	  21460	   53d4	Four_Quad_DC_Motor_Driver_Firmware.elf
Finished building: default.size.stdout
 
05:42:47 **** Incremental Build of configuration Debug for project Four_Quad_DC_Motor_Driver_Firmware ****
make -j16 all 
arm-none-eabi-size   Four_Quad_DC_Motor_Driver_Firmware.elf 
   text	   data	    bss	    dec	    hex	filename
  19084	     28	   2348	  21460	   53d4	Four_Quad_DC_Motor_Driver_Firmware.elf
Finished building: default.size.stdout
 
05:44:28 **** Incremental Build of configuration Debug for project Four_Quad_DC_Motor_Driver_Firmware ****
make -j16 all 
arm-none-eabi-size   Four_Quad_DC_Motor_Driver_Firmware.elf 
   text	   data	    bss	    dec	    hex	filename
  19084	     28	   2348	  21460	   53d4	Four_Quad_DC_Motor_Driver_Firmware.elf
Finished building: default.size.stdout
 
05:45:12 **** Incremental Build of configuration Debug for project Four_Quad_DC_Motor_Driver_Firmware ****
make -j16 all 
arm-none-eabi-size   Four_Quad_DC_Motor_Driver_Firmware.elf 
   text	   data	    bss	    dec	    hex	filename
  19084	     28	   2348	  21460	   53d4	Four_Quad_DC_Motor_Driver_Firmware.elf
Finished building: default.size.stdout
 
15:31:03 **** Build of configuration Debug for project Four_Quad_DC_Motor_Driver_Firmware ****
make -j16 all 
arm-none-eabi-gcc "../Core/Src/stm32f1xx_it.c" -mcpu=cortex-m3 -std=gnu11 -g3 -DDEBUG -DUSE_HAL_DRIVER -DSTM32F103xB -c -I../Core/Inc -I../Drivers/STM32F1xx_HAL_Driver/Inc/Legacy -I../Drivers/STM32F1xx_HAL_Driver/Inc -I../Drivers/CMSIS/Device/ST/STM32F1xx/Include -I../Drivers/CMSIS/Include -O0 -ffunction-sections -fdata-sections -Wall -fstack-usage -MMD -MP -MF"Core/Src/stm32f1xx_it.d" -MT"Core/Src/stm32f1xx_it.o" --specs=nano.specs -mfloat-abi=soft -mthumb -o "Core/Src/stm32f1xx_it.o"
../Core/Src/stm32f1xx_it.c:372:22: error: expected declaration specifiers or '...' before '&' token
  372 |   HAL_TIM_IRQHandler(&htim4);
      |                      ^
../Core/Src/stm32f1xx_it.c:376:1: error: expected identifier or '(' before '}' token
  376 | }
      | ^
make: *** [Core/Src/subdir.mk:34: Core/Src/stm32f1xx_it.o] Error 1
"make -j16 all" terminated with exit code 2. Build might be incomplete.
15:31:23 **** Incremental Build of configuration Debug for project Four_Quad_DC_Motor_Driver_Firmware ****
make -j16 all 
arm-none-eabi-gcc "../Core/Src/stm32f1xx_it.c" -mcpu=cortex-m3 -std=gnu11 -g3 -DDEBUG -DUSE_HAL_DRIVER -DSTM32F103xB -c -I../Core/Inc -I../Drivers/STM32F1xx_HAL_Driver/Inc/Legacy -I../Drivers/STM32F1xx_HAL_Driver/Inc -I../Drivers/CMSIS/Device/ST/STM32F1xx/Include -I../Drivers/CMSIS/Include -O0 -ffunction-sections -fdata-sections -Wall -fstack-usage -MMD -MP -MF"Core/Src/stm32f1xx_it.d" -MT"Core/Src/stm32f1xx_it.o" --specs=nano.specs -mfloat-abi=soft -mthumb -o "Core/Src/stm32f1xx_it.o"
arm-none-eabi-gcc -o "Four_Quad_DC_Motor_Driver_Firmware.elf" @"objects.list"   -mcpu=cortex-m3 -T"C:\Users\Pineapple\Desktop\damn_okul\EE463\TermProject\EE463-HardwareProject\3-Firmware\Four_Quad_DC_Motor_Driver_Firmware\STM32F103C8TX_FLASH.ld" --specs=nosys.specs -Wl,-Map="Four_Quad_DC_Motor_Driver_Firmware.map" -Wl,--gc-sections -static --specs=nano.specs -mfloat-abi=soft -mthumb -Wl,--start-group -lc -lm -Wl,--end-group
Finished building target: Four_Quad_DC_Motor_Driver_Firmware.elf
 
arm-none-eabi-size   Four_Quad_DC_Motor_Driver_Firmware.elf 
arm-none-eabi-objdump -h -S  Four_Quad_DC_Motor_Driver_Firmware.elf  > "Four_Quad_DC_Motor_Driver_Firmware.list"
   text	   data	    bss	    dec	    hex	filename
  17008	     24	   2304	  19336	   4b88	Four_Quad_DC_Motor_Driver_Firmware.elf
Finished building: default.size.stdout
 
Finished building: Four_Quad_DC_Motor_Driver_Firmware.list
 
15:32:43 **** Incremental Build of configuration Debug for project Four_Quad_DC_Motor_Driver_Firmware ****
make -j16 all 
arm-none-eabi-size   Four_Quad_DC_Motor_Driver_Firmware.elf 
   text	   data	    bss	    dec	    hex	filename
  17008	     24	   2304	  19336	   4b88	Four_Quad_DC_Motor_Driver_Firmware.elf
Finished building: default.size.stdout
 
15:35:18 **** Incremental Build of configuration Debug for project Four_Quad_DC_Motor_Driver_Firmware ****
make -j16 all 
arm-none-eabi-size   Four_Quad_DC_Motor_Driver_Firmware.elf 
   text	   data	    bss	    dec	    hex	filename
  17008	     24	   2304	  19336	   4b88	Four_Quad_DC_Motor_Driver_Firmware.elf
Finished building: default.size.stdout
 
15:42:43 **** Incremental Build of configuration Debug for project Four_Quad_DC_Motor_Driver_Firmware ****
make -j16 all 
arm-none-eabi-gcc "../Drivers/STM32F1xx_HAL_Driver/Src/stm32f1xx_hal.c" -mcpu=cortex-m3 -std=gnu11 -g3 -DDEBUG -DUSE_HAL_DRIVER -DSTM32F103xB -c -I../Core/Inc -I../Drivers/STM32F1xx_HAL_Driver/Inc/Legacy -I../Drivers/STM32F1xx_HAL_Driver/Inc -I../Drivers/CMSIS/Device/ST/STM32F1xx/Include -I../Drivers/CMSIS/Include -O0 -ffunction-sections -fdata-sections -Wall -fstack-usage -MMD -MP -MF"Drivers/STM32F1xx_HAL_Driver/Src/stm32f1xx_hal.d" -MT"Drivers/STM32F1xx_HAL_Driver/Src/stm32f1xx_hal.o" --specs=nano.specs -mfloat-abi=soft -mthumb -o "Drivers/STM32F1xx_HAL_Driver/Src/stm32f1xx_hal.o"
arm-none-eabi-gcc "../Drivers/STM32F1xx_HAL_Driver/Src/stm32f1xx_hal_adc.c" -mcpu=cortex-m3 -std=gnu11 -g3 -DDEBUG -DUSE_HAL_DRIVER -DSTM32F103xB -c -I../Core/Inc -I../Drivers/STM32F1xx_HAL_Driver/Inc/Legacy -I../Drivers/STM32F1xx_HAL_Driver/Inc -I../Drivers/CMSIS/Device/ST/STM32F1xx/Include -I../Drivers/CMSIS/Include -O0 -ffunction-sections -fdata-sections -Wall -fstack-usage -MMD -MP -MF"Drivers/STM32F1xx_HAL_Driver/Src/stm32f1xx_hal_adc.d" -MT"Drivers/STM32F1xx_HAL_Driver/Src/stm32f1xx_hal_adc.o" --specs=nano.specs -mfloat-abi=soft -mthumb -o "Drivers/STM32F1xx_HAL_Driver/Src/stm32f1xx_hal_adc.o"
arm-none-eabi-gcc "../Drivers/STM32F1xx_HAL_Driver/Src/stm32f1xx_hal_adc_ex.c" -mcpu=cortex-m3 -std=gnu11 -g3 -DDEBUG -DUSE_HAL_DRIVER -DSTM32F103xB -c -I../Core/Inc -I../Drivers/STM32F1xx_HAL_Driver/Inc/Legacy -I../Drivers/STM32F1xx_HAL_Driver/Inc -I../Drivers/CMSIS/Device/ST/STM32F1xx/Include -I../Drivers/CMSIS/Include -O0 -ffunction-sections -fdata-sections -Wall -fstack-usage -MMD -MP -MF"Drivers/STM32F1xx_HAL_Driver/Src/stm32f1xx_hal_adc_ex.d" -MT"Drivers/STM32F1xx_HAL_Driver/Src/stm32f1xx_hal_adc_ex.o" --specs=nano.specs -mfloat-abi=soft -mthumb -o "Drivers/STM32F1xx_HAL_Driver/Src/stm32f1xx_hal_adc_ex.o"
arm-none-eabi-gcc "../Drivers/STM32F1xx_HAL_Driver/Src/stm32f1xx_hal_cortex.c" -mcpu=cortex-m3 -std=gnu11 -g3 -DDEBUG -DUSE_HAL_DRIVER -DSTM32F103xB -c -I../Core/Inc -I../Drivers/STM32F1xx_HAL_Driver/Inc/Legacy -I../Drivers/STM32F1xx_HAL_Driver/Inc -I../Drivers/CMSIS/Device/ST/STM32F1xx/Include -I../Drivers/CMSIS/Include -O0 -ffunction-sections -fdata-sections -Wall -fstack-usage -MMD -MP -MF"Drivers/STM32F1xx_HAL_Driver/Src/stm32f1xx_hal_cortex.d" -MT"Drivers/STM32F1xx_HAL_Driver/Src/stm32f1xx_hal_cortex.o" --specs=nano.specs -mfloat-abi=soft -mthumb -o "Drivers/STM32F1xx_HAL_Driver/Src/stm32f1xx_hal_cortex.o"
arm-none-eabi-gcc "../Drivers/STM32F1xx_HAL_Driver/Src/stm32f1xx_hal_dma.c" -mcpu=cortex-m3 -std=gnu11 -g3 -DDEBUG -DUSE_HAL_DRIVER -DSTM32F103xB -c -I../Core/Inc -I../Drivers/STM32F1xx_HAL_Driver/Inc/Legacy -I../Drivers/STM32F1xx_HAL_Driver/Inc -I../Drivers/CMSIS/Device/ST/STM32F1xx/Include -I../Drivers/CMSIS/Include -O0 -ffunction-sections -fdata-sections -Wall -fstack-usage -MMD -MP -MF"Drivers/STM32F1xx_HAL_Driver/Src/stm32f1xx_hal_dma.d" -MT"Drivers/STM32F1xx_HAL_Driver/Src/stm32f1xx_hal_dma.o" --specs=nano.specs -mfloat-abi=soft -mthumb -o "Drivers/STM32F1xx_HAL_Driver/Src/stm32f1xx_hal_dma.o"
arm-none-eabi-gcc "../Drivers/STM32F1xx_HAL_Driver/Src/stm32f1xx_hal_exti.c" -mcpu=cortex-m3 -std=gnu11 -g3 -DDEBUG -DUSE_HAL_DRIVER -DSTM32F103xB -c -I../Core/Inc -I../Drivers/STM32F1xx_HAL_Driver/Inc/Legacy -I../Drivers/STM32F1xx_HAL_Driver/Inc -I../Drivers/CMSIS/Device/ST/STM32F1xx/Include -I../Drivers/CMSIS/Include -O0 -ffunction-sections -fdata-sections -Wall -fstack-usage -MMD -MP -MF"Drivers/STM32F1xx_HAL_Driver/Src/stm32f1xx_hal_exti.d" -MT"Drivers/STM32F1xx_HAL_Driver/Src/stm32f1xx_hal_exti.o" --specs=nano.specs -mfloat-abi=soft -mthumb -o "Drivers/STM32F1xx_HAL_Driver/Src/stm32f1xx_hal_exti.o"
arm-none-eabi-gcc "../Drivers/STM32F1xx_HAL_Driver/Src/stm32f1xx_hal_flash.c" -mcpu=cortex-m3 -std=gnu11 -g3 -DDEBUG -DUSE_HAL_DRIVER -DSTM32F103xB -c -I../Core/Inc -I../Drivers/STM32F1xx_HAL_Driver/Inc/Legacy -I../Drivers/STM32F1xx_HAL_Driver/Inc -I../Drivers/CMSIS/Device/ST/STM32F1xx/Include -I../Drivers/CMSIS/Include -O0 -ffunction-sections -fdata-sections -Wall -fstack-usage -MMD -MP -MF"Drivers/STM32F1xx_HAL_Driver/Src/stm32f1xx_hal_flash.d" -MT"Drivers/STM32F1xx_HAL_Driver/Src/stm32f1xx_hal_flash.o" --specs=nano.specs -mfloat-abi=soft -mthumb -o "Drivers/STM32F1xx_HAL_Driver/Src/stm32f1xx_hal_flash.o"
arm-none-eabi-gcc "../Drivers/STM32F1xx_HAL_Driver/Src/stm32f1xx_hal_flash_ex.c" -mcpu=cortex-m3 -std=gnu11 -g3 -DDEBUG -DUSE_HAL_DRIVER -DSTM32F103xB -c -I../Core/Inc -I../Drivers/STM32F1xx_HAL_Driver/Inc/Legacy -I../Drivers/STM32F1xx_HAL_Driver/Inc -I../Drivers/CMSIS/Device/ST/STM32F1xx/Include -I../Drivers/CMSIS/Include -O0 -ffunction-sections -fdata-sections -Wall -fstack-usage -MMD -MP -MF"Drivers/STM32F1xx_HAL_Driver/Src/stm32f1xx_hal_flash_ex.d" -MT"Drivers/STM32F1xx_HAL_Driver/Src/stm32f1xx_hal_flash_ex.o" --specs=nano.specs -mfloat-abi=soft -mthumb -o "Drivers/STM32F1xx_HAL_Driver/Src/stm32f1xx_hal_flash_ex.o"
arm-none-eabi-gcc "../Drivers/STM32F1xx_HAL_Driver/Src/stm32f1xx_hal_gpio.c" -mcpu=cortex-m3 -std=gnu11 -g3 -DDEBUG -DUSE_HAL_DRIVER -DSTM32F103xB -c -I../Core/Inc -I../Drivers/STM32F1xx_HAL_Driver/Inc/Legacy -I../Drivers/STM32F1xx_HAL_Driver/Inc -I../Drivers/CMSIS/Device/ST/STM32F1xx/Include -I../Drivers/CMSIS/Include -O0 -ffunction-sections -fdata-sections -Wall -fstack-usage -MMD -MP -MF"Drivers/STM32F1xx_HAL_Driver/Src/stm32f1xx_hal_gpio.d" -MT"Drivers/STM32F1xx_HAL_Driver/Src/stm32f1xx_hal_gpio.o" --specs=nano.specs -mfloat-abi=soft -mthumb -o "Drivers/STM32F1xx_HAL_Driver/Src/stm32f1xx_hal_gpio.o"
arm-none-eabi-gcc "../Drivers/STM32F1xx_HAL_Driver/Src/stm32f1xx_hal_gpio_ex.c" -mcpu=cortex-m3 -std=gnu11 -g3 -DDEBUG -DUSE_HAL_DRIVER -DSTM32F103xB -c -I../Core/Inc -I../Drivers/STM32F1xx_HAL_Driver/Inc/Legacy -I../Drivers/STM32F1xx_HAL_Driver/Inc -I../Drivers/CMSIS/Device/ST/STM32F1xx/Include -I../Drivers/CMSIS/Include -O0 -ffunction-sections -fdata-sections -Wall -fstack-usage -MMD -MP -MF"Drivers/STM32F1xx_HAL_Driver/Src/stm32f1xx_hal_gpio_ex.d" -MT"Drivers/STM32F1xx_HAL_Driver/Src/stm32f1xx_hal_gpio_ex.o" --specs=nano.specs -mfloat-abi=soft -mthumb -o "Drivers/STM32F1xx_HAL_Driver/Src/stm32f1xx_hal_gpio_ex.o"
arm-none-eabi-gcc "../Drivers/STM32F1xx_HAL_Driver/Src/stm32f1xx_hal_pwr.c" -mcpu=cortex-m3 -std=gnu11 -g3 -DDEBUG -DUSE_HAL_DRIVER -DSTM32F103xB -c -I../Core/Inc -I../Drivers/STM32F1xx_HAL_Driver/Inc/Legacy -I../Drivers/STM32F1xx_HAL_Driver/Inc -I../Drivers/CMSIS/Device/ST/STM32F1xx/Include -I../Drivers/CMSIS/Include -O0 -ffunction-sections -fdata-sections -Wall -fstack-usage -MMD -MP -MF"Drivers/STM32F1xx_HAL_Driver/Src/stm32f1xx_hal_pwr.d" -MT"Drivers/STM32F1xx_HAL_Driver/Src/stm32f1xx_hal_pwr.o" --specs=nano.specs -mfloat-abi=soft -mthumb -o "Drivers/STM32F1xx_HAL_Driver/Src/stm32f1xx_hal_pwr.o"
arm-none-eabi-gcc "../Drivers/STM32F1xx_HAL_Driver/Src/stm32f1xx_hal_rcc.c" -mcpu=cortex-m3 -std=gnu11 -g3 -DDEBUG -DUSE_HAL_DRIVER -DSTM32F103xB -c -I../Core/Inc -I../Drivers/STM32F1xx_HAL_Driver/Inc/Legacy -I../Drivers/STM32F1xx_HAL_Driver/Inc -I../Drivers/CMSIS/Device/ST/STM32F1xx/Include -I../Drivers/CMSIS/Include -O0 -ffunction-sections -fdata-sections -Wall -fstack-usage -MMD -MP -MF"Drivers/STM32F1xx_HAL_Driver/Src/stm32f1xx_hal_rcc.d" -MT"Drivers/STM32F1xx_HAL_Driver/Src/stm32f1xx_hal_rcc.o" --specs=nano.specs -mfloat-abi=soft -mthumb -o "Drivers/STM32F1xx_HAL_Driver/Src/stm32f1xx_hal_rcc.o"
arm-none-eabi-gcc "../Drivers/STM32F1xx_HAL_Driver/Src/stm32f1xx_hal_rcc_ex.c" -mcpu=cortex-m3 -std=gnu11 -g3 -DDEBUG -DUSE_HAL_DRIVER -DSTM32F103xB -c -I../Core/Inc -I../Drivers/STM32F1xx_HAL_Driver/Inc/Legacy -I../Drivers/STM32F1xx_HAL_Driver/Inc -I../Drivers/CMSIS/Device/ST/STM32F1xx/Include -I../Drivers/CMSIS/Include -O0 -ffunction-sections -fdata-sections -Wall -fstack-usage -MMD -MP -MF"Drivers/STM32F1xx_HAL_Driver/Src/stm32f1xx_hal_rcc_ex.d" -MT"Drivers/STM32F1xx_HAL_Driver/Src/stm32f1xx_hal_rcc_ex.o" --specs=nano.specs -mfloat-abi=soft -mthumb -o "Drivers/STM32F1xx_HAL_Driver/Src/stm32f1xx_hal_rcc_ex.o"
arm-none-eabi-gcc "../Drivers/STM32F1xx_HAL_Driver/Src/stm32f1xx_hal_tim.c" -mcpu=cortex-m3 -std=gnu11 -g3 -DDEBUG -DUSE_HAL_DRIVER -DSTM32F103xB -c -I../Core/Inc -I../Drivers/STM32F1xx_HAL_Driver/Inc/Legacy -I../Drivers/STM32F1xx_HAL_Driver/Inc -I../Drivers/CMSIS/Device/ST/STM32F1xx/Include -I../Drivers/CMSIS/Include -O0 -ffunction-sections -fdata-sections -Wall -fstack-usage -MMD -MP -MF"Drivers/STM32F1xx_HAL_Driver/Src/stm32f1xx_hal_tim.d" -MT"Drivers/STM32F1xx_HAL_Driver/Src/stm32f1xx_hal_tim.o" --specs=nano.specs -mfloat-abi=soft -mthumb -o "Drivers/STM32F1xx_HAL_Driver/Src/stm32f1xx_hal_tim.o"
arm-none-eabi-gcc "../Drivers/STM32F1xx_HAL_Driver/Src/stm32f1xx_hal_tim_ex.c" -mcpu=cortex-m3 -std=gnu11 -g3 -DDEBUG -DUSE_HAL_DRIVER -DSTM32F103xB -c -I../Core/Inc -I../Drivers/STM32F1xx_HAL_Driver/Inc/Legacy -I../Drivers/STM32F1xx_HAL_Driver/Inc -I../Drivers/CMSIS/Device/ST/STM32F1xx/Include -I../Drivers/CMSIS/Include -O0 -ffunction-sections -fdata-sections -Wall -fstack-usage -MMD -MP -MF"Drivers/STM32F1xx_HAL_Driver/Src/stm32f1xx_hal_tim_ex.d" -MT"Drivers/STM32F1xx_HAL_Driver/Src/stm32f1xx_hal_tim_ex.o" --specs=nano.specs -mfloat-abi=soft -mthumb -o "Drivers/STM32F1xx_HAL_Driver/Src/stm32f1xx_hal_tim_ex.o"
arm-none-eabi-gcc "../Core/Src/main.c" -mcpu=cortex-m3 -std=gnu11 -g3 -DDEBUG -DUSE_HAL_DRIVER -DSTM32F103xB -c -I../Core/Inc -I../Drivers/STM32F1xx_HAL_Driver/Inc/Legacy -I../Drivers/STM32F1xx_HAL_Driver/Inc -I../Drivers/CMSIS/Device/ST/STM32F1xx/Include -I../Drivers/CMSIS/Include -O0 -ffunction-sections -fdata-sections -Wall -fstack-usage -MMD -MP -MF"Core/Src/main.d" -MT"Core/Src/main.o" --specs=nano.specs -mfloat-abi=soft -mthumb -o "Core/Src/main.o"
arm-none-eabi-gcc "../Core/Src/stm32f1xx_hal_msp.c" -mcpu=cortex-m3 -std=gnu11 -g3 -DDEBUG -DUSE_HAL_DRIVER -DSTM32F103xB -c -I../Core/Inc -I../Drivers/STM32F1xx_HAL_Driver/Inc/Legacy -I../Drivers/STM32F1xx_HAL_Driver/Inc -I../Drivers/CMSIS/Device/ST/STM32F1xx/Include -I../Drivers/CMSIS/Include -O0 -ffunction-sections -fdata-sections -Wall -fstack-usage -MMD -MP -MF"Core/Src/stm32f1xx_hal_msp.d" -MT"Core/Src/stm32f1xx_hal_msp.o" --specs=nano.specs -mfloat-abi=soft -mthumb -o "Core/Src/stm32f1xx_hal_msp.o"
arm-none-eabi-gcc "../Core/Src/stm32f1xx_it.c" -mcpu=cortex-m3 -std=gnu11 -g3 -DDEBUG -DUSE_HAL_DRIVER -DSTM32F103xB -c -I../Core/Inc -I../Drivers/STM32F1xx_HAL_Driver/Inc/Legacy -I../Drivers/STM32F1xx_HAL_Driver/Inc -I../Drivers/CMSIS/Device/ST/STM32F1xx/Include -I../Drivers/CMSIS/Include -O0 -ffunction-sections -fdata-sections -Wall -fstack-usage -MMD -MP -MF"Core/Src/stm32f1xx_it.d" -MT"Core/Src/stm32f1xx_it.o" --specs=nano.specs -mfloat-abi=soft -mthumb -o "Core/Src/stm32f1xx_it.o"
arm-none-eabi-gcc "../Core/Src/system_stm32f1xx.c" -mcpu=cortex-m3 -std=gnu11 -g3 -DDEBUG -DUSE_HAL_DRIVER -DSTM32F103xB -c -I../Core/Inc -I../Drivers/STM32F1xx_HAL_Driver/Inc/Legacy -I../Drivers/STM32F1xx_HAL_Driver/Inc -I../Drivers/CMSIS/Device/ST/STM32F1xx/Include -I../Drivers/CMSIS/Include -O0 -ffunction-sections -fdata-sections -Wall -fstack-usage -MMD -MP -MF"Core/Src/system_stm32f1xx.d" -MT"Core/Src/system_stm32f1xx.o" --specs=nano.specs -mfloat-abi=soft -mthumb -o "Core/Src/system_stm32f1xx.o"
arm-none-eabi-gcc -o "Four_Quad_DC_Motor_Driver_Firmware.elf" @"objects.list"   -mcpu=cortex-m3 -T"C:\Users\Pineapple\Desktop\damn_okul\EE463\TermProject\EE463-HardwareProject\3-Firmware\Four_Quad_DC_Motor_Driver_Firmware\STM32F103C8TX_FLASH.ld" --specs=nosys.specs -Wl,-Map="Four_Quad_DC_Motor_Driver_Firmware.map" -Wl,--gc-sections -static --specs=nano.specs -mfloat-abi=soft -mthumb -Wl,--start-group -lc -lm -Wl,--end-group
Finished building target: Four_Quad_DC_Motor_Driver_Firmware.elf
 
arm-none-eabi-size   Four_Quad_DC_Motor_Driver_Firmware.elf 
arm-none-eabi-objdump -h -S  Four_Quad_DC_Motor_Driver_Firmware.elf  > "Four_Quad_DC_Motor_Driver_Firmware.list"
   text	   data	    bss	    dec	    hex	filename
  17008	     24	   2304	  19336	   4b88	Four_Quad_DC_Motor_Driver_Firmware.elf
Finished building: default.size.stdout
 
Finished building: Four_Quad_DC_Motor_Driver_Firmware.list
 
15:44:07 **** Incremental Build of configuration Debug for project Four_Quad_DC_Motor_Driver_Firmware ****
make -j16 all 
arm-none-eabi-gcc "../Core/Src/main.c" -mcpu=cortex-m3 -std=gnu11 -g3 -DDEBUG -DUSE_HAL_DRIVER -DSTM32F103xB -c -I../Core/Inc -I../Drivers/STM32F1xx_HAL_Driver/Inc/Legacy -I../Drivers/STM32F1xx_HAL_Driver/Inc -I../Drivers/CMSIS/Device/ST/STM32F1xx/Include -I../Drivers/CMSIS/Include -O0 -ffunction-sections -fdata-sections -Wall -fstack-usage -MMD -MP -MF"Core/Src/main.d" -MT"Core/Src/main.o" --specs=nano.specs -mfloat-abi=soft -mthumb -o "Core/Src/main.o"
arm-none-eabi-gcc -o "Four_Quad_DC_Motor_Driver_Firmware.elf" @"objects.list"   -mcpu=cortex-m3 -T"C:\Users\Pineapple\Desktop\damn_okul\EE463\TermProject\EE463-HardwareProject\3-Firmware\Four_Quad_DC_Motor_Driver_Firmware\STM32F103C8TX_FLASH.ld" --specs=nosys.specs -Wl,-Map="Four_Quad_DC_Motor_Driver_Firmware.map" -Wl,--gc-sections -static --specs=nano.specs -mfloat-abi=soft -mthumb -Wl,--start-group -lc -lm -Wl,--end-group
Finished building target: Four_Quad_DC_Motor_Driver_Firmware.elf
 
arm-none-eabi-size   Four_Quad_DC_Motor_Driver_Firmware.elf 
arm-none-eabi-objdump -h -S  Four_Quad_DC_Motor_Driver_Firmware.elf  > "Four_Quad_DC_Motor_Driver_Firmware.list"
   text	   data	    bss	    dec	    hex	filename
  17008	     24	   2304	  19336	   4b88	Four_Quad_DC_Motor_Driver_Firmware.elf
Finished building: default.size.stdout
 
Finished building: Four_Quad_DC_Motor_Driver_Firmware.list
 
16:56:43 **** Incremental Build of configuration Debug for project Four_Quad_DC_Motor_Driver_Firmware ****
make -j16 all 
arm-none-eabi-gcc "../Core/Src/stm32f1xx_it.c" -mcpu=cortex-m3 -std=gnu11 -g3 -DDEBUG -DUSE_HAL_DRIVER -DSTM32F103xB -c -I../Core/Inc -I../Drivers/STM32F1xx_HAL_Driver/Inc/Legacy -I../Drivers/STM32F1xx_HAL_Driver/Inc -I../Drivers/CMSIS/Device/ST/STM32F1xx/Include -I../Drivers/CMSIS/Include -O0 -ffunction-sections -fdata-sections -Wall -fstack-usage -MMD -MP -MF"Core/Src/stm32f1xx_it.d" -MT"Core/Src/stm32f1xx_it.o" --specs=nano.specs -mfloat-abi=soft -mthumb -o "Core/Src/stm32f1xx_it.o"
arm-none-eabi-gcc -o "Four_Quad_DC_Motor_Driver_Firmware.elf" @"objects.list"   -mcpu=cortex-m3 -T"C:\Users\Pineapple\Desktop\damn_okul\EE463\TermProject\EE463-HardwareProject\3-Firmware\Four_Quad_DC_Motor_Driver_Firmware\STM32F103C8TX_FLASH.ld" --specs=nosys.specs -Wl,-Map="Four_Quad_DC_Motor_Driver_Firmware.map" -Wl,--gc-sections -static --specs=nano.specs -mfloat-abi=soft -mthumb -Wl,--start-group -lc -lm -Wl,--end-group
Finished building target: Four_Quad_DC_Motor_Driver_Firmware.elf
 
arm-none-eabi-size   Four_Quad_DC_Motor_Driver_Firmware.elf 
arm-none-eabi-objdump -h -S  Four_Quad_DC_Motor_Driver_Firmware.elf  > "Four_Quad_DC_Motor_Driver_Firmware.list"
   text	   data	    bss	    dec	    hex	filename
  17016	     24	   2304	  19344	   4b90	Four_Quad_DC_Motor_Driver_Firmware.elf
Finished building: default.size.stdout
 
Finished building: Four_Quad_DC_Motor_Driver_Firmware.list
 
17:01:12 **** Incremental Build of configuration Debug for project Four_Quad_DC_Motor_Driver_Firmware ****
make -j16 all 
arm-none-eabi-gcc "../Core/Src/stm32f1xx_it.c" -mcpu=cortex-m3 -std=gnu11 -g3 -DDEBUG -DUSE_HAL_DRIVER -DSTM32F103xB -c -I../Core/Inc -I../Drivers/STM32F1xx_HAL_Driver/Inc/Legacy -I../Drivers/STM32F1xx_HAL_Driver/Inc -I../Drivers/CMSIS/Device/ST/STM32F1xx/Include -I../Drivers/CMSIS/Include -O0 -ffunction-sections -fdata-sections -Wall -fstack-usage -MMD -MP -MF"Core/Src/stm32f1xx_it.d" -MT"Core/Src/stm32f1xx_it.o" --specs=nano.specs -mfloat-abi=soft -mthumb -o "Core/Src/stm32f1xx_it.o"
arm-none-eabi-gcc -o "Four_Quad_DC_Motor_Driver_Firmware.elf" @"objects.list"   -mcpu=cortex-m3 -T"C:\Users\Pineapple\Desktop\damn_okul\EE463\TermProject\EE463-HardwareProject\3-Firmware\Four_Quad_DC_Motor_Driver_Firmware\STM32F103C8TX_FLASH.ld" --specs=nosys.specs -Wl,-Map="Four_Quad_DC_Motor_Driver_Firmware.map" -Wl,--gc-sections -static --specs=nano.specs -mfloat-abi=soft -mthumb -Wl,--start-group -lc -lm -Wl,--end-group
Finished building target: Four_Quad_DC_Motor_Driver_Firmware.elf
 
arm-none-eabi-size   Four_Quad_DC_Motor_Driver_Firmware.elf 
arm-none-eabi-objdump -h -S  Four_Quad_DC_Motor_Driver_Firmware.elf  > "Four_Quad_DC_Motor_Driver_Firmware.list"
   text	   data	    bss	    dec	    hex	filename
  17032	     24	   2304	  19360	   4ba0	Four_Quad_DC_Motor_Driver_Firmware.elf
Finished building: default.size.stdout
 
Finished building: Four_Quad_DC_Motor_Driver_Firmware.list
 
17:04:51 **** Incremental Build of configuration Debug for project Four_Quad_DC_Motor_Driver_Firmware ****
make -j16 all 
arm-none-eabi-gcc "../Core/Src/stm32f1xx_it.c" -mcpu=cortex-m3 -std=gnu11 -g3 -DDEBUG -DUSE_HAL_DRIVER -DSTM32F103xB -c -I../Core/Inc -I../Drivers/STM32F1xx_HAL_Driver/Inc/Legacy -I../Drivers/STM32F1xx_HAL_Driver/Inc -I../Drivers/CMSIS/Device/ST/STM32F1xx/Include -I../Drivers/CMSIS/Include -O0 -ffunction-sections -fdata-sections -Wall -fstack-usage -MMD -MP -MF"Core/Src/stm32f1xx_it.d" -MT"Core/Src/stm32f1xx_it.o" --specs=nano.specs -mfloat-abi=soft -mthumb -o "Core/Src/stm32f1xx_it.o"
arm-none-eabi-gcc -o "Four_Quad_DC_Motor_Driver_Firmware.elf" @"objects.list"   -mcpu=cortex-m3 -T"C:\Users\Pineapple\Desktop\damn_okul\EE463\TermProject\EE463-HardwareProject\3-Firmware\Four_Quad_DC_Motor_Driver_Firmware\STM32F103C8TX_FLASH.ld" --specs=nosys.specs -Wl,-Map="Four_Quad_DC_Motor_Driver_Firmware.map" -Wl,--gc-sections -static --specs=nano.specs -mfloat-abi=soft -mthumb -Wl,--start-group -lc -lm -Wl,--end-group
Finished building target: Four_Quad_DC_Motor_Driver_Firmware.elf
 
arm-none-eabi-size   Four_Quad_DC_Motor_Driver_Firmware.elf 
arm-none-eabi-objdump -h -S  Four_Quad_DC_Motor_Driver_Firmware.elf  > "Four_Quad_DC_Motor_Driver_Firmware.list"
   text	   data	    bss	    dec	    hex	filename
  17020	     24	   2304	  19348	   4b94	Four_Quad_DC_Motor_Driver_Firmware.elf
Finished building: default.size.stdout
 
Finished building: Four_Quad_DC_Motor_Driver_Firmware.list
 
17:07:24 **** Incremental Build of configuration Debug for project Four_Quad_DC_Motor_Driver_Firmware ****
make -j16 all 
arm-none-eabi-gcc "../Core/Src/stm32f1xx_it.c" -mcpu=cortex-m3 -std=gnu11 -g3 -DDEBUG -DUSE_HAL_DRIVER -DSTM32F103xB -c -I../Core/Inc -I../Drivers/STM32F1xx_HAL_Driver/Inc/Legacy -I../Drivers/STM32F1xx_HAL_Driver/Inc -I../Drivers/CMSIS/Device/ST/STM32F1xx/Include -I../Drivers/CMSIS/Include -O0 -ffunction-sections -fdata-sections -Wall -fstack-usage -MMD -MP -MF"Core/Src/stm32f1xx_it.d" -MT"Core/Src/stm32f1xx_it.o" --specs=nano.specs -mfloat-abi=soft -mthumb -o "Core/Src/stm32f1xx_it.o"
arm-none-eabi-gcc -o "Four_Quad_DC_Motor_Driver_Firmware.elf" @"objects.list"   -mcpu=cortex-m3 -T"C:\Users\Pineapple\Desktop\damn_okul\EE463\TermProject\EE463-HardwareProject\3-Firmware\Four_Quad_DC_Motor_Driver_Firmware\STM32F103C8TX_FLASH.ld" --specs=nosys.specs -Wl,-Map="Four_Quad_DC_Motor_Driver_Firmware.map" -Wl,--gc-sections -static --specs=nano.specs -mfloat-abi=soft -mthumb -Wl,--start-group -lc -lm -Wl,--end-group
Finished building target: Four_Quad_DC_Motor_Driver_Firmware.elf
 
arm-none-eabi-size   Four_Quad_DC_Motor_Driver_Firmware.elf 
arm-none-eabi-objdump -h -S  Four_Quad_DC_Motor_Driver_Firmware.elf  > "Four_Quad_DC_Motor_Driver_Firmware.list"
   text	   data	    bss	    dec	    hex	filename
  17016	     24	   2304	  19344	   4b90	Four_Quad_DC_Motor_Driver_Firmware.elf
Finished building: default.size.stdout
 
Finished building: Four_Quad_DC_Motor_Driver_Firmware.list
 
17:07:43 **** Incremental Build of configuration Debug for project Four_Quad_DC_Motor_Driver_Firmware ****
make -j16 all 
arm-none-eabi-size   Four_Quad_DC_Motor_Driver_Firmware.elf 
   text	   data	    bss	    dec	    hex	filename
  17016	     24	   2304	  19344	   4b90	Four_Quad_DC_Motor_Driver_Firmware.elf
Finished building: default.size.stdout
 
17:08:00 **** Incremental Build of configuration Debug for project Four_Quad_DC_Motor_Driver_Firmware ****
make -j16 all 
arm-none-eabi-size   Four_Quad_DC_Motor_Driver_Firmware.elf 
   text	   data	    bss	    dec	    hex	filename
  17016	     24	   2304	  19344	   4b90	Four_Quad_DC_Motor_Driver_Firmware.elf
Finished building: default.size.stdout
 
17:09:44 **** Incremental Build of configuration Debug for project Four_Quad_DC_Motor_Driver_Firmware ****
make -j16 all 
arm-none-eabi-gcc "../Core/Src/stm32f1xx_it.c" -mcpu=cortex-m3 -std=gnu11 -g3 -DDEBUG -DUSE_HAL_DRIVER -DSTM32F103xB -c -I../Core/Inc -I../Drivers/STM32F1xx_HAL_Driver/Inc/Legacy -I../Drivers/STM32F1xx_HAL_Driver/Inc -I../Drivers/CMSIS/Device/ST/STM32F1xx/Include -I../Drivers/CMSIS/Include -O0 -ffunction-sections -fdata-sections -Wall -fstack-usage -MMD -MP -MF"Core/Src/stm32f1xx_it.d" -MT"Core/Src/stm32f1xx_it.o" --specs=nano.specs -mfloat-abi=soft -mthumb -o "Core/Src/stm32f1xx_it.o"
arm-none-eabi-gcc -o "Four_Quad_DC_Motor_Driver_Firmware.elf" @"objects.list"   -mcpu=cortex-m3 -T"C:\Users\Pineapple\Desktop\damn_okul\EE463\TermProject\EE463-HardwareProject\3-Firmware\Four_Quad_DC_Motor_Driver_Firmware\STM32F103C8TX_FLASH.ld" --specs=nosys.specs -Wl,-Map="Four_Quad_DC_Motor_Driver_Firmware.map" -Wl,--gc-sections -static --specs=nano.specs -mfloat-abi=soft -mthumb -Wl,--start-group -lc -lm -Wl,--end-group
Finished building target: Four_Quad_DC_Motor_Driver_Firmware.elf
 
arm-none-eabi-size   Four_Quad_DC_Motor_Driver_Firmware.elf 
arm-none-eabi-objdump -h -S  Four_Quad_DC_Motor_Driver_Firmware.elf  > "Four_Quad_DC_Motor_Driver_Firmware.list"
   text	   data	    bss	    dec	    hex	filename
  17020	     24	   2304	  19348	   4b94	Four_Quad_DC_Motor_Driver_Firmware.elf
Finished building: default.size.stdout
 
Finished building: Four_Quad_DC_Motor_Driver_Firmware.list
 
17:12:42 **** Incremental Build of configuration Debug for project Four_Quad_DC_Motor_Driver_Firmware ****
make -j16 all 
arm-none-eabi-gcc "../Core/Src/stm32f1xx_it.c" -mcpu=cortex-m3 -std=gnu11 -g3 -DDEBUG -DUSE_HAL_DRIVER -DSTM32F103xB -c -I../Core/Inc -I../Drivers/STM32F1xx_HAL_Driver/Inc/Legacy -I../Drivers/STM32F1xx_HAL_Driver/Inc -I../Drivers/CMSIS/Device/ST/STM32F1xx/Include -I../Drivers/CMSIS/Include -O0 -ffunction-sections -fdata-sections -Wall -fstack-usage -MMD -MP -MF"Core/Src/stm32f1xx_it.d" -MT"Core/Src/stm32f1xx_it.o" --specs=nano.specs -mfloat-abi=soft -mthumb -o "Core/Src/stm32f1xx_it.o"
arm-none-eabi-gcc -o "Four_Quad_DC_Motor_Driver_Firmware.elf" @"objects.list"   -mcpu=cortex-m3 -T"C:\Users\Pineapple\Desktop\damn_okul\EE463\TermProject\EE463-HardwareProject\3-Firmware\Four_Quad_DC_Motor_Driver_Firmware\STM32F103C8TX_FLASH.ld" --specs=nosys.specs -Wl,-Map="Four_Quad_DC_Motor_Driver_Firmware.map" -Wl,--gc-sections -static --specs=nano.specs -mfloat-abi=soft -mthumb -Wl,--start-group -lc -lm -Wl,--end-group
Finished building target: Four_Quad_DC_Motor_Driver_Firmware.elf
 
arm-none-eabi-size   Four_Quad_DC_Motor_Driver_Firmware.elf 
arm-none-eabi-objdump -h -S  Four_Quad_DC_Motor_Driver_Firmware.elf  > "Four_Quad_DC_Motor_Driver_Firmware.list"
   text	   data	    bss	    dec	    hex	filename
  17016	     24	   2304	  19344	   4b90	Four_Quad_DC_Motor_Driver_Firmware.elf
Finished building: default.size.stdout
 
Finished building: Four_Quad_DC_Motor_Driver_Firmware.list
 
17:15:44 **** Incremental Build of configuration Debug for project Four_Quad_DC_Motor_Driver_Firmware ****
make -j16 all 
arm-none-eabi-gcc "../Core/Src/stm32f1xx_it.c" -mcpu=cortex-m3 -std=gnu11 -g3 -DDEBUG -DUSE_HAL_DRIVER -DSTM32F103xB -c -I../Core/Inc -I../Drivers/STM32F1xx_HAL_Driver/Inc/Legacy -I../Drivers/STM32F1xx_HAL_Driver/Inc -I../Drivers/CMSIS/Device/ST/STM32F1xx/Include -I../Drivers/CMSIS/Include -O0 -ffunction-sections -fdata-sections -Wall -fstack-usage -MMD -MP -MF"Core/Src/stm32f1xx_it.d" -MT"Core/Src/stm32f1xx_it.o" --specs=nano.specs -mfloat-abi=soft -mthumb -o "Core/Src/stm32f1xx_it.o"
arm-none-eabi-gcc -o "Four_Quad_DC_Motor_Driver_Firmware.elf" @"objects.list"   -mcpu=cortex-m3 -T"C:\Users\Pineapple\Desktop\damn_okul\EE463\TermProject\EE463-HardwareProject\3-Firmware\Four_Quad_DC_Motor_Driver_Firmware\STM32F103C8TX_FLASH.ld" --specs=nosys.specs -Wl,-Map="Four_Quad_DC_Motor_Driver_Firmware.map" -Wl,--gc-sections -static --specs=nano.specs -mfloat-abi=soft -mthumb -Wl,--start-group -lc -lm -Wl,--end-group
Finished building target: Four_Quad_DC_Motor_Driver_Firmware.elf
 
arm-none-eabi-size   Four_Quad_DC_Motor_Driver_Firmware.elf 
arm-none-eabi-objdump -h -S  Four_Quad_DC_Motor_Driver_Firmware.elf  > "Four_Quad_DC_Motor_Driver_Firmware.list"
   text	   data	    bss	    dec	    hex	filename
  17032	     24	   2304	  19360	   4ba0	Four_Quad_DC_Motor_Driver_Firmware.elf
Finished building: default.size.stdout
 
Finished building: Four_Quad_DC_Motor_Driver_Firmware.list
 
17:16:11 **** Incremental Build of configuration Debug for project Four_Quad_DC_Motor_Driver_Firmware ****
make -j16 all 
arm-none-eabi-size   Four_Quad_DC_Motor_Driver_Firmware.elf 
   text	   data	    bss	    dec	    hex	filename
  17032	     24	   2304	  19360	   4ba0	Four_Quad_DC_Motor_Driver_Firmware.elf
Finished building: default.size.stdout
 
17:16:30 **** Incremental Build of configuration Debug for project Four_Quad_DC_Motor_Driver_Firmware ****
make -j16 all 
arm-none-eabi-size   Four_Quad_DC_Motor_Driver_Firmware.elf 
   text	   data	    bss	    dec	    hex	filename
  17032	     24	   2304	  19360	   4ba0	Four_Quad_DC_Motor_Driver_Firmware.elf
Finished building: default.size.stdout
 
17:18:05 **** Incremental Build of configuration Debug for project Four_Quad_DC_Motor_Driver_Firmware ****
make -j16 all 
arm-none-eabi-gcc "../Core/Src/stm32f1xx_it.c" -mcpu=cortex-m3 -std=gnu11 -g3 -DDEBUG -DUSE_HAL_DRIVER -DSTM32F103xB -c -I../Core/Inc -I../Drivers/STM32F1xx_HAL_Driver/Inc/Legacy -I../Drivers/STM32F1xx_HAL_Driver/Inc -I../Drivers/CMSIS/Device/ST/STM32F1xx/Include -I../Drivers/CMSIS/Include -O0 -ffunction-sections -fdata-sections -Wall -fstack-usage -MMD -MP -MF"Core/Src/stm32f1xx_it.d" -MT"Core/Src/stm32f1xx_it.o" --specs=nano.specs -mfloat-abi=soft -mthumb -o "Core/Src/stm32f1xx_it.o"
arm-none-eabi-gcc -o "Four_Quad_DC_Motor_Driver_Firmware.elf" @"objects.list"   -mcpu=cortex-m3 -T"C:\Users\Pineapple\Desktop\damn_okul\EE463\TermProject\EE463-HardwareProject\3-Firmware\Four_Quad_DC_Motor_Driver_Firmware\STM32F103C8TX_FLASH.ld" --specs=nosys.specs -Wl,-Map="Four_Quad_DC_Motor_Driver_Firmware.map" -Wl,--gc-sections -static --specs=nano.specs -mfloat-abi=soft -mthumb -Wl,--start-group -lc -lm -Wl,--end-group
Finished building target: Four_Quad_DC_Motor_Driver_Firmware.elf
 
arm-none-eabi-size   Four_Quad_DC_Motor_Driver_Firmware.elf 
arm-none-eabi-objdump -h -S  Four_Quad_DC_Motor_Driver_Firmware.elf  > "Four_Quad_DC_Motor_Driver_Firmware.list"
   text	   data	    bss	    dec	    hex	filename
  17020	     24	   2304	  19348	   4b94	Four_Quad_DC_Motor_Driver_Firmware.elf
Finished building: default.size.stdout
 
Finished building: Four_Quad_DC_Motor_Driver_Firmware.list
 
17:19:21 **** Incremental Build of configuration Debug for project Four_Quad_DC_Motor_Driver_Firmware ****
make -j16 all 
arm-none-eabi-gcc "../Core/Src/stm32f1xx_it.c" -mcpu=cortex-m3 -std=gnu11 -g3 -DDEBUG -DUSE_HAL_DRIVER -DSTM32F103xB -c -I../Core/Inc -I../Drivers/STM32F1xx_HAL_Driver/Inc/Legacy -I../Drivers/STM32F1xx_HAL_Driver/Inc -I../Drivers/CMSIS/Device/ST/STM32F1xx/Include -I../Drivers/CMSIS/Include -O0 -ffunction-sections -fdata-sections -Wall -fstack-usage -MMD -MP -MF"Core/Src/stm32f1xx_it.d" -MT"Core/Src/stm32f1xx_it.o" --specs=nano.specs -mfloat-abi=soft -mthumb -o "Core/Src/stm32f1xx_it.o"
arm-none-eabi-gcc -o "Four_Quad_DC_Motor_Driver_Firmware.elf" @"objects.list"   -mcpu=cortex-m3 -T"C:\Users\Pineapple\Desktop\damn_okul\EE463\TermProject\EE463-HardwareProject\3-Firmware\Four_Quad_DC_Motor_Driver_Firmware\STM32F103C8TX_FLASH.ld" --specs=nosys.specs -Wl,-Map="Four_Quad_DC_Motor_Driver_Firmware.map" -Wl,--gc-sections -static --specs=nano.specs -mfloat-abi=soft -mthumb -Wl,--start-group -lc -lm -Wl,--end-group
Finished building target: Four_Quad_DC_Motor_Driver_Firmware.elf
 
arm-none-eabi-size   Four_Quad_DC_Motor_Driver_Firmware.elf 
arm-none-eabi-objdump -h -S  Four_Quad_DC_Motor_Driver_Firmware.elf  > "Four_Quad_DC_Motor_Driver_Firmware.list"
   text	   data	    bss	    dec	    hex	filename
  17024	     24	   2304	  19352	   4b98	Four_Quad_DC_Motor_Driver_Firmware.elf
Finished building: default.size.stdout
 
Finished building: Four_Quad_DC_Motor_Driver_Firmware.list
 
17:20:51 **** Incremental Build of configuration Debug for project Four_Quad_DC_Motor_Driver_Firmware ****
make -j16 all 
arm-none-eabi-gcc "../Core/Src/stm32f1xx_it.c" -mcpu=cortex-m3 -std=gnu11 -g3 -DDEBUG -DUSE_HAL_DRIVER -DSTM32F103xB -c -I../Core/Inc -I../Drivers/STM32F1xx_HAL_Driver/Inc/Legacy -I../Drivers/STM32F1xx_HAL_Driver/Inc -I../Drivers/CMSIS/Device/ST/STM32F1xx/Include -I../Drivers/CMSIS/Include -O0 -ffunction-sections -fdata-sections -Wall -fstack-usage -MMD -MP -MF"Core/Src/stm32f1xx_it.d" -MT"Core/Src/stm32f1xx_it.o" --specs=nano.specs -mfloat-abi=soft -mthumb -o "Core/Src/stm32f1xx_it.o"
arm-none-eabi-gcc -o "Four_Quad_DC_Motor_Driver_Firmware.elf" @"objects.list"   -mcpu=cortex-m3 -T"C:\Users\Pineapple\Desktop\damn_okul\EE463\TermProject\EE463-HardwareProject\3-Firmware\Four_Quad_DC_Motor_Driver_Firmware\STM32F103C8TX_FLASH.ld" --specs=nosys.specs -Wl,-Map="Four_Quad_DC_Motor_Driver_Firmware.map" -Wl,--gc-sections -static --specs=nano.specs -mfloat-abi=soft -mthumb -Wl,--start-group -lc -lm -Wl,--end-group
Finished building target: Four_Quad_DC_Motor_Driver_Firmware.elf
 
arm-none-eabi-size   Four_Quad_DC_Motor_Driver_Firmware.elf 
arm-none-eabi-objdump -h -S  Four_Quad_DC_Motor_Driver_Firmware.elf  > "Four_Quad_DC_Motor_Driver_Firmware.list"
   text	   data	    bss	    dec	    hex	filename
  17024	     24	   2304	  19352	   4b98	Four_Quad_DC_Motor_Driver_Firmware.elf
Finished building: default.size.stdout
 
Finished building: Four_Quad_DC_Motor_Driver_Firmware.list
 
17:23:14 **** Incremental Build of configuration Debug for project Four_Quad_DC_Motor_Driver_Firmware ****
make -j16 all 
arm-none-eabi-gcc "../Core/Src/stm32f1xx_it.c" -mcpu=cortex-m3 -std=gnu11 -g3 -DDEBUG -DUSE_HAL_DRIVER -DSTM32F103xB -c -I../Core/Inc -I../Drivers/STM32F1xx_HAL_Driver/Inc/Legacy -I../Drivers/STM32F1xx_HAL_Driver/Inc -I../Drivers/CMSIS/Device/ST/STM32F1xx/Include -I../Drivers/CMSIS/Include -O0 -ffunction-sections -fdata-sections -Wall -fstack-usage -MMD -MP -MF"Core/Src/stm32f1xx_it.d" -MT"Core/Src/stm32f1xx_it.o" --specs=nano.specs -mfloat-abi=soft -mthumb -o "Core/Src/stm32f1xx_it.o"
arm-none-eabi-gcc -o "Four_Quad_DC_Motor_Driver_Firmware.elf" @"objects.list"   -mcpu=cortex-m3 -T"C:\Users\Pineapple\Desktop\damn_okul\EE463\TermProject\EE463-HardwareProject\3-Firmware\Four_Quad_DC_Motor_Driver_Firmware\STM32F103C8TX_FLASH.ld" --specs=nosys.specs -Wl,-Map="Four_Quad_DC_Motor_Driver_Firmware.map" -Wl,--gc-sections -static --specs=nano.specs -mfloat-abi=soft -mthumb -Wl,--start-group -lc -lm -Wl,--end-group
Finished building target: Four_Quad_DC_Motor_Driver_Firmware.elf
 
arm-none-eabi-size   Four_Quad_DC_Motor_Driver_Firmware.elf 
arm-none-eabi-objdump -h -S  Four_Quad_DC_Motor_Driver_Firmware.elf  > "Four_Quad_DC_Motor_Driver_Firmware.list"
   text	   data	    bss	    dec	    hex	filename
  17036	     24	   2304	  19364	   4ba4	Four_Quad_DC_Motor_Driver_Firmware.elf
Finished building: default.size.stdout
 
Finished building: Four_Quad_DC_Motor_Driver_Firmware.list
 
17:25:02 **** Incremental Build of configuration Debug for project Four_Quad_DC_Motor_Driver_Firmware ****
make -j16 all 
arm-none-eabi-gcc "../Core/Src/stm32f1xx_it.c" -mcpu=cortex-m3 -std=gnu11 -g3 -DDEBUG -DUSE_HAL_DRIVER -DSTM32F103xB -c -I../Core/Inc -I../Drivers/STM32F1xx_HAL_Driver/Inc/Legacy -I../Drivers/STM32F1xx_HAL_Driver/Inc -I../Drivers/CMSIS/Device/ST/STM32F1xx/Include -I../Drivers/CMSIS/Include -O0 -ffunction-sections -fdata-sections -Wall -fstack-usage -MMD -MP -MF"Core/Src/stm32f1xx_it.d" -MT"Core/Src/stm32f1xx_it.o" --specs=nano.specs -mfloat-abi=soft -mthumb -o "Core/Src/stm32f1xx_it.o"
arm-none-eabi-gcc -o "Four_Quad_DC_Motor_Driver_Firmware.elf" @"objects.list"   -mcpu=cortex-m3 -T"C:\Users\Pineapple\Desktop\damn_okul\EE463\TermProject\EE463-HardwareProject\3-Firmware\Four_Quad_DC_Motor_Driver_Firmware\STM32F103C8TX_FLASH.ld" --specs=nosys.specs -Wl,-Map="Four_Quad_DC_Motor_Driver_Firmware.map" -Wl,--gc-sections -static --specs=nano.specs -mfloat-abi=soft -mthumb -Wl,--start-group -lc -lm -Wl,--end-group
Finished building target: Four_Quad_DC_Motor_Driver_Firmware.elf
 
arm-none-eabi-size   Four_Quad_DC_Motor_Driver_Firmware.elf 
arm-none-eabi-objdump -h -S  Four_Quad_DC_Motor_Driver_Firmware.elf  > "Four_Quad_DC_Motor_Driver_Firmware.list"
   text	   data	    bss	    dec	    hex	filename
  17020	     24	   2304	  19348	   4b94	Four_Quad_DC_Motor_Driver_Firmware.elf
Finished building: default.size.stdout
 
Finished building: Four_Quad_DC_Motor_Driver_Firmware.list
 
17:27:23 **** Incremental Build of configuration Debug for project Four_Quad_DC_Motor_Driver_Firmware ****
make -j16 all 
arm-none-eabi-gcc "../Core/Src/stm32f1xx_it.c" -mcpu=cortex-m3 -std=gnu11 -g3 -DDEBUG -DUSE_HAL_DRIVER -DSTM32F103xB -c -I../Core/Inc -I../Drivers/STM32F1xx_HAL_Driver/Inc/Legacy -I../Drivers/STM32F1xx_HAL_Driver/Inc -I../Drivers/CMSIS/Device/ST/STM32F1xx/Include -I../Drivers/CMSIS/Include -O0 -ffunction-sections -fdata-sections -Wall -fstack-usage -MMD -MP -MF"Core/Src/stm32f1xx_it.d" -MT"Core/Src/stm32f1xx_it.o" --specs=nano.specs -mfloat-abi=soft -mthumb -o "Core/Src/stm32f1xx_it.o"
arm-none-eabi-gcc -o "Four_Quad_DC_Motor_Driver_Firmware.elf" @"objects.list"   -mcpu=cortex-m3 -T"C:\Users\Pineapple\Desktop\damn_okul\EE463\TermProject\EE463-HardwareProject\3-Firmware\Four_Quad_DC_Motor_Driver_Firmware\STM32F103C8TX_FLASH.ld" --specs=nosys.specs -Wl,-Map="Four_Quad_DC_Motor_Driver_Firmware.map" -Wl,--gc-sections -static --specs=nano.specs -mfloat-abi=soft -mthumb -Wl,--start-group -lc -lm -Wl,--end-group
Finished building target: Four_Quad_DC_Motor_Driver_Firmware.elf
 
arm-none-eabi-size   Four_Quad_DC_Motor_Driver_Firmware.elf 
arm-none-eabi-objdump -h -S  Four_Quad_DC_Motor_Driver_Firmware.elf  > "Four_Quad_DC_Motor_Driver_Firmware.list"
   text	   data	    bss	    dec	    hex	filename
  17024	     24	   2304	  19352	   4b98	Four_Quad_DC_Motor_Driver_Firmware.elf
Finished building: default.size.stdout
 
Finished building: Four_Quad_DC_Motor_Driver_Firmware.list
 
17:29:39 **** Incremental Build of configuration Debug for project Four_Quad_DC_Motor_Driver_Firmware ****
make -j16 all 
arm-none-eabi-gcc "../Core/Src/stm32f1xx_it.c" -mcpu=cortex-m3 -std=gnu11 -g3 -DDEBUG -DUSE_HAL_DRIVER -DSTM32F103xB -c -I../Core/Inc -I../Drivers/STM32F1xx_HAL_Driver/Inc/Legacy -I../Drivers/STM32F1xx_HAL_Driver/Inc -I../Drivers/CMSIS/Device/ST/STM32F1xx/Include -I../Drivers/CMSIS/Include -O0 -ffunction-sections -fdata-sections -Wall -fstack-usage -MMD -MP -MF"Core/Src/stm32f1xx_it.d" -MT"Core/Src/stm32f1xx_it.o" --specs=nano.specs -mfloat-abi=soft -mthumb -o "Core/Src/stm32f1xx_it.o"
arm-none-eabi-gcc -o "Four_Quad_DC_Motor_Driver_Firmware.elf" @"objects.list"   -mcpu=cortex-m3 -T"C:\Users\Pineapple\Desktop\damn_okul\EE463\TermProject\EE463-HardwareProject\3-Firmware\Four_Quad_DC_Motor_Driver_Firmware\STM32F103C8TX_FLASH.ld" --specs=nosys.specs -Wl,-Map="Four_Quad_DC_Motor_Driver_Firmware.map" -Wl,--gc-sections -static --specs=nano.specs -mfloat-abi=soft -mthumb -Wl,--start-group -lc -lm -Wl,--end-group
Finished building target: Four_Quad_DC_Motor_Driver_Firmware.elf
 
arm-none-eabi-size   Four_Quad_DC_Motor_Driver_Firmware.elf 
arm-none-eabi-objdump -h -S  Four_Quad_DC_Motor_Driver_Firmware.elf  > "Four_Quad_DC_Motor_Driver_Firmware.list"
   text	   data	    bss	    dec	    hex	filename
  17024	     24	   2304	  19352	   4b98	Four_Quad_DC_Motor_Driver_Firmware.elf
Finished building: default.size.stdout
 
Finished building: Four_Quad_DC_Motor_Driver_Firmware.list
 
16:33:07 **** Incremental Build of configuration Debug for project Four_Quad_DC_Motor_Driver_Firmware ****
make -j16 all 
arm-none-eabi-gcc "../Core/Src/main.c" -mcpu=cortex-m3 -std=gnu11 -g3 -DDEBUG -DUSE_HAL_DRIVER -DSTM32F103xB -c -I../Core/Inc -I../Drivers/STM32F1xx_HAL_Driver/Inc/Legacy -I../Drivers/STM32F1xx_HAL_Driver/Inc -I../Drivers/CMSIS/Device/ST/STM32F1xx/Include -I../Drivers/CMSIS/Include -O0 -ffunction-sections -fdata-sections -Wall -fstack-usage -MMD -MP -MF"Core/Src/main.d" -MT"Core/Src/main.o" --specs=nano.specs -mfloat-abi=soft -mthumb -o "Core/Src/main.o"
arm-none-eabi-gcc -o "Four_Quad_DC_Motor_Driver_Firmware.elf" @"objects.list"   -mcpu=cortex-m3 -T"C:\Users\Pineapple\Desktop\damn_okul\EE463\TermProject\EE463-HardwareProject\3-Firmware\Four_Quad_DC_Motor_Driver_Firmware\STM32F103C8TX_FLASH.ld" --specs=nosys.specs -Wl,-Map="Four_Quad_DC_Motor_Driver_Firmware.map" -Wl,--gc-sections -static --specs=nano.specs -mfloat-abi=soft -mthumb -Wl,--start-group -lc -lm -Wl,--end-group
Finished building target: Four_Quad_DC_Motor_Driver_Firmware.elf
 
arm-none-eabi-size   Four_Quad_DC_Motor_Driver_Firmware.elf 
arm-none-eabi-objdump -h -S  Four_Quad_DC_Motor_Driver_Firmware.elf  > "Four_Quad_DC_Motor_Driver_Firmware.list"
   text	   data	    bss	    dec	    hex	filename
  17016	     24	   2304	  19344	   4b90	Four_Quad_DC_Motor_Driver_Firmware.elf
Finished building: default.size.stdout
 
Finished building: Four_Quad_DC_Motor_Driver_Firmware.list
 
16:53:35 **** Incremental Build of configuration Debug for project Four_Quad_DC_Motor_Driver_Firmware ****
make -j16 all 
arm-none-eabi-gcc "../Core/Src/main.c" -mcpu=cortex-m3 -std=gnu11 -g3 -DDEBUG -DUSE_HAL_DRIVER -DSTM32F103xB -c -I../Core/Inc -I../Drivers/STM32F1xx_HAL_Driver/Inc/Legacy -I../Drivers/STM32F1xx_HAL_Driver/Inc -I../Drivers/CMSIS/Device/ST/STM32F1xx/Include -I../Drivers/CMSIS/Include -O0 -ffunction-sections -fdata-sections -Wall -fstack-usage -MMD -MP -MF"Core/Src/main.d" -MT"Core/Src/main.o" --specs=nano.specs -mfloat-abi=soft -mthumb -o "Core/Src/main.o"
arm-none-eabi-gcc -o "Four_Quad_DC_Motor_Driver_Firmware.elf" @"objects.list"   -mcpu=cortex-m3 -T"C:\Users\Pineapple\Desktop\damn_okul\EE463\TermProject\EE463-HardwareProject\3-Firmware\Four_Quad_DC_Motor_Driver_Firmware\STM32F103C8TX_FLASH.ld" --specs=nosys.specs -Wl,-Map="Four_Quad_DC_Motor_Driver_Firmware.map" -Wl,--gc-sections -static --specs=nano.specs -mfloat-abi=soft -mthumb -Wl,--start-group -lc -lm -Wl,--end-group
Finished building target: Four_Quad_DC_Motor_Driver_Firmware.elf
 
arm-none-eabi-size   Four_Quad_DC_Motor_Driver_Firmware.elf 
arm-none-eabi-objdump -h -S  Four_Quad_DC_Motor_Driver_Firmware.elf  > "Four_Quad_DC_Motor_Driver_Firmware.list"
   text	   data	    bss	    dec	    hex	filename
  17016	     24	   2304	  19344	   4b90	Four_Quad_DC_Motor_Driver_Firmware.elf
Finished building: default.size.stdout
 
Finished building: Four_Quad_DC_Motor_Driver_Firmware.list
 
16:54:10 **** Incremental Build of configuration Debug for project Four_Quad_DC_Motor_Driver_Firmware ****
make -j16 all 
arm-none-eabi-size   Four_Quad_DC_Motor_Driver_Firmware.elf 
   text	   data	    bss	    dec	    hex	filename
  17016	     24	   2304	  19344	   4b90	Four_Quad_DC_Motor_Driver_Firmware.elf
Finished building: default.size.stdout
 
17:04:06 **** Incremental Build of configuration Debug for project Four_Quad_DC_Motor_Driver_Firmware ****
make -j16 all 
arm-none-eabi-gcc "../Core/Src/main.c" -mcpu=cortex-m3 -std=gnu11 -g3 -DDEBUG -DUSE_HAL_DRIVER -DSTM32F103xB -c -I../Core/Inc -I../Drivers/STM32F1xx_HAL_Driver/Inc/Legacy -I../Drivers/STM32F1xx_HAL_Driver/Inc -I../Drivers/CMSIS/Device/ST/STM32F1xx/Include -I../Drivers/CMSIS/Include -O0 -ffunction-sections -fdata-sections -Wall -fstack-usage -MMD -MP -MF"Core/Src/main.d" -MT"Core/Src/main.o" --specs=nano.specs -mfloat-abi=soft -mthumb -o "Core/Src/main.o"
arm-none-eabi-gcc -o "Four_Quad_DC_Motor_Driver_Firmware.elf" @"objects.list"   -mcpu=cortex-m3 -T"C:\Users\Pineapple\Desktop\damn_okul\EE463\TermProject\EE463-HardwareProject\3-Firmware\Four_Quad_DC_Motor_Driver_Firmware\STM32F103C8TX_FLASH.ld" --specs=nosys.specs -Wl,-Map="Four_Quad_DC_Motor_Driver_Firmware.map" -Wl,--gc-sections -static --specs=nano.specs -mfloat-abi=soft -mthumb -Wl,--start-group -lc -lm -Wl,--end-group
Finished building target: Four_Quad_DC_Motor_Driver_Firmware.elf
 
arm-none-eabi-size   Four_Quad_DC_Motor_Driver_Firmware.elf 
arm-none-eabi-objdump -h -S  Four_Quad_DC_Motor_Driver_Firmware.elf  > "Four_Quad_DC_Motor_Driver_Firmware.list"
   text	   data	    bss	    dec	    hex	filename
  17016	     24	   2304	  19344	   4b90	Four_Quad_DC_Motor_Driver_Firmware.elf
Finished building: default.size.stdout
 
Finished building: Four_Quad_DC_Motor_Driver_Firmware.list
 
17:09:26 **** Incremental Build of configuration Debug for project Four_Quad_DC_Motor_Driver_Firmware ****
make -j16 all 
arm-none-eabi-size   Four_Quad_DC_Motor_Driver_Firmware.elf 
   text	   data	    bss	    dec	    hex	filename
  17016	     24	   2304	  19344	   4b90	Four_Quad_DC_Motor_Driver_Firmware.elf
Finished building: default.size.stdout
 
17:19:23 **** Incremental Build of configuration Debug for project Four_Quad_DC_Motor_Driver_Firmware ****
make -j16 all 
arm-none-eabi-gcc "../Core/Src/main.c" -mcpu=cortex-m3 -std=gnu11 -g3 -DDEBUG -DUSE_HAL_DRIVER -DSTM32F103xB -c -I../Core/Inc -I../Drivers/STM32F1xx_HAL_Driver/Inc/Legacy -I../Drivers/STM32F1xx_HAL_Driver/Inc -I../Drivers/CMSIS/Device/ST/STM32F1xx/Include -I../Drivers/CMSIS/Include -O0 -ffunction-sections -fdata-sections -Wall -fstack-usage -MMD -MP -MF"Core/Src/main.d" -MT"Core/Src/main.o" --specs=nano.specs -mfloat-abi=soft -mthumb -o "Core/Src/main.o"
arm-none-eabi-gcc -o "Four_Quad_DC_Motor_Driver_Firmware.elf" @"objects.list"   -mcpu=cortex-m3 -T"C:\Users\Pineapple\Desktop\damn_okul\EE463\TermProject\EE463-HardwareProject\3-Firmware\Four_Quad_DC_Motor_Driver_Firmware\STM32F103C8TX_FLASH.ld" --specs=nosys.specs -Wl,-Map="Four_Quad_DC_Motor_Driver_Firmware.map" -Wl,--gc-sections -static --specs=nano.specs -mfloat-abi=soft -mthumb -Wl,--start-group -lc -lm -Wl,--end-group
Finished building target: Four_Quad_DC_Motor_Driver_Firmware.elf
 
arm-none-eabi-size   Four_Quad_DC_Motor_Driver_Firmware.elf 
arm-none-eabi-objdump -h -S  Four_Quad_DC_Motor_Driver_Firmware.elf  > "Four_Quad_DC_Motor_Driver_Firmware.list"
   text	   data	    bss	    dec	    hex	filename
  17016	     24	   2304	  19344	   4b90	Four_Quad_DC_Motor_Driver_Firmware.elf
Finished building: default.size.stdout
 
Finished building: Four_Quad_DC_Motor_Driver_Firmware.list
 
17:21:27 **** Incremental Build of configuration Debug for project Four_Quad_DC_Motor_Driver_Firmware ****
make -j16 all 
arm-none-eabi-gcc "../Core/Src/stm32f1xx_it.c" -mcpu=cortex-m3 -std=gnu11 -g3 -DDEBUG -DUSE_HAL_DRIVER -DSTM32F103xB -c -I../Core/Inc -I../Drivers/STM32F1xx_HAL_Driver/Inc/Legacy -I../Drivers/STM32F1xx_HAL_Driver/Inc -I../Drivers/CMSIS/Device/ST/STM32F1xx/Include -I../Drivers/CMSIS/Include -O0 -ffunction-sections -fdata-sections -Wall -fstack-usage -MMD -MP -MF"Core/Src/stm32f1xx_it.d" -MT"Core/Src/stm32f1xx_it.o" --specs=nano.specs -mfloat-abi=soft -mthumb -o "Core/Src/stm32f1xx_it.o"
arm-none-eabi-gcc -o "Four_Quad_DC_Motor_Driver_Firmware.elf" @"objects.list"   -mcpu=cortex-m3 -T"C:\Users\Pineapple\Desktop\damn_okul\EE463\TermProject\EE463-HardwareProject\3-Firmware\Four_Quad_DC_Motor_Driver_Firmware\STM32F103C8TX_FLASH.ld" --specs=nosys.specs -Wl,-Map="Four_Quad_DC_Motor_Driver_Firmware.map" -Wl,--gc-sections -static --specs=nano.specs -mfloat-abi=soft -mthumb -Wl,--start-group -lc -lm -Wl,--end-group
Finished building target: Four_Quad_DC_Motor_Driver_Firmware.elf
 
arm-none-eabi-size   Four_Quad_DC_Motor_Driver_Firmware.elf 
arm-none-eabi-objdump -h -S  Four_Quad_DC_Motor_Driver_Firmware.elf  > "Four_Quad_DC_Motor_Driver_Firmware.list"
   text	   data	    bss	    dec	    hex	filename
  17016	     24	   2304	  19344	   4b90	Four_Quad_DC_Motor_Driver_Firmware.elf
Finished building: default.size.stdout
 
Finished building: Four_Quad_DC_Motor_Driver_Firmware.list
 
17:26:21 **** Incremental Build of configuration Debug for project Four_Quad_DC_Motor_Driver_Firmware ****
make -j16 all 
arm-none-eabi-gcc "../Core/Src/stm32f1xx_it.c" -mcpu=cortex-m3 -std=gnu11 -g3 -DDEBUG -DUSE_HAL_DRIVER -DSTM32F103xB -c -I../Core/Inc -I../Drivers/STM32F1xx_HAL_Driver/Inc/Legacy -I../Drivers/STM32F1xx_HAL_Driver/Inc -I../Drivers/CMSIS/Device/ST/STM32F1xx/Include -I../Drivers/CMSIS/Include -O0 -ffunction-sections -fdata-sections -Wall -fstack-usage -MMD -MP -MF"Core/Src/stm32f1xx_it.d" -MT"Core/Src/stm32f1xx_it.o" --specs=nano.specs -mfloat-abi=soft -mthumb -o "Core/Src/stm32f1xx_it.o"
arm-none-eabi-gcc -o "Four_Quad_DC_Motor_Driver_Firmware.elf" @"objects.list"   -mcpu=cortex-m3 -T"C:\Users\Pineapple\Desktop\damn_okul\EE463\TermProject\EE463-HardwareProject\3-Firmware\Four_Quad_DC_Motor_Driver_Firmware\STM32F103C8TX_FLASH.ld" --specs=nosys.specs -Wl,-Map="Four_Quad_DC_Motor_Driver_Firmware.map" -Wl,--gc-sections -static --specs=nano.specs -mfloat-abi=soft -mthumb -Wl,--start-group -lc -lm -Wl,--end-group
Finished building target: Four_Quad_DC_Motor_Driver_Firmware.elf
 
arm-none-eabi-size   Four_Quad_DC_Motor_Driver_Firmware.elf 
arm-none-eabi-objdump -h -S  Four_Quad_DC_Motor_Driver_Firmware.elf  > "Four_Quad_DC_Motor_Driver_Firmware.list"
   text	   data	    bss	    dec	    hex	filename
  17032	     24	   2304	  19360	   4ba0	Four_Quad_DC_Motor_Driver_Firmware.elf
Finished building: default.size.stdout
 
Finished building: Four_Quad_DC_Motor_Driver_Firmware.list
 
