15:20:44 **** Build of configuration Debug for project Four_Quad_DC_Motor_Driver_Firmware ****
make -j8 all 
arm-none-eabi-gcc "../Drivers/STM32F1xx_HAL_Driver/Src/stm32f1xx_hal.c" -mcpu=cortex-m3 -std=gnu11 -g3 -DDEBUG -DUSE_HAL_DRIVER -DSTM32F103xB -c -I../Core/Inc -I../Drivers/STM32F1xx_HAL_Driver/Inc/Legacy -I../Drivers/STM32F1xx_HAL_Driver/Inc -I../Drivers/CMSIS/Device/ST/STM32F1xx/Include -I../Drivers/CMSIS/Include -O0 -ffunction-sections -fdata-sections -Wall -fstack-usage -MMD -MP -MF"Drivers/STM32F1xx_HAL_Driver/Src/stm32f1xx_hal.d" -MT"Drivers/STM32F1xx_HAL_Driver/Src/stm32f1xx_hal.o" --specs=nano.specs -mfloat-abi=soft -mthumb -o "Drivers/STM32F1xx_HAL_Driver/Src/stm32f1xx_hal.o"
arm-none-eabi-gcc "../Drivers/STM32F1xx_HAL_Driver/Src/stm32f1xx_hal_adc.c" -mcpu=cortex-m3 -std=gnu11 -g3 -DDEBUG -DUSE_HAL_DRIVER -DSTM32F103xB -c -I../Core/Inc -I../Drivers/STM32F1xx_HAL_Driver/Inc/Legacy -I../Drivers/STM32F1xx_HAL_Driver/Inc -I../Drivers/CMSIS/Device/ST/STM32F1xx/Include -I../Drivers/CMSIS/Include -O0 -ffunction-sections -fdata-sections -Wall -fstack-usage -MMD -MP -MF"Drivers/STM32F1xx_HAL_Driver/Src/stm32f1xx_hal_adc.d" -MT"Drivers/STM32F1xx_HAL_Driver/Src/stm32f1xx_hal_adc.o" --specs=nano.specs -mfloat-abi=soft -mthumb -o "Drivers/STM32F1xx_HAL_Driver/Src/stm32f1xx_hal_adc.o"
arm-none-eabi-gcc "../Drivers/STM32F1xx_HAL_Driver/Src/stm32f1xx_hal_adc_ex.c" -mcpu=cortex-m3 -std=gnu11 -g3 -DDEBUG -DUSE_HAL_DRIVER -DSTM32F103xB -c -I../Core/Inc -I../Drivers/STM32F1xx_HAL_Driver/Inc/Legacy -I../Drivers/STM32F1xx_HAL_Driver/Inc -I../Drivers/CMSIS/Device/ST/STM32F1xx/Include -I../Drivers/CMSIS/Include -O0 -ffunction-sections -fdata-sections -Wall -fstack-usage -MMD -MP -MF"Drivers/STM32F1xx_HAL_Driver/Src/stm32f1xx_hal_adc_ex.d" -MT"Drivers/STM32F1xx_HAL_Driver/Src/stm32f1xx_hal_adc_ex.o" --specs=nano.specs -mfloat-abi=soft -mthumb -o "Drivers/STM32F1xx_HAL_Driver/Src/stm32f1xx_hal_adc_ex.o"
arm-none-eabi-gcc "../Drivers/STM32F1xx_HAL_Driver/Src/stm32f1xx_hal_cortex.c" -mcpu=cortex-m3 -std=gnu11 -g3 -DDEBUG -DUSE_HAL_DRIVER -DSTM32F103xB -c -I../Core/Inc -I../Drivers/STM32F1xx_HAL_Driver/Inc/Legacy -I../Drivers/STM32F1xx_HAL_Driver/Inc -I../Drivers/CMSIS/Device/ST/STM32F1xx/Include -I../Drivers/CMSIS/Include -O0 -ffunction-sections -fdata-sections -Wall -fstack-usage -MMD -MP -MF"Drivers/STM32F1xx_HAL_Driver/Src/stm32f1xx_hal_cortex.d" -MT"Drivers/STM32F1xx_HAL_Driver/Src/stm32f1xx_hal_cortex.o" --specs=nano.specs -mfloat-abi=soft -mthumb -o "Drivers/STM32F1xx_HAL_Driver/Src/stm32f1xx_hal_cortex.o"
arm-none-eabi-gcc "../Drivers/STM32F1xx_HAL_Driver/Src/stm32f1xx_hal_dma.c" -mcpu=cortex-m3 -std=gnu11 -g3 -DDEBUG -DUSE_HAL_DRIVER -DSTM32F103xB -c -I../Core/Inc -I../Drivers/STM32F1xx_HAL_Driver/Inc/Legacy -I../Drivers/STM32F1xx_HAL_Driver/Inc -I../Drivers/CMSIS/Device/ST/STM32F1xx/Include -I../Drivers/CMSIS/Include -O0 -ffunction-sections -fdata-sections -Wall -fstack-usage -MMD -MP -MF"Drivers/STM32F1xx_HAL_Driver/Src/stm32f1xx_hal_dma.d" -MT"Drivers/STM32F1xx_HAL_Driver/Src/stm32f1xx_hal_dma.o" --specs=nano.specs -mfloat-abi=soft -mthumb -o "Drivers/STM32F1xx_HAL_Driver/Src/stm32f1xx_hal_dma.o"
arm-none-eabi-gcc "../Drivers/STM32F1xx_HAL_Driver/Src/stm32f1xx_hal_exti.c" -mcpu=cortex-m3 -std=gnu11 -g3 -DDEBUG -DUSE_HAL_DRIVER -DSTM32F103xB -c -I../Core/Inc -I../Drivers/STM32F1xx_HAL_Driver/Inc/Legacy -I../Drivers/STM32F1xx_HAL_Driver/Inc -I../Drivers/CMSIS/Device/ST/STM32F1xx/Include -I../Drivers/CMSIS/Include -O0 -ffunction-sections -fdata-sections -Wall -fstack-usage -MMD -MP -MF"Drivers/STM32F1xx_HAL_Driver/Src/stm32f1xx_hal_exti.d" -MT"Drivers/STM32F1xx_HAL_Driver/Src/stm32f1xx_hal_exti.o" --specs=nano.specs -mfloat-abi=soft -mthumb -o "Drivers/STM32F1xx_HAL_Driver/Src/stm32f1xx_hal_exti.o"
arm-none-eabi-gcc "../Drivers/STM32F1xx_HAL_Driver/Src/stm32f1xx_hal_flash.c" -mcpu=cortex-m3 -std=gnu11 -g3 -DDEBUG -DUSE_HAL_DRIVER -DSTM32F103xB -c -I../Core/Inc -I../Drivers/STM32F1xx_HAL_Driver/Inc/Legacy -I../Drivers/STM32F1xx_HAL_Driver/Inc -I../Drivers/CMSIS/Device/ST/STM32F1xx/Include -I../Drivers/CMSIS/Include -O0 -ffunction-sections -fdata-sections -Wall -fstack-usage -MMD -MP -MF"Drivers/STM32F1xx_HAL_Driver/Src/stm32f1xx_hal_flash.d" -MT"Drivers/STM32F1xx_HAL_Driver/Src/stm32f1xx_hal_flash.o" --specs=nano.specs -mfloat-abi=soft -mthumb -o "Drivers/STM32F1xx_HAL_Driver/Src/stm32f1xx_hal_flash.o"
arm-none-eabi-gcc "../Drivers/STM32F1xx_HAL_Driver/Src/stm32f1xx_hal_flash_ex.c" -mcpu=cortex-m3 -std=gnu11 -g3 -DDEBUG -DUSE_HAL_DRIVER -DSTM32F103xB -c -I../Core/Inc -I../Drivers/STM32F1xx_HAL_Driver/Inc/Legacy -I../Drivers/STM32F1xx_HAL_Driver/Inc -I../Drivers/CMSIS/Device/ST/STM32F1xx/Include -I../Drivers/CMSIS/Include -O0 -ffunction-sections -fdata-sections -Wall -fstack-usage -MMD -MP -MF"Drivers/STM32F1xx_HAL_Driver/Src/stm32f1xx_hal_flash_ex.d" -MT"Drivers/STM32F1xx_HAL_Driver/Src/stm32f1xx_hal_flash_ex.o" --specs=nano.specs -mfloat-abi=soft -mthumb -o "Drivers/STM32F1xx_HAL_Driver/Src/stm32f1xx_hal_flash_ex.o"
arm-none-eabi-gcc "../Drivers/STM32F1xx_HAL_Driver/Src/stm32f1xx_hal_gpio.c" -mcpu=cortex-m3 -std=gnu11 -g3 -DDEBUG -DUSE_HAL_DRIVER -DSTM32F103xB -c -I../Core/Inc -I../Drivers/STM32F1xx_HAL_Driver/Inc/Legacy -I../Drivers/STM32F1xx_HAL_Driver/Inc -I../Drivers/CMSIS/Device/ST/STM32F1xx/Include -I../Drivers/CMSIS/Include -O0 -ffunction-sections -fdata-sections -Wall -fstack-usage -MMD -MP -MF"Drivers/STM32F1xx_HAL_Driver/Src/stm32f1xx_hal_gpio.d" -MT"Drivers/STM32F1xx_HAL_Driver/Src/stm32f1xx_hal_gpio.o" --specs=nano.specs -mfloat-abi=soft -mthumb -o "Drivers/STM32F1xx_HAL_Driver/Src/stm32f1xx_hal_gpio.o"
arm-none-eabi-gcc "../Drivers/STM32F1xx_HAL_Driver/Src/stm32f1xx_hal_gpio_ex.c" -mcpu=cortex-m3 -std=gnu11 -g3 -DDEBUG -DUSE_HAL_DRIVER -DSTM32F103xB -c -I../Core/Inc -I../Drivers/STM32F1xx_HAL_Driver/Inc/Legacy -I../Drivers/STM32F1xx_HAL_Driver/Inc -I../Drivers/CMSIS/Device/ST/STM32F1xx/Include -I../Drivers/CMSIS/Include -O0 -ffunction-sections -fdata-sections -Wall -fstack-usage -MMD -MP -MF"Drivers/STM32F1xx_HAL_Driver/Src/stm32f1xx_hal_gpio_ex.d" -MT"Drivers/STM32F1xx_HAL_Driver/Src/stm32f1xx_hal_gpio_ex.o" --specs=nano.specs -mfloat-abi=soft -mthumb -o "Drivers/STM32F1xx_HAL_Driver/Src/stm32f1xx_hal_gpio_ex.o"
arm-none-eabi-gcc "../Drivers/STM32F1xx_HAL_Driver/Src/stm32f1xx_hal_pwr.c" -mcpu=cortex-m3 -std=gnu11 -g3 -DDEBUG -DUSE_HAL_DRIVER -DSTM32F103xB -c -I../Core/Inc -I../Drivers/STM32F1xx_HAL_Driver/Inc/Legacy -I../Drivers/STM32F1xx_HAL_Driver/Inc -I../Drivers/CMSIS/Device/ST/STM32F1xx/Include -I../Drivers/CMSIS/Include -O0 -ffunction-sections -fdata-sections -Wall -fstack-usage -MMD -MP -MF"Drivers/STM32F1xx_HAL_Driver/Src/stm32f1xx_hal_pwr.d" -MT"Drivers/STM32F1xx_HAL_Driver/Src/stm32f1xx_hal_pwr.o" --specs=nano.specs -mfloat-abi=soft -mthumb -o "Drivers/STM32F1xx_HAL_Driver/Src/stm32f1xx_hal_pwr.o"
arm-none-eabi-gcc "../Drivers/STM32F1xx_HAL_Driver/Src/stm32f1xx_hal_rcc.c" -mcpu=cortex-m3 -std=gnu11 -g3 -DDEBUG -DUSE_HAL_DRIVER -DSTM32F103xB -c -I../Core/Inc -I../Drivers/STM32F1xx_HAL_Driver/Inc/Legacy -I../Drivers/STM32F1xx_HAL_Driver/Inc -I../Drivers/CMSIS/Device/ST/STM32F1xx/Include -I../Drivers/CMSIS/Include -O0 -ffunction-sections -fdata-sections -Wall -fstack-usage -MMD -MP -MF"Drivers/STM32F1xx_HAL_Driver/Src/stm32f1xx_hal_rcc.d" -MT"Drivers/STM32F1xx_HAL_Driver/Src/stm32f1xx_hal_rcc.o" --specs=nano.specs -mfloat-abi=soft -mthumb -o "Drivers/STM32F1xx_HAL_Driver/Src/stm32f1xx_hal_rcc.o"
arm-none-eabi-gcc "../Drivers/STM32F1xx_HAL_Driver/Src/stm32f1xx_hal_rcc_ex.c" -mcpu=cortex-m3 -std=gnu11 -g3 -DDEBUG -DUSE_HAL_DRIVER -DSTM32F103xB -c -I../Core/Inc -I../Drivers/STM32F1xx_HAL_Driver/Inc/Legacy -I../Drivers/STM32F1xx_HAL_Driver/Inc -I../Drivers/CMSIS/Device/ST/STM32F1xx/Include -I../Drivers/CMSIS/Include -O0 -ffunction-sections -fdata-sections -Wall -fstack-usage -MMD -MP -MF"Drivers/STM32F1xx_HAL_Driver/Src/stm32f1xx_hal_rcc_ex.d" -MT"Drivers/STM32F1xx_HAL_Driver/Src/stm32f1xx_hal_rcc_ex.o" --specs=nano.specs -mfloat-abi=soft -mthumb -o "Drivers/STM32F1xx_HAL_Driver/Src/stm32f1xx_hal_rcc_ex.o"
arm-none-eabi-gcc "../Drivers/STM32F1xx_HAL_Driver/Src/stm32f1xx_hal_tim.c" -mcpu=cortex-m3 -std=gnu11 -g3 -DDEBUG -DUSE_HAL_DRIVER -DSTM32F103xB -c -I../Core/Inc -I../Drivers/STM32F1xx_HAL_Driver/Inc/Legacy -I../Drivers/STM32F1xx_HAL_Driver/Inc -I../Drivers/CMSIS/Device/ST/STM32F1xx/Include -I../Drivers/CMSIS/Include -O0 -ffunction-sections -fdata-sections -Wall -fstack-usage -MMD -MP -MF"Drivers/STM32F1xx_HAL_Driver/Src/stm32f1xx_hal_tim.d" -MT"Drivers/STM32F1xx_HAL_Driver/Src/stm32f1xx_hal_tim.o" --specs=nano.specs -mfloat-abi=soft -mthumb -o "Drivers/STM32F1xx_HAL_Driver/Src/stm32f1xx_hal_tim.o"
arm-none-eabi-gcc "../Drivers/STM32F1xx_HAL_Driver/Src/stm32f1xx_hal_tim_ex.c" -mcpu=cortex-m3 -std=gnu11 -g3 -DDEBUG -DUSE_HAL_DRIVER -DSTM32F103xB -c -I../Core/Inc -I../Drivers/STM32F1xx_HAL_Driver/Inc/Legacy -I../Drivers/STM32F1xx_HAL_Driver/Inc -I../Drivers/CMSIS/Device/ST/STM32F1xx/Include -I../Drivers/CMSIS/Include -O0 -ffunction-sections -fdata-sections -Wall -fstack-usage -MMD -MP -MF"Drivers/STM32F1xx_HAL_Driver/Src/stm32f1xx_hal_tim_ex.d" -MT"Drivers/STM32F1xx_HAL_Driver/Src/stm32f1xx_hal_tim_ex.o" --specs=nano.specs -mfloat-abi=soft -mthumb -o "Drivers/STM32F1xx_HAL_Driver/Src/stm32f1xx_hal_tim_ex.o"
arm-none-eabi-gcc -mcpu=cortex-m3 -g3 -DDEBUG -c -x assembler-with-cpp -MMD -MP -MF"Core/Startup/startup_stm32f103c8tx.d" -MT"Core/Startup/startup_stm32f103c8tx.o" --specs=nano.specs -mfloat-abi=soft -mthumb -o "Core/Startup/startup_stm32f103c8tx.o" "../Core/Startup/startup_stm32f103c8tx.s"
arm-none-eabi-gcc "../Core/Src/main.c" -mcpu=cortex-m3 -std=gnu11 -g3 -DDEBUG -DUSE_HAL_DRIVER -DSTM32F103xB -c -I../Core/Inc -I../Drivers/STM32F1xx_HAL_Driver/Inc/Legacy -I../Drivers/STM32F1xx_HAL_Driver/Inc -I../Drivers/CMSIS/Device/ST/STM32F1xx/Include -I../Drivers/CMSIS/Include -O0 -ffunction-sections -fdata-sections -Wall -fstack-usage -MMD -MP -MF"Core/Src/main.d" -MT"Core/Src/main.o" --specs=nano.specs -mfloat-abi=soft -mthumb -o "Core/Src/main.o"
arm-none-eabi-gcc "../Core/Src/stm32f1xx_hal_msp.c" -mcpu=cortex-m3 -std=gnu11 -g3 -DDEBUG -DUSE_HAL_DRIVER -DSTM32F103xB -c -I../Core/Inc -I../Drivers/STM32F1xx_HAL_Driver/Inc/Legacy -I../Drivers/STM32F1xx_HAL_Driver/Inc -I../Drivers/CMSIS/Device/ST/STM32F1xx/Include -I../Drivers/CMSIS/Include -O0 -ffunction-sections -fdata-sections -Wall -fstack-usage -MMD -MP -MF"Core/Src/stm32f1xx_hal_msp.d" -MT"Core/Src/stm32f1xx_hal_msp.o" --specs=nano.specs -mfloat-abi=soft -mthumb -o "Core/Src/stm32f1xx_hal_msp.o"
arm-none-eabi-gcc "../Core/Src/stm32f1xx_it.c" -mcpu=cortex-m3 -std=gnu11 -g3 -DDEBUG -DUSE_HAL_DRIVER -DSTM32F103xB -c -I../Core/Inc -I../Drivers/STM32F1xx_HAL_Driver/Inc/Legacy -I../Drivers/STM32F1xx_HAL_Driver/Inc -I../Drivers/CMSIS/Device/ST/STM32F1xx/Include -I../Drivers/CMSIS/Include -O0 -ffunction-sections -fdata-sections -Wall -fstack-usage -MMD -MP -MF"Core/Src/stm32f1xx_it.d" -MT"Core/Src/stm32f1xx_it.o" --specs=nano.specs -mfloat-abi=soft -mthumb -o "Core/Src/stm32f1xx_it.o"
arm-none-eabi-gcc "../Core/Src/syscalls.c" -mcpu=cortex-m3 -std=gnu11 -g3 -DDEBUG -DUSE_HAL_DRIVER -DSTM32F103xB -c -I../Core/Inc -I../Drivers/STM32F1xx_HAL_Driver/Inc/Legacy -I../Drivers/STM32F1xx_HAL_Driver/Inc -I../Drivers/CMSIS/Device/ST/STM32F1xx/Include -I../Drivers/CMSIS/Include -O0 -ffunction-sections -fdata-sections -Wall -fstack-usage -MMD -MP -MF"Core/Src/syscalls.d" -MT"Core/Src/syscalls.o" --specs=nano.specs -mfloat-abi=soft -mthumb -o "Core/Src/syscalls.o"
arm-none-eabi-gcc "../Core/Src/sysmem.c" -mcpu=cortex-m3 -std=gnu11 -g3 -DDEBUG -DUSE_HAL_DRIVER -DSTM32F103xB -c -I../Core/Inc -I../Drivers/STM32F1xx_HAL_Driver/Inc/Legacy -I../Drivers/STM32F1xx_HAL_Driver/Inc -I../Drivers/CMSIS/Device/ST/STM32F1xx/Include -I../Drivers/CMSIS/Include -O0 -ffunction-sections -fdata-sections -Wall -fstack-usage -MMD -MP -MF"Core/Src/sysmem.d" -MT"Core/Src/sysmem.o" --specs=nano.specs -mfloat-abi=soft -mthumb -o "Core/Src/sysmem.o"
arm-none-eabi-gcc "../Core/Src/system_stm32f1xx.c" -mcpu=cortex-m3 -std=gnu11 -g3 -DDEBUG -DUSE_HAL_DRIVER -DSTM32F103xB -c -I../Core/Inc -I../Drivers/STM32F1xx_HAL_Driver/Inc/Legacy -I../Drivers/STM32F1xx_HAL_Driver/Inc -I../Drivers/CMSIS/Device/ST/STM32F1xx/Include -I../Drivers/CMSIS/Include -O0 -ffunction-sections -fdata-sections -Wall -fstack-usage -MMD -MP -MF"Core/Src/system_stm32f1xx.d" -MT"Core/Src/system_stm32f1xx.o" --specs=nano.specs -mfloat-abi=soft -mthumb -o "Core/Src/system_stm32f1xx.o"
arm-none-eabi-gcc -o "Four_Quad_DC_Motor_Driver_Firmware.elf" @"objects.list"   -mcpu=cortex-m3 -T"C:\Users\isikemir\Desktop\Courses\EE463\TermProject\EE463-HardwareProject\3-Firmware\Four_Quad_DC_Motor_Driver_Firmware\STM32F103C8TX_FLASH.ld" --specs=nosys.specs -Wl,-Map="Four_Quad_DC_Motor_Driver_Firmware.map" -Wl,--gc-sections -static --specs=nano.specs -mfloat-abi=soft -mthumb -Wl,--start-group -lc -lm -Wl,--end-group
Finished building target: Four_Quad_DC_Motor_Driver_Firmware.elf
 
arm-none-eabi-size   Four_Quad_DC_Motor_Driver_Firmware.elf 
arm-none-eabi-objdump -h -S  Four_Quad_DC_Motor_Driver_Firmware.elf  > "Four_Quad_DC_Motor_Driver_Firmware.list"
   text	   data	    bss	    dec	    hex	filename
  11660	     20	   1900	  13580	   350c	Four_Quad_DC_Motor_Driver_Firmware.elf
Finished building: default.size.stdout
 
Finished building: Four_Quad_DC_Motor_Driver_Firmware.list
 
15:21:23 **** Incremental Build of configuration Debug for project Four_Quad_DC_Motor_Driver_Firmware ****
make -j8 all 
arm-none-eabi-size   Four_Quad_DC_Motor_Driver_Firmware.elf 
   text	   data	    bss	    dec	    hex	filename
  11660	     20	   1900	  13580	   350c	Four_Quad_DC_Motor_Driver_Firmware.elf
Finished building: default.size.stdout
 
15:22:25 **** Incremental Build of configuration Debug for project Four_Quad_DC_Motor_Driver_Firmware ****
make -j8 all 
arm-none-eabi-size   Four_Quad_DC_Motor_Driver_Firmware.elf 
   text	   data	    bss	    dec	    hex	filename
  11660	     20	   1900	  13580	   350c	Four_Quad_DC_Motor_Driver_Firmware.elf
Finished building: default.size.stdout
 
15:22:50 **** Incremental Build of configuration Debug for project Four_Quad_DC_Motor_Driver_Firmware ****
make -j8 all 
arm-none-eabi-size   Four_Quad_DC_Motor_Driver_Firmware.elf 
   text	   data	    bss	    dec	    hex	filename
  11660	     20	   1900	  13580	   350c	Four_Quad_DC_Motor_Driver_Firmware.elf
Finished building: default.size.stdout
 
15:23:19 **** Incremental Build of configuration Debug for project Four_Quad_DC_Motor_Driver_Firmware ****
make -j8 all 
arm-none-eabi-size   Four_Quad_DC_Motor_Driver_Firmware.elf 
   text	   data	    bss	    dec	    hex	filename
  11660	     20	   1900	  13580	   350c	Four_Quad_DC_Motor_Driver_Firmware.elf
Finished building: default.size.stdout
 
15:23:46 **** Incremental Build of configuration Debug for project Four_Quad_DC_Motor_Driver_Firmware ****
make -j8 all 
arm-none-eabi-size   Four_Quad_DC_Motor_Driver_Firmware.elf 
   text	   data	    bss	    dec	    hex	filename
  11660	     20	   1900	  13580	   350c	Four_Quad_DC_Motor_Driver_Firmware.elf
Finished building: default.size.stdout
 
15:24:41 **** Incremental Build of configuration Debug for project Four_Quad_DC_Motor_Driver_Firmware ****
make -j8 all 
arm-none-eabi-size   Four_Quad_DC_Motor_Driver_Firmware.elf 
   text	   data	    bss	    dec	    hex	filename
  11660	     20	   1900	  13580	   350c	Four_Quad_DC_Motor_Driver_Firmware.elf
Finished building: default.size.stdout
 
15:25:31 **** Incremental Build of configuration Debug for project Four_Quad_DC_Motor_Driver_Firmware ****
make -j8 all 
arm-none-eabi-size   Four_Quad_DC_Motor_Driver_Firmware.elf 
   text	   data	    bss	    dec	    hex	filename
  11660	     20	   1900	  13580	   350c	Four_Quad_DC_Motor_Driver_Firmware.elf
Finished building: default.size.stdout
 
15:26:05 **** Incremental Build of configuration Debug for project Four_Quad_DC_Motor_Driver_Firmware ****
make -j8 all 
arm-none-eabi-size   Four_Quad_DC_Motor_Driver_Firmware.elf 
   text	   data	    bss	    dec	    hex	filename
  11660	     20	   1900	  13580	   350c	Four_Quad_DC_Motor_Driver_Firmware.elf
Finished building: default.size.stdout
 
15:26:38 **** Incremental Build of configuration Debug for project Four_Quad_DC_Motor_Driver_Firmware ****
make -j8 all 
arm-none-eabi-size   Four_Quad_DC_Motor_Driver_Firmware.elf 
   text	   data	    bss	    dec	    hex	filename
  11660	     20	   1900	  13580	   350c	Four_Quad_DC_Motor_Driver_Firmware.elf
Finished building: default.size.stdout
 
15:27:57 **** Incremental Build of configuration Debug for project Four_Quad_DC_Motor_Driver_Firmware ****
make -j8 all 
arm-none-eabi-size   Four_Quad_DC_Motor_Driver_Firmware.elf 
   text	   data	    bss	    dec	    hex	filename
  11660	     20	   1900	  13580	   350c	Four_Quad_DC_Motor_Driver_Firmware.elf
Finished building: default.size.stdout
 
15:28:32 **** Incremental Build of configuration Debug for project Four_Quad_DC_Motor_Driver_Firmware ****
make -j8 all 
arm-none-eabi-size   Four_Quad_DC_Motor_Driver_Firmware.elf 
   text	   data	    bss	    dec	    hex	filename
  11660	     20	   1900	  13580	   350c	Four_Quad_DC_Motor_Driver_Firmware.elf
Finished building: default.size.stdout
 
15:28:54 **** Incremental Build of configuration Debug for project Four_Quad_DC_Motor_Driver_Firmware ****
make -j8 all 
arm-none-eabi-size   Four_Quad_DC_Motor_Driver_Firmware.elf 
   text	   data	    bss	    dec	    hex	filename
  11660	     20	   1900	  13580	   350c	Four_Quad_DC_Motor_Driver_Firmware.elf
Finished building: default.size.stdout
 
15:29:28 **** Incremental Build of configuration Debug for project Four_Quad_DC_Motor_Driver_Firmware ****
make -j8 all 
arm-none-eabi-size   Four_Quad_DC_Motor_Driver_Firmware.elf 
   text	   data	    bss	    dec	    hex	filename
  11660	     20	   1900	  13580	   350c	Four_Quad_DC_Motor_Driver_Firmware.elf
Finished building: default.size.stdout
 
15:29:34 **** Incremental Build of configuration Debug for project Four_Quad_DC_Motor_Driver_Firmware ****
make -j8 all 
arm-none-eabi-size   Four_Quad_DC_Motor_Driver_Firmware.elf 
   text	   data	    bss	    dec	    hex	filename
  11660	     20	   1900	  13580	   350c	Four_Quad_DC_Motor_Driver_Firmware.elf
Finished building: default.size.stdout
 
15:30:57 **** Incremental Build of configuration Debug for project Four_Quad_DC_Motor_Driver_Firmware ****
make -j8 all 
arm-none-eabi-size   Four_Quad_DC_Motor_Driver_Firmware.elf 
   text	   data	    bss	    dec	    hex	filename
  11660	     20	   1900	  13580	   350c	Four_Quad_DC_Motor_Driver_Firmware.elf
Finished building: default.size.stdout
 
15:31:08 **** Incremental Build of configuration Debug for project Four_Quad_DC_Motor_Driver_Firmware ****
make -j8 all 
arm-none-eabi-size   Four_Quad_DC_Motor_Driver_Firmware.elf 
   text	   data	    bss	    dec	    hex	filename
  11660	     20	   1900	  13580	   350c	Four_Quad_DC_Motor_Driver_Firmware.elf
Finished building: default.size.stdout
 
15:31:14 **** Incremental Build of configuration Debug for project Four_Quad_DC_Motor_Driver_Firmware ****
make -j8 all 
arm-none-eabi-size   Four_Quad_DC_Motor_Driver_Firmware.elf 
   text	   data	    bss	    dec	    hex	filename
  11660	     20	   1900	  13580	   350c	Four_Quad_DC_Motor_Driver_Firmware.elf
Finished building: default.size.stdout
 
15:33:35 **** Incremental Build of configuration Debug for project Four_Quad_DC_Motor_Driver_Firmware ****
make -j8 all 
arm-none-eabi-size   Four_Quad_DC_Motor_Driver_Firmware.elf 
   text	   data	    bss	    dec	    hex	filename
  11660	     20	   1900	  13580	   350c	Four_Quad_DC_Motor_Driver_Firmware.elf
Finished building: default.size.stdout
 
15:35:15 **** Incremental Build of configuration Debug for project Four_Quad_DC_Motor_Driver_Firmware ****
make -j8 all 
arm-none-eabi-size   Four_Quad_DC_Motor_Driver_Firmware.elf 
   text	   data	    bss	    dec	    hex	filename
  11660	     20	   1900	  13580	   350c	Four_Quad_DC_Motor_Driver_Firmware.elf
Finished building: default.size.stdout
 
15:35:42 **** Incremental Build of configuration Debug for project Four_Quad_DC_Motor_Driver_Firmware ****
make -j8 all 
arm-none-eabi-size   Four_Quad_DC_Motor_Driver_Firmware.elf 
   text	   data	    bss	    dec	    hex	filename
  11660	     20	   1900	  13580	   350c	Four_Quad_DC_Motor_Driver_Firmware.elf
Finished building: default.size.stdout
 
15:35:54 **** Incremental Build of configuration Debug for project Four_Quad_DC_Motor_Driver_Firmware ****
make -j8 all 
arm-none-eabi-size   Four_Quad_DC_Motor_Driver_Firmware.elf 
   text	   data	    bss	    dec	    hex	filename
  11660	     20	   1900	  13580	   350c	Four_Quad_DC_Motor_Driver_Firmware.elf
Finished building: default.size.stdout
 
15:38:34 **** Incremental Build of configuration Debug for project Four_Quad_DC_Motor_Driver_Firmware ****
make -j8 all 
arm-none-eabi-size   Four_Quad_DC_Motor_Driver_Firmware.elf 
   text	   data	    bss	    dec	    hex	filename
  11660	     20	   1900	  13580	   350c	Four_Quad_DC_Motor_Driver_Firmware.elf
Finished building: default.size.stdout
 
15:38:46 **** Incremental Build of configuration Debug for project Four_Quad_DC_Motor_Driver_Firmware ****
make -j8 all 
arm-none-eabi-size   Four_Quad_DC_Motor_Driver_Firmware.elf 
   text	   data	    bss	    dec	    hex	filename
  11660	     20	   1900	  13580	   350c	Four_Quad_DC_Motor_Driver_Firmware.elf
Finished building: default.size.stdout
 
15:41:10 **** Incremental Build of configuration Debug for project Four_Quad_DC_Motor_Driver_Firmware ****
make -j8 all 
arm-none-eabi-size   Four_Quad_DC_Motor_Driver_Firmware.elf 
   text	   data	    bss	    dec	    hex	filename
  11660	     20	   1900	  13580	   350c	Four_Quad_DC_Motor_Driver_Firmware.elf
Finished building: default.size.stdout
 
15:41:22 **** Incremental Build of configuration Debug for project Four_Quad_DC_Motor_Driver_Firmware ****
make -j8 all 
arm-none-eabi-size   Four_Quad_DC_Motor_Driver_Firmware.elf 
   text	   data	    bss	    dec	    hex	filename
  11660	     20	   1900	  13580	   350c	Four_Quad_DC_Motor_Driver_Firmware.elf
Finished building: default.size.stdout
 
15:41:46 **** Incremental Build of configuration Debug for project Four_Quad_DC_Motor_Driver_Firmware ****
make -j8 all 
arm-none-eabi-size   Four_Quad_DC_Motor_Driver_Firmware.elf 
   text	   data	    bss	    dec	    hex	filename
  11660	     20	   1900	  13580	   350c	Four_Quad_DC_Motor_Driver_Firmware.elf
Finished building: default.size.stdout
 
15:42:36 **** Incremental Build of configuration Debug for project Four_Quad_DC_Motor_Driver_Firmware ****
make -j8 all 
arm-none-eabi-size   Four_Quad_DC_Motor_Driver_Firmware.elf 
   text	   data	    bss	    dec	    hex	filename
  11660	     20	   1900	  13580	   350c	Four_Quad_DC_Motor_Driver_Firmware.elf
Finished building: default.size.stdout
 
15:42:51 **** Incremental Build of configuration Debug for project Four_Quad_DC_Motor_Driver_Firmware ****
make -j8 all 
arm-none-eabi-size   Four_Quad_DC_Motor_Driver_Firmware.elf 
   text	   data	    bss	    dec	    hex	filename
  11660	     20	   1900	  13580	   350c	Four_Quad_DC_Motor_Driver_Firmware.elf
Finished building: default.size.stdout
 
15:42:58 **** Incremental Build of configuration Debug for project Four_Quad_DC_Motor_Driver_Firmware ****
make -j8 all 
arm-none-eabi-size   Four_Quad_DC_Motor_Driver_Firmware.elf 
   text	   data	    bss	    dec	    hex	filename
  11660	     20	   1900	  13580	   350c	Four_Quad_DC_Motor_Driver_Firmware.elf
Finished building: default.size.stdout
 
15:46:55 **** Incremental Build of configuration Debug for project Four_Quad_DC_Motor_Driver_Firmware ****
make -j8 all 
arm-none-eabi-size   Four_Quad_DC_Motor_Driver_Firmware.elf 
   text	   data	    bss	    dec	    hex	filename
  11660	     20	   1900	  13580	   350c	Four_Quad_DC_Motor_Driver_Firmware.elf
Finished building: default.size.stdout
 
15:47:14 **** Incremental Build of configuration Debug for project Four_Quad_DC_Motor_Driver_Firmware ****
make -j8 all 
arm-none-eabi-size   Four_Quad_DC_Motor_Driver_Firmware.elf 
   text	   data	    bss	    dec	    hex	filename
  11660	     20	   1900	  13580	   350c	Four_Quad_DC_Motor_Driver_Firmware.elf
Finished building: default.size.stdout
 
15:50:46 **** Incremental Build of configuration Debug for project Four_Quad_DC_Motor_Driver_Firmware ****
make -j8 all 
arm-none-eabi-size   Four_Quad_DC_Motor_Driver_Firmware.elf 
   text	   data	    bss	    dec	    hex	filename
  11660	     20	   1900	  13580	   350c	Four_Quad_DC_Motor_Driver_Firmware.elf
Finished building: default.size.stdout
 
15:50:59 **** Incremental Build of configuration Debug for project Four_Quad_DC_Motor_Driver_Firmware ****
make -j8 all 
arm-none-eabi-size   Four_Quad_DC_Motor_Driver_Firmware.elf 
   text	   data	    bss	    dec	    hex	filename
  11660	     20	   1900	  13580	   350c	Four_Quad_DC_Motor_Driver_Firmware.elf
Finished building: default.size.stdout
 
15:51:39 **** Incremental Build of configuration Debug for project Four_Quad_DC_Motor_Driver_Firmware ****
make -j8 all 
arm-none-eabi-size   Four_Quad_DC_Motor_Driver_Firmware.elf 
   text	   data	    bss	    dec	    hex	filename
  11660	     20	   1900	  13580	   350c	Four_Quad_DC_Motor_Driver_Firmware.elf
Finished building: default.size.stdout
 
15:54:29 **** Incremental Build of configuration Debug for project Four_Quad_DC_Motor_Driver_Firmware ****
make -j8 all 
arm-none-eabi-size   Four_Quad_DC_Motor_Driver_Firmware.elf 
   text	   data	    bss	    dec	    hex	filename
  11660	     20	   1900	  13580	   350c	Four_Quad_DC_Motor_Driver_Firmware.elf
Finished building: default.size.stdout
 
15:54:45 **** Incremental Build of configuration Debug for project Four_Quad_DC_Motor_Driver_Firmware ****
make -j8 all 
arm-none-eabi-size   Four_Quad_DC_Motor_Driver_Firmware.elf 
   text	   data	    bss	    dec	    hex	filename
  11660	     20	   1900	  13580	   350c	Four_Quad_DC_Motor_Driver_Firmware.elf
Finished building: default.size.stdout
 
15:54:59 **** Incremental Build of configuration Debug for project Four_Quad_DC_Motor_Driver_Firmware ****
make -j8 all 
arm-none-eabi-size   Four_Quad_DC_Motor_Driver_Firmware.elf 
   text	   data	    bss	    dec	    hex	filename
  11660	     20	   1900	  13580	   350c	Four_Quad_DC_Motor_Driver_Firmware.elf
Finished building: default.size.stdout
 
