15:20:44 **** Build of configuration Debug for project Four_Quad_DC_Motor_Driver_Firmware ****
make -j8 all 
arm-none-eabi-gcc "../Drivers/STM32F1xx_HAL_Driver/Src/stm32f1xx_hal.c" -mcpu=cortex-m3 -std=gnu11 -g3 -DDEBUG -DUSE_HAL_DRIVER -DSTM32F103xB -c -I../Core/Inc -I../Drivers/STM32F1xx_HAL_Driver/Inc/Legacy -I../Drivers/STM32F1xx_HAL_Driver/Inc -I../Drivers/CMSIS/Device/ST/STM32F1xx/Include -I../Drivers/CMSIS/Include -O0 -ffunction-sections -fdata-sections -Wall -fstack-usage -MMD -MP -MF"Drivers/STM32F1xx_HAL_Driver/Src/stm32f1xx_hal.d" -MT"Drivers/STM32F1xx_HAL_Driver/Src/stm32f1xx_hal.o" --specs=nano.specs -mfloat-abi=soft -mthumb -o "Drivers/STM32F1xx_HAL_Driver/Src/stm32f1xx_hal.o"
arm-none-eabi-gcc "../Drivers/STM32F1xx_HAL_Driver/Src/stm32f1xx_hal_adc.c" -mcpu=cortex-m3 -std=gnu11 -g3 -DDEBUG -DUSE_HAL_DRIVER -DSTM32F103xB -c -I../Core/Inc -I../Drivers/STM32F1xx_HAL_Driver/Inc/Legacy -I../Drivers/STM32F1xx_HAL_Driver/Inc -I../Drivers/CMSIS/Device/ST/STM32F1xx/Include -I../Drivers/CMSIS/Include -O0 -ffunction-sections -fdata-sections -Wall -fstack-usage -MMD -MP -MF"Drivers/STM32F1xx_HAL_Driver/Src/stm32f1xx_hal_adc.d" -MT"Drivers/STM32F1xx_HAL_Driver/Src/stm32f1xx_hal_adc.o" --specs=nano.specs -mfloat-abi=soft -mthumb -o "Drivers/STM32F1xx_HAL_Driver/Src/stm32f1xx_hal_adc.o"
arm-none-eabi-gcc "../Drivers/STM32F1xx_HAL_Driver/Src/stm32f1xx_hal_adc_ex.c" -mcpu=cortex-m3 -std=gnu11 -g3 -DDEBUG -DUSE_HAL_DRIVER -DSTM32F103xB -c -I../Core/Inc -I../Drivers/STM32F1xx_HAL_Driver/Inc/Legacy -I../Drivers/STM32F1xx_HAL_Driver/Inc -I../Drivers/CMSIS/Device/ST/STM32F1xx/Include -I../Drivers/CMSIS/Include -O0 -ffunction-sections -fdata-sections -Wall -fstack-usage -MMD -MP -MF"Drivers/STM32F1xx_HAL_Driver/Src/stm32f1xx_hal_adc_ex.d" -MT"Drivers/STM32F1xx_HAL_Driver/Src/stm32f1xx_hal_adc_ex.o" --specs=nano.specs -mfloat-abi=soft -mthumb -o "Drivers/STM32F1xx_HAL_Driver/Src/stm32f1xx_hal_adc_ex.o"
arm-none-eabi-gcc "../Drivers/STM32F1xx_HAL_Driver/Src/stm32f1xx_hal_cortex.c" -mcpu=cortex-m3 -std=gnu11 -g3 -DDEBUG -DUSE_HAL_DRIVER -DSTM32F103xB -c -I../Core/Inc -I../Drivers/STM32F1xx_HAL_Driver/Inc/Legacy -I../Drivers/STM32F1xx_HAL_Driver/Inc -I../Drivers/CMSIS/Device/ST/STM32F1xx/Include -I../Drivers/CMSIS/Include -O0 -ffunction-sections -fdata-sections -Wall -fstack-usage -MMD -MP -MF"Drivers/STM32F1xx_HAL_Driver/Src/stm32f1xx_hal_cortex.d" -MT"Drivers/STM32F1xx_HAL_Driver/Src/stm32f1xx_hal_cortex.o" --specs=nano.specs -mfloat-abi=soft -mthumb -o "Drivers/STM32F1xx_HAL_Driver/Src/stm32f1xx_hal_cortex.o"
arm-none-eabi-gcc "../Drivers/STM32F1xx_HAL_Driver/Src/stm32f1xx_hal_dma.c" -mcpu=cortex-m3 -std=gnu11 -g3 -DDEBUG -DUSE_HAL_DRIVER -DSTM32F103xB -c -I../Core/Inc -I../Drivers/STM32F1xx_HAL_Driver/Inc/Legacy -I../Drivers/STM32F1xx_HAL_Driver/Inc -I../Drivers/CMSIS/Device/ST/STM32F1xx/Include -I../Drivers/CMSIS/Include -O0 -ffunction-sections -fdata-sections -Wall -fstack-usage -MMD -MP -MF"Drivers/STM32F1xx_HAL_Driver/Src/stm32f1xx_hal_dma.d" -MT"Drivers/STM32F1xx_HAL_Driver/Src/stm32f1xx_hal_dma.o" --specs=nano.specs -mfloat-abi=soft -mthumb -o "Drivers/STM32F1xx_HAL_Driver/Src/stm32f1xx_hal_dma.o"
arm-none-eabi-gcc "../Drivers/STM32F1xx_HAL_Driver/Src/stm32f1xx_hal_exti.c" -mcpu=cortex-m3 -std=gnu11 -g3 -DDEBUG -DUSE_HAL_DRIVER -DSTM32F103xB -c -I../Core/Inc -I../Drivers/STM32F1xx_HAL_Driver/Inc/Legacy -I../Drivers/STM32F1xx_HAL_Driver/Inc -I../Drivers/CMSIS/Device/ST/STM32F1xx/Include -I../Drivers/CMSIS/Include -O0 -ffunction-sections -fdata-sections -Wall -fstack-usage -MMD -MP -MF"Drivers/STM32F1xx_HAL_Driver/Src/stm32f1xx_hal_exti.d" -MT"Drivers/STM32F1xx_HAL_Driver/Src/stm32f1xx_hal_exti.o" --specs=nano.specs -mfloat-abi=soft -mthumb -o "Drivers/STM32F1xx_HAL_Driver/Src/stm32f1xx_hal_exti.o"
arm-none-eabi-gcc "../Drivers/STM32F1xx_HAL_Driver/Src/stm32f1xx_hal_flash.c" -mcpu=cortex-m3 -std=gnu11 -g3 -DDEBUG -DUSE_HAL_DRIVER -DSTM32F103xB -c -I../Core/Inc -I../Drivers/STM32F1xx_HAL_Driver/Inc/Legacy -I../Drivers/STM32F1xx_HAL_Driver/Inc -I../Drivers/CMSIS/Device/ST/STM32F1xx/Include -I../Drivers/CMSIS/Include -O0 -ffunction-sections -fdata-sections -Wall -fstack-usage -MMD -MP -MF"Drivers/STM32F1xx_HAL_Driver/Src/stm32f1xx_hal_flash.d" -MT"Drivers/STM32F1xx_HAL_Driver/Src/stm32f1xx_hal_flash.o" --specs=nano.specs -mfloat-abi=soft -mthumb -o "Drivers/STM32F1xx_HAL_Driver/Src/stm32f1xx_hal_flash.o"
arm-none-eabi-gcc "../Drivers/STM32F1xx_HAL_Driver/Src/stm32f1xx_hal_flash_ex.c" -mcpu=cortex-m3 -std=gnu11 -g3 -DDEBUG -DUSE_HAL_DRIVER -DSTM32F103xB -c -I../Core/Inc -I../Drivers/STM32F1xx_HAL_Driver/Inc/Legacy -I../Drivers/STM32F1xx_HAL_Driver/Inc -I../Drivers/CMSIS/Device/ST/STM32F1xx/Include -I../Drivers/CMSIS/Include -O0 -ffunction-sections -fdata-sections -Wall -fstack-usage -MMD -MP -MF"Drivers/STM32F1xx_HAL_Driver/Src/stm32f1xx_hal_flash_ex.d" -MT"Drivers/STM32F1xx_HAL_Driver/Src/stm32f1xx_hal_flash_ex.o" --specs=nano.specs -mfloat-abi=soft -mthumb -o "Drivers/STM32F1xx_HAL_Driver/Src/stm32f1xx_hal_flash_ex.o"
arm-none-eabi-gcc "../Drivers/STM32F1xx_HAL_Driver/Src/stm32f1xx_hal_gpio.c" -mcpu=cortex-m3 -std=gnu11 -g3 -DDEBUG -DUSE_HAL_DRIVER -DSTM32F103xB -c -I../Core/Inc -I../Drivers/STM32F1xx_HAL_Driver/Inc/Legacy -I../Drivers/STM32F1xx_HAL_Driver/Inc -I../Drivers/CMSIS/Device/ST/STM32F1xx/Include -I../Drivers/CMSIS/Include -O0 -ffunction-sections -fdata-sections -Wall -fstack-usage -MMD -MP -MF"Drivers/STM32F1xx_HAL_Driver/Src/stm32f1xx_hal_gpio.d" -MT"Drivers/STM32F1xx_HAL_Driver/Src/stm32f1xx_hal_gpio.o" --specs=nano.specs -mfloat-abi=soft -mthumb -o "Drivers/STM32F1xx_HAL_Driver/Src/stm32f1xx_hal_gpio.o"
arm-none-eabi-gcc "../Drivers/STM32F1xx_HAL_Driver/Src/stm32f1xx_hal_gpio_ex.c" -mcpu=cortex-m3 -std=gnu11 -g3 -DDEBUG -DUSE_HAL_DRIVER -DSTM32F103xB -c -I../Core/Inc -I../Drivers/STM32F1xx_HAL_Driver/Inc/Legacy -I../Drivers/STM32F1xx_HAL_Driver/Inc -I../Drivers/CMSIS/Device/ST/STM32F1xx/Include -I../Drivers/CMSIS/Include -O0 -ffunction-sections -fdata-sections -Wall -fstack-usage -MMD -MP -MF"Drivers/STM32F1xx_HAL_Driver/Src/stm32f1xx_hal_gpio_ex.d" -MT"Drivers/STM32F1xx_HAL_Driver/Src/stm32f1xx_hal_gpio_ex.o" --specs=nano.specs -mfloat-abi=soft -mthumb -o "Drivers/STM32F1xx_HAL_Driver/Src/stm32f1xx_hal_gpio_ex.o"
arm-none-eabi-gcc "../Drivers/STM32F1xx_HAL_Driver/Src/stm32f1xx_hal_pwr.c" -mcpu=cortex-m3 -std=gnu11 -g3 -DDEBUG -DUSE_HAL_DRIVER -DSTM32F103xB -c -I../Core/Inc -I../Drivers/STM32F1xx_HAL_Driver/Inc/Legacy -I../Drivers/STM32F1xx_HAL_Driver/Inc -I../Drivers/CMSIS/Device/ST/STM32F1xx/Include -I../Drivers/CMSIS/Include -O0 -ffunction-sections -fdata-sections -Wall -fstack-usage -MMD -MP -MF"Drivers/STM32F1xx_HAL_Driver/Src/stm32f1xx_hal_pwr.d" -MT"Drivers/STM32F1xx_HAL_Driver/Src/stm32f1xx_hal_pwr.o" --specs=nano.specs -mfloat-abi=soft -mthumb -o "Drivers/STM32F1xx_HAL_Driver/Src/stm32f1xx_hal_pwr.o"
arm-none-eabi-gcc "../Drivers/STM32F1xx_HAL_Driver/Src/stm32f1xx_hal_rcc.c" -mcpu=cortex-m3 -std=gnu11 -g3 -DDEBUG -DUSE_HAL_DRIVER -DSTM32F103xB -c -I../Core/Inc -I../Drivers/STM32F1xx_HAL_Driver/Inc/Legacy -I../Drivers/STM32F1xx_HAL_Driver/Inc -I../Drivers/CMSIS/Device/ST/STM32F1xx/Include -I../Drivers/CMSIS/Include -O0 -ffunction-sections -fdata-sections -Wall -fstack-usage -MMD -MP -MF"Drivers/STM32F1xx_HAL_Driver/Src/stm32f1xx_hal_rcc.d" -MT"Drivers/STM32F1xx_HAL_Driver/Src/stm32f1xx_hal_rcc.o" --specs=nano.specs -mfloat-abi=soft -mthumb -o "Drivers/STM32F1xx_HAL_Driver/Src/stm32f1xx_hal_rcc.o"
arm-none-eabi-gcc "../Drivers/STM32F1xx_HAL_Driver/Src/stm32f1xx_hal_rcc_ex.c" -mcpu=cortex-m3 -std=gnu11 -g3 -DDEBUG -DUSE_HAL_DRIVER -DSTM32F103xB -c -I../Core/Inc -I../Drivers/STM32F1xx_HAL_Driver/Inc/Legacy -I../Drivers/STM32F1xx_HAL_Driver/Inc -I../Drivers/CMSIS/Device/ST/STM32F1xx/Include -I../Drivers/CMSIS/Include -O0 -ffunction-sections -fdata-sections -Wall -fstack-usage -MMD -MP -MF"Drivers/STM32F1xx_HAL_Driver/Src/stm32f1xx_hal_rcc_ex.d" -MT"Drivers/STM32F1xx_HAL_Driver/Src/stm32f1xx_hal_rcc_ex.o" --specs=nano.specs -mfloat-abi=soft -mthumb -o "Drivers/STM32F1xx_HAL_Driver/Src/stm32f1xx_hal_rcc_ex.o"
arm-none-eabi-gcc "../Drivers/STM32F1xx_HAL_Driver/Src/stm32f1xx_hal_tim.c" -mcpu=cortex-m3 -std=gnu11 -g3 -DDEBUG -DUSE_HAL_DRIVER -DSTM32F103xB -c -I../Core/Inc -I../Drivers/STM32F1xx_HAL_Driver/Inc/Legacy -I../Drivers/STM32F1xx_HAL_Driver/Inc -I../Drivers/CMSIS/Device/ST/STM32F1xx/Include -I../Drivers/CMSIS/Include -O0 -ffunction-sections -fdata-sections -Wall -fstack-usage -MMD -MP -MF"Drivers/STM32F1xx_HAL_Driver/Src/stm32f1xx_hal_tim.d" -MT"Drivers/STM32F1xx_HAL_Driver/Src/stm32f1xx_hal_tim.o" --specs=nano.specs -mfloat-abi=soft -mthumb -o "Drivers/STM32F1xx_HAL_Driver/Src/stm32f1xx_hal_tim.o"
arm-none-eabi-gcc "../Drivers/STM32F1xx_HAL_Driver/Src/stm32f1xx_hal_tim_ex.c" -mcpu=cortex-m3 -std=gnu11 -g3 -DDEBUG -DUSE_HAL_DRIVER -DSTM32F103xB -c -I../Core/Inc -I../Drivers/STM32F1xx_HAL_Driver/Inc/Legacy -I../Drivers/STM32F1xx_HAL_Driver/Inc -I../Drivers/CMSIS/Device/ST/STM32F1xx/Include -I../Drivers/CMSIS/Include -O0 -ffunction-sections -fdata-sections -Wall -fstack-usage -MMD -MP -MF"Drivers/STM32F1xx_HAL_Driver/Src/stm32f1xx_hal_tim_ex.d" -MT"Drivers/STM32F1xx_HAL_Driver/Src/stm32f1xx_hal_tim_ex.o" --specs=nano.specs -mfloat-abi=soft -mthumb -o "Drivers/STM32F1xx_HAL_Driver/Src/stm32f1xx_hal_tim_ex.o"
arm-none-eabi-gcc -mcpu=cortex-m3 -g3 -DDEBUG -c -x assembler-with-cpp -MMD -MP -MF"Core/Startup/startup_stm32f103c8tx.d" -MT"Core/Startup/startup_stm32f103c8tx.o" --specs=nano.specs -mfloat-abi=soft -mthumb -o "Core/Startup/startup_stm32f103c8tx.o" "../Core/Startup/startup_stm32f103c8tx.s"
arm-none-eabi-gcc "../Core/Src/main.c" -mcpu=cortex-m3 -std=gnu11 -g3 -DDEBUG -DUSE_HAL_DRIVER -DSTM32F103xB -c -I../Core/Inc -I../Drivers/STM32F1xx_HAL_Driver/Inc/Legacy -I../Drivers/STM32F1xx_HAL_Driver/Inc -I../Drivers/CMSIS/Device/ST/STM32F1xx/Include -I../Drivers/CMSIS/Include -O0 -ffunction-sections -fdata-sections -Wall -fstack-usage -MMD -MP -MF"Core/Src/main.d" -MT"Core/Src/main.o" --specs=nano.specs -mfloat-abi=soft -mthumb -o "Core/Src/main.o"
arm-none-eabi-gcc "../Core/Src/stm32f1xx_hal_msp.c" -mcpu=cortex-m3 -std=gnu11 -g3 -DDEBUG -DUSE_HAL_DRIVER -DSTM32F103xB -c -I../Core/Inc -I../Drivers/STM32F1xx_HAL_Driver/Inc/Legacy -I../Drivers/STM32F1xx_HAL_Driver/Inc -I../Drivers/CMSIS/Device/ST/STM32F1xx/Include -I../Drivers/CMSIS/Include -O0 -ffunction-sections -fdata-sections -Wall -fstack-usage -MMD -MP -MF"Core/Src/stm32f1xx_hal_msp.d" -MT"Core/Src/stm32f1xx_hal_msp.o" --specs=nano.specs -mfloat-abi=soft -mthumb -o "Core/Src/stm32f1xx_hal_msp.o"
arm-none-eabi-gcc "../Core/Src/stm32f1xx_it.c" -mcpu=cortex-m3 -std=gnu11 -g3 -DDEBUG -DUSE_HAL_DRIVER -DSTM32F103xB -c -I../Core/Inc -I../Drivers/STM32F1xx_HAL_Driver/Inc/Legacy -I../Drivers/STM32F1xx_HAL_Driver/Inc -I../Drivers/CMSIS/Device/ST/STM32F1xx/Include -I../Drivers/CMSIS/Include -O0 -ffunction-sections -fdata-sections -Wall -fstack-usage -MMD -MP -MF"Core/Src/stm32f1xx_it.d" -MT"Core/Src/stm32f1xx_it.o" --specs=nano.specs -mfloat-abi=soft -mthumb -o "Core/Src/stm32f1xx_it.o"
arm-none-eabi-gcc "../Core/Src/syscalls.c" -mcpu=cortex-m3 -std=gnu11 -g3 -DDEBUG -DUSE_HAL_DRIVER -DSTM32F103xB -c -I../Core/Inc -I../Drivers/STM32F1xx_HAL_Driver/Inc/Legacy -I../Drivers/STM32F1xx_HAL_Driver/Inc -I../Drivers/CMSIS/Device/ST/STM32F1xx/Include -I../Drivers/CMSIS/Include -O0 -ffunction-sections -fdata-sections -Wall -fstack-usage -MMD -MP -MF"Core/Src/syscalls.d" -MT"Core/Src/syscalls.o" --specs=nano.specs -mfloat-abi=soft -mthumb -o "Core/Src/syscalls.o"
arm-none-eabi-gcc "../Core/Src/sysmem.c" -mcpu=cortex-m3 -std=gnu11 -g3 -DDEBUG -DUSE_HAL_DRIVER -DSTM32F103xB -c -I../Core/Inc -I../Drivers/STM32F1xx_HAL_Driver/Inc/Legacy -I../Drivers/STM32F1xx_HAL_Driver/Inc -I../Drivers/CMSIS/Device/ST/STM32F1xx/Include -I../Drivers/CMSIS/Include -O0 -ffunction-sections -fdata-sections -Wall -fstack-usage -MMD -MP -MF"Core/Src/sysmem.d" -MT"Core/Src/sysmem.o" --specs=nano.specs -mfloat-abi=soft -mthumb -o "Core/Src/sysmem.o"
arm-none-eabi-gcc "../Core/Src/system_stm32f1xx.c" -mcpu=cortex-m3 -std=gnu11 -g3 -DDEBUG -DUSE_HAL_DRIVER -DSTM32F103xB -c -I../Core/Inc -I../Drivers/STM32F1xx_HAL_Driver/Inc/Legacy -I../Drivers/STM32F1xx_HAL_Driver/Inc -I../Drivers/CMSIS/Device/ST/STM32F1xx/Include -I../Drivers/CMSIS/Include -O0 -ffunction-sections -fdata-sections -Wall -fstack-usage -MMD -MP -MF"Core/Src/system_stm32f1xx.d" -MT"Core/Src/system_stm32f1xx.o" --specs=nano.specs -mfloat-abi=soft -mthumb -o "Core/Src/system_stm32f1xx.o"
arm-none-eabi-gcc -o "Four_Quad_DC_Motor_Driver_Firmware.elf" @"objects.list"   -mcpu=cortex-m3 -T"C:\Users\isikemir\Desktop\Courses\EE463\TermProject\EE463-HardwareProject\3-Firmware\Four_Quad_DC_Motor_Driver_Firmware\STM32F103C8TX_FLASH.ld" --specs=nosys.specs -Wl,-Map="Four_Quad_DC_Motor_Driver_Firmware.map" -Wl,--gc-sections -static --specs=nano.specs -mfloat-abi=soft -mthumb -Wl,--start-group -lc -lm -Wl,--end-group
Finished building target: Four_Quad_DC_Motor_Driver_Firmware.elf
 
arm-none-eabi-size   Four_Quad_DC_Motor_Driver_Firmware.elf 
arm-none-eabi-objdump -h -S  Four_Quad_DC_Motor_Driver_Firmware.elf  > "Four_Quad_DC_Motor_Driver_Firmware.list"
   text	   data	    bss	    dec	    hex	filename
  11660	     20	   1900	  13580	   350c	Four_Quad_DC_Motor_Driver_Firmware.elf
Finished building: default.size.stdout
 
Finished building: Four_Quad_DC_Motor_Driver_Firmware.list
 
15:21:23 **** Incremental Build of configuration Debug for project Four_Quad_DC_Motor_Driver_Firmware ****
make -j8 all 
arm-none-eabi-size   Four_Quad_DC_Motor_Driver_Firmware.elf 
   text	   data	    bss	    dec	    hex	filename
  11660	     20	   1900	  13580	   350c	Four_Quad_DC_Motor_Driver_Firmware.elf
Finished building: default.size.stdout
 
15:22:25 **** Incremental Build of configuration Debug for project Four_Quad_DC_Motor_Driver_Firmware ****
make -j8 all 
arm-none-eabi-size   Four_Quad_DC_Motor_Driver_Firmware.elf 
   text	   data	    bss	    dec	    hex	filename
  11660	     20	   1900	  13580	   350c	Four_Quad_DC_Motor_Driver_Firmware.elf
Finished building: default.size.stdout
 
15:22:50 **** Incremental Build of configuration Debug for project Four_Quad_DC_Motor_Driver_Firmware ****
make -j8 all 
arm-none-eabi-size   Four_Quad_DC_Motor_Driver_Firmware.elf 
   text	   data	    bss	    dec	    hex	filename
  11660	     20	   1900	  13580	   350c	Four_Quad_DC_Motor_Driver_Firmware.elf
Finished building: default.size.stdout
 
15:23:19 **** Incremental Build of configuration Debug for project Four_Quad_DC_Motor_Driver_Firmware ****
make -j8 all 
arm-none-eabi-size   Four_Quad_DC_Motor_Driver_Firmware.elf 
   text	   data	    bss	    dec	    hex	filename
  11660	     20	   1900	  13580	   350c	Four_Quad_DC_Motor_Driver_Firmware.elf
Finished building: default.size.stdout
 
15:23:46 **** Incremental Build of configuration Debug for project Four_Quad_DC_Motor_Driver_Firmware ****
make -j8 all 
arm-none-eabi-size   Four_Quad_DC_Motor_Driver_Firmware.elf 
   text	   data	    bss	    dec	    hex	filename
  11660	     20	   1900	  13580	   350c	Four_Quad_DC_Motor_Driver_Firmware.elf
Finished building: default.size.stdout
 
15:24:41 **** Incremental Build of configuration Debug for project Four_Quad_DC_Motor_Driver_Firmware ****
make -j8 all 
arm-none-eabi-size   Four_Quad_DC_Motor_Driver_Firmware.elf 
   text	   data	    bss	    dec	    hex	filename
  11660	     20	   1900	  13580	   350c	Four_Quad_DC_Motor_Driver_Firmware.elf
Finished building: default.size.stdout
 
15:25:31 **** Incremental Build of configuration Debug for project Four_Quad_DC_Motor_Driver_Firmware ****
make -j8 all 
arm-none-eabi-size   Four_Quad_DC_Motor_Driver_Firmware.elf 
   text	   data	    bss	    dec	    hex	filename
  11660	     20	   1900	  13580	   350c	Four_Quad_DC_Motor_Driver_Firmware.elf
Finished building: default.size.stdout
 
15:26:05 **** Incremental Build of configuration Debug for project Four_Quad_DC_Motor_Driver_Firmware ****
make -j8 all 
arm-none-eabi-size   Four_Quad_DC_Motor_Driver_Firmware.elf 
   text	   data	    bss	    dec	    hex	filename
  11660	     20	   1900	  13580	   350c	Four_Quad_DC_Motor_Driver_Firmware.elf
Finished building: default.size.stdout
 
15:26:38 **** Incremental Build of configuration Debug for project Four_Quad_DC_Motor_Driver_Firmware ****
make -j8 all 
arm-none-eabi-size   Four_Quad_DC_Motor_Driver_Firmware.elf 
   text	   data	    bss	    dec	    hex	filename
  11660	     20	   1900	  13580	   350c	Four_Quad_DC_Motor_Driver_Firmware.elf
Finished building: default.size.stdout
 
15:27:57 **** Incremental Build of configuration Debug for project Four_Quad_DC_Motor_Driver_Firmware ****
make -j8 all 
arm-none-eabi-size   Four_Quad_DC_Motor_Driver_Firmware.elf 
   text	   data	    bss	    dec	    hex	filename
  11660	     20	   1900	  13580	   350c	Four_Quad_DC_Motor_Driver_Firmware.elf
Finished building: default.size.stdout
 
15:28:32 **** Incremental Build of configuration Debug for project Four_Quad_DC_Motor_Driver_Firmware ****
make -j8 all 
arm-none-eabi-size   Four_Quad_DC_Motor_Driver_Firmware.elf 
   text	   data	    bss	    dec	    hex	filename
  11660	     20	   1900	  13580	   350c	Four_Quad_DC_Motor_Driver_Firmware.elf
Finished building: default.size.stdout
 
15:28:54 **** Incremental Build of configuration Debug for project Four_Quad_DC_Motor_Driver_Firmware ****
make -j8 all 
arm-none-eabi-size   Four_Quad_DC_Motor_Driver_Firmware.elf 
   text	   data	    bss	    dec	    hex	filename
  11660	     20	   1900	  13580	   350c	Four_Quad_DC_Motor_Driver_Firmware.elf
Finished building: default.size.stdout
 
15:29:28 **** Incremental Build of configuration Debug for project Four_Quad_DC_Motor_Driver_Firmware ****
make -j8 all 
arm-none-eabi-size   Four_Quad_DC_Motor_Driver_Firmware.elf 
   text	   data	    bss	    dec	    hex	filename
  11660	     20	   1900	  13580	   350c	Four_Quad_DC_Motor_Driver_Firmware.elf
Finished building: default.size.stdout
 
15:29:34 **** Incremental Build of configuration Debug for project Four_Quad_DC_Motor_Driver_Firmware ****
make -j8 all 
arm-none-eabi-size   Four_Quad_DC_Motor_Driver_Firmware.elf 
   text	   data	    bss	    dec	    hex	filename
  11660	     20	   1900	  13580	   350c	Four_Quad_DC_Motor_Driver_Firmware.elf
Finished building: default.size.stdout
 
15:30:57 **** Incremental Build of configuration Debug for project Four_Quad_DC_Motor_Driver_Firmware ****
make -j8 all 
arm-none-eabi-size   Four_Quad_DC_Motor_Driver_Firmware.elf 
   text	   data	    bss	    dec	    hex	filename
  11660	     20	   1900	  13580	   350c	Four_Quad_DC_Motor_Driver_Firmware.elf
Finished building: default.size.stdout
 
15:31:08 **** Incremental Build of configuration Debug for project Four_Quad_DC_Motor_Driver_Firmware ****
make -j8 all 
arm-none-eabi-size   Four_Quad_DC_Motor_Driver_Firmware.elf 
   text	   data	    bss	    dec	    hex	filename
  11660	     20	   1900	  13580	   350c	Four_Quad_DC_Motor_Driver_Firmware.elf
Finished building: default.size.stdout
 
15:31:14 **** Incremental Build of configuration Debug for project Four_Quad_DC_Motor_Driver_Firmware ****
make -j8 all 
arm-none-eabi-size   Four_Quad_DC_Motor_Driver_Firmware.elf 
   text	   data	    bss	    dec	    hex	filename
  11660	     20	   1900	  13580	   350c	Four_Quad_DC_Motor_Driver_Firmware.elf
Finished building: default.size.stdout
 
15:33:35 **** Incremental Build of configuration Debug for project Four_Quad_DC_Motor_Driver_Firmware ****
make -j8 all 
arm-none-eabi-size   Four_Quad_DC_Motor_Driver_Firmware.elf 
   text	   data	    bss	    dec	    hex	filename
  11660	     20	   1900	  13580	   350c	Four_Quad_DC_Motor_Driver_Firmware.elf
Finished building: default.size.stdout
 
15:35:15 **** Incremental Build of configuration Debug for project Four_Quad_DC_Motor_Driver_Firmware ****
make -j8 all 
arm-none-eabi-size   Four_Quad_DC_Motor_Driver_Firmware.elf 
   text	   data	    bss	    dec	    hex	filename
  11660	     20	   1900	  13580	   350c	Four_Quad_DC_Motor_Driver_Firmware.elf
Finished building: default.size.stdout
 
15:35:42 **** Incremental Build of configuration Debug for project Four_Quad_DC_Motor_Driver_Firmware ****
make -j8 all 
arm-none-eabi-size   Four_Quad_DC_Motor_Driver_Firmware.elf 
   text	   data	    bss	    dec	    hex	filename
  11660	     20	   1900	  13580	   350c	Four_Quad_DC_Motor_Driver_Firmware.elf
Finished building: default.size.stdout
 
15:35:54 **** Incremental Build of configuration Debug for project Four_Quad_DC_Motor_Driver_Firmware ****
make -j8 all 
arm-none-eabi-size   Four_Quad_DC_Motor_Driver_Firmware.elf 
   text	   data	    bss	    dec	    hex	filename
  11660	     20	   1900	  13580	   350c	Four_Quad_DC_Motor_Driver_Firmware.elf
Finished building: default.size.stdout
 
15:38:34 **** Incremental Build of configuration Debug for project Four_Quad_DC_Motor_Driver_Firmware ****
make -j8 all 
arm-none-eabi-size   Four_Quad_DC_Motor_Driver_Firmware.elf 
   text	   data	    bss	    dec	    hex	filename
  11660	     20	   1900	  13580	   350c	Four_Quad_DC_Motor_Driver_Firmware.elf
Finished building: default.size.stdout
 
15:38:46 **** Incremental Build of configuration Debug for project Four_Quad_DC_Motor_Driver_Firmware ****
make -j8 all 
arm-none-eabi-size   Four_Quad_DC_Motor_Driver_Firmware.elf 
   text	   data	    bss	    dec	    hex	filename
  11660	     20	   1900	  13580	   350c	Four_Quad_DC_Motor_Driver_Firmware.elf
Finished building: default.size.stdout
 
15:41:10 **** Incremental Build of configuration Debug for project Four_Quad_DC_Motor_Driver_Firmware ****
make -j8 all 
arm-none-eabi-size   Four_Quad_DC_Motor_Driver_Firmware.elf 
   text	   data	    bss	    dec	    hex	filename
  11660	     20	   1900	  13580	   350c	Four_Quad_DC_Motor_Driver_Firmware.elf
Finished building: default.size.stdout
 
15:41:22 **** Incremental Build of configuration Debug for project Four_Quad_DC_Motor_Driver_Firmware ****
make -j8 all 
arm-none-eabi-size   Four_Quad_DC_Motor_Driver_Firmware.elf 
   text	   data	    bss	    dec	    hex	filename
  11660	     20	   1900	  13580	   350c	Four_Quad_DC_Motor_Driver_Firmware.elf
Finished building: default.size.stdout
 
15:41:46 **** Incremental Build of configuration Debug for project Four_Quad_DC_Motor_Driver_Firmware ****
make -j8 all 
arm-none-eabi-size   Four_Quad_DC_Motor_Driver_Firmware.elf 
   text	   data	    bss	    dec	    hex	filename
  11660	     20	   1900	  13580	   350c	Four_Quad_DC_Motor_Driver_Firmware.elf
Finished building: default.size.stdout
 
15:42:36 **** Incremental Build of configuration Debug for project Four_Quad_DC_Motor_Driver_Firmware ****
make -j8 all 
arm-none-eabi-size   Four_Quad_DC_Motor_Driver_Firmware.elf 
   text	   data	    bss	    dec	    hex	filename
  11660	     20	   1900	  13580	   350c	Four_Quad_DC_Motor_Driver_Firmware.elf
Finished building: default.size.stdout
 
15:42:51 **** Incremental Build of configuration Debug for project Four_Quad_DC_Motor_Driver_Firmware ****
make -j8 all 
arm-none-eabi-size   Four_Quad_DC_Motor_Driver_Firmware.elf 
   text	   data	    bss	    dec	    hex	filename
  11660	     20	   1900	  13580	   350c	Four_Quad_DC_Motor_Driver_Firmware.elf
Finished building: default.size.stdout
 
15:42:58 **** Incremental Build of configuration Debug for project Four_Quad_DC_Motor_Driver_Firmware ****
make -j8 all 
arm-none-eabi-size   Four_Quad_DC_Motor_Driver_Firmware.elf 
   text	   data	    bss	    dec	    hex	filename
  11660	     20	   1900	  13580	   350c	Four_Quad_DC_Motor_Driver_Firmware.elf
Finished building: default.size.stdout
 
15:46:55 **** Incremental Build of configuration Debug for project Four_Quad_DC_Motor_Driver_Firmware ****
make -j8 all 
arm-none-eabi-size   Four_Quad_DC_Motor_Driver_Firmware.elf 
   text	   data	    bss	    dec	    hex	filename
  11660	     20	   1900	  13580	   350c	Four_Quad_DC_Motor_Driver_Firmware.elf
Finished building: default.size.stdout
 
15:47:14 **** Incremental Build of configuration Debug for project Four_Quad_DC_Motor_Driver_Firmware ****
make -j8 all 
arm-none-eabi-size   Four_Quad_DC_Motor_Driver_Firmware.elf 
   text	   data	    bss	    dec	    hex	filename
  11660	     20	   1900	  13580	   350c	Four_Quad_DC_Motor_Driver_Firmware.elf
Finished building: default.size.stdout
 
15:50:46 **** Incremental Build of configuration Debug for project Four_Quad_DC_Motor_Driver_Firmware ****
make -j8 all 
arm-none-eabi-size   Four_Quad_DC_Motor_Driver_Firmware.elf 
   text	   data	    bss	    dec	    hex	filename
  11660	     20	   1900	  13580	   350c	Four_Quad_DC_Motor_Driver_Firmware.elf
Finished building: default.size.stdout
 
15:50:59 **** Incremental Build of configuration Debug for project Four_Quad_DC_Motor_Driver_Firmware ****
make -j8 all 
arm-none-eabi-size   Four_Quad_DC_Motor_Driver_Firmware.elf 
   text	   data	    bss	    dec	    hex	filename
  11660	     20	   1900	  13580	   350c	Four_Quad_DC_Motor_Driver_Firmware.elf
Finished building: default.size.stdout
 
15:51:39 **** Incremental Build of configuration Debug for project Four_Quad_DC_Motor_Driver_Firmware ****
make -j8 all 
arm-none-eabi-size   Four_Quad_DC_Motor_Driver_Firmware.elf 
   text	   data	    bss	    dec	    hex	filename
  11660	     20	   1900	  13580	   350c	Four_Quad_DC_Motor_Driver_Firmware.elf
Finished building: default.size.stdout
 
15:54:29 **** Incremental Build of configuration Debug for project Four_Quad_DC_Motor_Driver_Firmware ****
make -j8 all 
arm-none-eabi-size   Four_Quad_DC_Motor_Driver_Firmware.elf 
   text	   data	    bss	    dec	    hex	filename
  11660	     20	   1900	  13580	   350c	Four_Quad_DC_Motor_Driver_Firmware.elf
Finished building: default.size.stdout
 
15:54:45 **** Incremental Build of configuration Debug for project Four_Quad_DC_Motor_Driver_Firmware ****
make -j8 all 
arm-none-eabi-size   Four_Quad_DC_Motor_Driver_Firmware.elf 
   text	   data	    bss	    dec	    hex	filename
  11660	     20	   1900	  13580	   350c	Four_Quad_DC_Motor_Driver_Firmware.elf
Finished building: default.size.stdout
 
15:54:59 **** Incremental Build of configuration Debug for project Four_Quad_DC_Motor_Driver_Firmware ****
make -j8 all 
arm-none-eabi-size   Four_Quad_DC_Motor_Driver_Firmware.elf 
   text	   data	    bss	    dec	    hex	filename
  11660	     20	   1900	  13580	   350c	Four_Quad_DC_Motor_Driver_Firmware.elf
Finished building: default.size.stdout
 
22:04:59 **** Build of configuration Debug for project Four_Quad_DC_Motor_Driver_Firmware ****
make -j8 all 
arm-none-eabi-gcc "../Core/Src/main.c" -mcpu=cortex-m3 -std=gnu11 -g3 -DDEBUG -DUSE_HAL_DRIVER -DSTM32F103xB -c -I../Core/Inc -I../Drivers/STM32F1xx_HAL_Driver/Inc/Legacy -I../Drivers/STM32F1xx_HAL_Driver/Inc -I../Drivers/CMSIS/Device/ST/STM32F1xx/Include -I../Drivers/CMSIS/Include -O0 -ffunction-sections -fdata-sections -Wall -fstack-usage -MMD -MP -MF"Core/Src/main.d" -MT"Core/Src/main.o" --specs=nano.specs -mfloat-abi=soft -mthumb -o "Core/Src/main.o"
arm-none-eabi-gcc "../Core/Src/stm32f1xx_hal_msp.c" -mcpu=cortex-m3 -std=gnu11 -g3 -DDEBUG -DUSE_HAL_DRIVER -DSTM32F103xB -c -I../Core/Inc -I../Drivers/STM32F1xx_HAL_Driver/Inc/Legacy -I../Drivers/STM32F1xx_HAL_Driver/Inc -I../Drivers/CMSIS/Device/ST/STM32F1xx/Include -I../Drivers/CMSIS/Include -O0 -ffunction-sections -fdata-sections -Wall -fstack-usage -MMD -MP -MF"Core/Src/stm32f1xx_hal_msp.d" -MT"Core/Src/stm32f1xx_hal_msp.o" --specs=nano.specs -mfloat-abi=soft -mthumb -o "Core/Src/stm32f1xx_hal_msp.o"
arm-none-eabi-gcc "../Core/Src/stm32f1xx_it.c" -mcpu=cortex-m3 -std=gnu11 -g3 -DDEBUG -DUSE_HAL_DRIVER -DSTM32F103xB -c -I../Core/Inc -I../Drivers/STM32F1xx_HAL_Driver/Inc/Legacy -I../Drivers/STM32F1xx_HAL_Driver/Inc -I../Drivers/CMSIS/Device/ST/STM32F1xx/Include -I../Drivers/CMSIS/Include -O0 -ffunction-sections -fdata-sections -Wall -fstack-usage -MMD -MP -MF"Core/Src/stm32f1xx_it.d" -MT"Core/Src/stm32f1xx_it.o" --specs=nano.specs -mfloat-abi=soft -mthumb -o "Core/Src/stm32f1xx_it.o"
../Core/Src/stm32f1xx_it.c: In function 'EXTI2_IRQHandler':
../Core/Src/stm32f1xx_it.c:213:5: error: 'Soft_st_done' undeclared (first use in this function)
  213 |  if(Soft_st_done == 0){
      |     ^~~~~~~~~~~~
../Core/Src/stm32f1xx_it.c:213:5: note: each undeclared identifier is reported only once for each function it appears in
../Core/Src/stm32f1xx_it.c:214:3: error: 'Soft_st' undeclared (first use in this function)
  214 |   Soft_st = 1;
      |   ^~~~~~~
../Core/Src/stm32f1xx_it.c: In function 'TIM4_IRQHandler':
../Core/Src/stm32f1xx_it.c:268:22: error: 'I_set' undeclared (first use in this function)
  268 |   float prop_error = I_set - I_sense;
      |                      ^~~~~
../Core/Src/stm32f1xx_it.c:268:30: error: 'I_sense' undeclared (first use in this function)
  268 |   float prop_error = I_set - I_sense;
      |                              ^~~~~~~
../Core/Src/stm32f1xx_it.c:269:49: error: 'delta_t' undeclared (first use in this function)
  269 |   float der_error = (prop_error-pre_prop_error)/delta_t;
      |                                                 ^~~~~~~
../Core/Src/stm32f1xx_it.c:270:27: error: 'pos1_error' undeclared (first use in this function); did you mean 'prop_error'?
  270 |   int_error = int_error + pos1_error*delta_t;
      |                           ^~~~~~~~~~
      |                           prop_error
../Core/Src/stm32f1xx_it.c:276:3: error: 'duty' undeclared (first use in this function)
  276 |   duty = (int)(kp*prop_error+kd*der_error+ki*int_error);
      |   ^~~~
../Core/Src/stm32f1xx_it.c:276:16: error: 'kp' undeclared (first use in this function)
  276 |   duty = (int)(kp*prop_error+kd*der_error+ki*int_error);
      |                ^~
../Core/Src/stm32f1xx_it.c:276:30: error: 'kd' undeclared (first use in this function)
  276 |   duty = (int)(kp*prop_error+kd*der_error+ki*int_error);
      |                              ^~
../Core/Src/stm32f1xx_it.c:276:43: error: 'ki' undeclared (first use in this function)
  276 |   duty = (int)(kp*prop_error+kd*der_error+ki*int_error);
      |                                           ^~
../Core/Src/stm32f1xx_it.c:281:5: error: 'mot1_dir' undeclared (first use in this function)
  281 |     mot1_dir = 0;
      |     ^~~~~~~~
../Core/Src/stm32f1xx_it.c:282:30: error: 'IN1_A_Pin' undeclared (first use in this function)
  282 |     HAL_GPIO_WritePin(GPIOB, IN1_A_Pin, HIGH);
      |                              ^~~~~~~~~
../Core/Src/stm32f1xx_it.c:282:41: error: 'HIGH' undeclared (first use in this function)
  282 |     HAL_GPIO_WritePin(GPIOB, IN1_A_Pin, HIGH);
      |                                         ^~~~
../Core/Src/stm32f1xx_it.c:283:30: error: 'IN1_B_Pin' undeclared (first use in this function)
  283 |     HAL_GPIO_WritePin(GPIOB, IN1_B_Pin, LOW);
      |                              ^~~~~~~~~
../Core/Src/stm32f1xx_it.c:283:41: error: 'LOW' undeclared (first use in this function)
  283 |     HAL_GPIO_WritePin(GPIOB, IN1_B_Pin, LOW);
      |                                         ^~~
../Core/Src/stm32f1xx_it.c:287:5: error: 'duty1' undeclared (first use in this function)
  287 |     duty1 = -duty1;
      |     ^~~~~
../Core/Src/stm32f1xx_it.c:297:6: error: 'duty2' undeclared (first use in this function)
  297 |   if(duty2 > 300){
      |      ^~~~~
../Core/Src/stm32f1xx_it.c:300:6: error: 'duty3' undeclared (first use in this function)
  300 |   if(duty3 > 700){
      |      ^~~~~
make: *** [Core/Src/subdir.mk:34: Core/Src/stm32f1xx_it.o] Error 1
make: *** Waiting for unfinished jobs....
"make -j8 all" terminated with exit code 2. Build might be incomplete.
16:35:23 **** Incremental Build of configuration Debug for project Four_Quad_DC_Motor_Driver_Firmware ****
make -j8 all 
arm-none-eabi-gcc "../Core/Src/main.c" -mcpu=cortex-m3 -std=gnu11 -g3 -DDEBUG -DUSE_HAL_DRIVER -DSTM32F103xB -c -I../Core/Inc -I../Drivers/STM32F1xx_HAL_Driver/Inc/Legacy -I../Drivers/STM32F1xx_HAL_Driver/Inc -I../Drivers/CMSIS/Device/ST/STM32F1xx/Include -I../Drivers/CMSIS/Include -O0 -ffunction-sections -fdata-sections -Wall -fstack-usage -MMD -MP -MF"Core/Src/main.d" -MT"Core/Src/main.o" --specs=nano.specs -mfloat-abi=soft -mthumb -o "Core/Src/main.o"
arm-none-eabi-gcc "../Core/Src/stm32f1xx_hal_msp.c" -mcpu=cortex-m3 -std=gnu11 -g3 -DDEBUG -DUSE_HAL_DRIVER -DSTM32F103xB -c -I../Core/Inc -I../Drivers/STM32F1xx_HAL_Driver/Inc/Legacy -I../Drivers/STM32F1xx_HAL_Driver/Inc -I../Drivers/CMSIS/Device/ST/STM32F1xx/Include -I../Drivers/CMSIS/Include -O0 -ffunction-sections -fdata-sections -Wall -fstack-usage -MMD -MP -MF"Core/Src/stm32f1xx_hal_msp.d" -MT"Core/Src/stm32f1xx_hal_msp.o" --specs=nano.specs -mfloat-abi=soft -mthumb -o "Core/Src/stm32f1xx_hal_msp.o"
arm-none-eabi-gcc "../Core/Src/stm32f1xx_it.c" -mcpu=cortex-m3 -std=gnu11 -g3 -DDEBUG -DUSE_HAL_DRIVER -DSTM32F103xB -c -I../Core/Inc -I../Drivers/STM32F1xx_HAL_Driver/Inc/Legacy -I../Drivers/STM32F1xx_HAL_Driver/Inc -I../Drivers/CMSIS/Device/ST/STM32F1xx/Include -I../Drivers/CMSIS/Include -O0 -ffunction-sections -fdata-sections -Wall -fstack-usage -MMD -MP -MF"Core/Src/stm32f1xx_it.d" -MT"Core/Src/stm32f1xx_it.o" --specs=nano.specs -mfloat-abi=soft -mthumb -o "Core/Src/stm32f1xx_it.o"
../Core/Src/main.c: In function 'main':
../Core/Src/main.c:126:3: error: cannot convert to a pointer type
  126 |   HAL_ADC_Start_DMA(&hadc1, (uint32_t*)I_set, ADC_BUF_LEN);
      |   ^~~~~~~~~~~~~~~~~
../Core/Src/stm32f1xx_it.c: In function 'TIM4_IRQHandler':
../Core/Src/stm32f1xx_it.c:321:29: error: 'pos1_error' undeclared (first use in this function); did you mean 'prop_error'?
  321 |     int_error = int_error + pos1_error*delta_t;
      |                             ^~~~~~~~~~
      |                             prop_error
../Core/Src/stm32f1xx_it.c:321:29: note: each undeclared identifier is reported only once for each function it appears in
../Core/Src/stm32f1xx_it.c:320:11: warning: unused variable 'der_error' [-Wunused-variable]
  320 |     float der_error = (prop_error-pre_prop_error)/delta_t;
      |           ^~~~~~~~~
../Core/Src/main.c:131:29: error: 'TIM_CHANNEL_1N' undeclared (first use in this function); did you mean 'TIM_CHANNEL_1'?
  131 |   HAL_TIM_PWM_Start(&htim1, TIM_CHANNEL_1N);
      |                             ^~~~~~~~~~~~~~
      |                             TIM_CHANNEL_1
../Core/Src/main.c:131:29: note: each undeclared identifier is reported only once for each function it appears in
make: *** [Core/Src/subdir.mk:34: Core/Src/stm32f1xx_it.o] Error 1
make: *** Waiting for unfinished jobs....
make: *** [Core/Src/subdir.mk:34: Core/Src/main.o] Error 1
"make -j8 all" terminated with exit code 2. Build might be incomplete.
16:35:25 **** Clean-only build of configuration Debug for project module_test_demo ****
make -j8 clean 
rm -rf ./Drivers/STM32F1xx_HAL_Driver/Src/stm32f1xx_hal.d ./Drivers/STM32F1xx_HAL_Driver/Src/stm32f1xx_hal.o ./Drivers/STM32F1xx_HAL_Driver/Src/stm32f1xx_hal.su ./Drivers/STM32F1xx_HAL_Driver/Src/stm32f1xx_hal_cortex.d ./Drivers/STM32F1xx_HAL_Driver/Src/stm32f1xx_hal_cortex.o ./Drivers/STM32F1xx_HAL_Driver/Src/stm32f1xx_hal_cortex.su ./Drivers/STM32F1xx_HAL_Driver/Src/stm32f1xx_hal_dma.d ./Drivers/STM32F1xx_HAL_Driver/Src/stm32f1xx_hal_dma.o ./Drivers/STM32F1xx_HAL_Driver/Src/stm32f1xx_hal_dma.su ./Drivers/STM32F1xx_HAL_Driver/Src/stm32f1xx_hal_exti.d ./Drivers/STM32F1xx_HAL_Driver/Src/stm32f1xx_hal_exti.o ./Drivers/STM32F1xx_HAL_Driver/Src/stm32f1xx_hal_exti.su ./Drivers/STM32F1xx_HAL_Driver/Src/stm32f1xx_hal_flash.d ./Drivers/STM32F1xx_HAL_Driver/Src/stm32f1xx_hal_flash.o ./Drivers/STM32F1xx_HAL_Driver/Src/stm32f1xx_hal_flash.su ./Drivers/STM32F1xx_HAL_Driver/Src/stm32f1xx_hal_flash_ex.d ./Drivers/STM32F1xx_HAL_Driver/Src/stm32f1xx_hal_flash_ex.o ./Drivers/STM32F1xx_HAL_Driver/Src/stm32f1xx_hal_flash_ex.su ./Drivers/STM32F1xx_HAL_Driver/Src/stm32f1xx_hal_gpio.d ./Drivers/STM32F1xx_HAL_Driver/Src/stm32f1xx_hal_gpio.o ./Drivers/STM32F1xx_HAL_Driver/Src/stm32f1xx_hal_gpio.su ./Drivers/STM32F1xx_HAL_Driver/Src/stm32f1xx_hal_gpio_ex.d ./Drivers/STM32F1xx_HAL_Driver/Src/stm32f1xx_hal_gpio_ex.o ./Drivers/STM32F1xx_HAL_Driver/Src/stm32f1xx_hal_gpio_ex.su ./Drivers/STM32F1xx_HAL_Driver/Src/stm32f1xx_hal_pwr.d ./Drivers/STM32F1xx_HAL_Driver/Src/stm32f1xx_hal_pwr.o ./Drivers/STM32F1xx_HAL_Driver/Src/stm32f1xx_hal_pwr.su ./Drivers/STM32F1xx_HAL_Driver/Src/stm32f1xx_hal_rcc.d ./Drivers/STM32F1xx_HAL_Driver/Src/stm32f1xx_hal_rcc.o ./Drivers/STM32F1xx_HAL_Driver/Src/stm32f1xx_hal_rcc.su ./Drivers/STM32F1xx_HAL_Driver/Src/stm32f1xx_hal_rcc_ex.d ./Drivers/STM32F1xx_HAL_Driver/Src/stm32f1xx_hal_rcc_ex.o ./Drivers/STM32F1xx_HAL_Driver/Src/stm32f1xx_hal_rcc_ex.su ./Drivers/STM32F1xx_HAL_Driver/Src/stm32f1xx_hal_tim.d ./Drivers/STM32F1xx_HAL_Driver/Src/stm32f1xx_hal_tim.o ./Drivers/STM32F1xx_HAL_Driver/Src/stm32f1xx_hal_tim.su ./Drivers/STM32F1xx_HAL_Driver/Src/stm32f1xx_hal_tim_ex.d ./Drivers/STM32F1xx_HAL_Driver/Src/stm32f1xx_hal_tim_ex.o ./Drivers/STM32F1xx_HAL_Driver/Src/stm32f1xx_hal_tim_ex.su ./Drivers/STM32F1xx_HAL_Driver/Src/stm32f1xx_hal_uart.d ./Drivers/STM32F1xx_HAL_Driver/Src/stm32f1xx_hal_uart.o ./Drivers/STM32F1xx_HAL_Driver/Src/stm32f1xx_hal_uart.su
rm -rf ./Core/Startup/startup_stm32f103c8tx.d ./Core/Startup/startup_stm32f103c8tx.o
rm -rf ./Core/Src/main.d ./Core/Src/main.o ./Core/Src/main.su ./Core/Src/stm32f1xx_hal_msp.d ./Core/Src/stm32f1xx_hal_msp.o ./Core/Src/stm32f1xx_hal_msp.su ./Core/Src/stm32f1xx_it.d ./Core/Src/stm32f1xx_it.o ./Core/Src/stm32f1xx_it.su ./Core/Src/syscalls.d ./Core/Src/syscalls.o ./Core/Src/syscalls.su ./Core/Src/sysmem.d ./Core/Src/sysmem.o ./Core/Src/sysmem.su ./Core/Src/system_stm32f1xx.d ./Core/Src/system_stm32f1xx.o ./Core/Src/system_stm32f1xx.su
rm -rf default.size.stdout module_test_demo.elf module_test_demo.list module_test_demo.map
 
16:35:25 **** Build of configuration Debug for project module_test_demo ****
make -j8 all 
arm-none-eabi-gcc "../Drivers/STM32F1xx_HAL_Driver/Src/stm32f1xx_hal.c" -mcpu=cortex-m3 -std=gnu11 -g3 -DDEBUG -DUSE_HAL_DRIVER -DSTM32F103xB -c -I../Core/Inc -I../Drivers/STM32F1xx_HAL_Driver/Inc/Legacy -I../Drivers/STM32F1xx_HAL_Driver/Inc -I../Drivers/CMSIS/Device/ST/STM32F1xx/Include -I../Drivers/CMSIS/Include -O0 -ffunction-sections -fdata-sections -Wall -fstack-usage -MMD -MP -MF"Drivers/STM32F1xx_HAL_Driver/Src/stm32f1xx_hal.d" -MT"Drivers/STM32F1xx_HAL_Driver/Src/stm32f1xx_hal.o" --specs=nano.specs -mfloat-abi=soft -mthumb -o "Drivers/STM32F1xx_HAL_Driver/Src/stm32f1xx_hal.o"
arm-none-eabi-gcc "../Drivers/STM32F1xx_HAL_Driver/Src/stm32f1xx_hal_cortex.c" -mcpu=cortex-m3 -std=gnu11 -g3 -DDEBUG -DUSE_HAL_DRIVER -DSTM32F103xB -c -I../Core/Inc -I../Drivers/STM32F1xx_HAL_Driver/Inc/Legacy -I../Drivers/STM32F1xx_HAL_Driver/Inc -I../Drivers/CMSIS/Device/ST/STM32F1xx/Include -I../Drivers/CMSIS/Include -O0 -ffunction-sections -fdata-sections -Wall -fstack-usage -MMD -MP -MF"Drivers/STM32F1xx_HAL_Driver/Src/stm32f1xx_hal_cortex.d" -MT"Drivers/STM32F1xx_HAL_Driver/Src/stm32f1xx_hal_cortex.o" --specs=nano.specs -mfloat-abi=soft -mthumb -o "Drivers/STM32F1xx_HAL_Driver/Src/stm32f1xx_hal_cortex.o"
arm-none-eabi-gcc "../Drivers/STM32F1xx_HAL_Driver/Src/stm32f1xx_hal_dma.c" -mcpu=cortex-m3 -std=gnu11 -g3 -DDEBUG -DUSE_HAL_DRIVER -DSTM32F103xB -c -I../Core/Inc -I../Drivers/STM32F1xx_HAL_Driver/Inc/Legacy -I../Drivers/STM32F1xx_HAL_Driver/Inc -I../Drivers/CMSIS/Device/ST/STM32F1xx/Include -I../Drivers/CMSIS/Include -O0 -ffunction-sections -fdata-sections -Wall -fstack-usage -MMD -MP -MF"Drivers/STM32F1xx_HAL_Driver/Src/stm32f1xx_hal_dma.d" -MT"Drivers/STM32F1xx_HAL_Driver/Src/stm32f1xx_hal_dma.o" --specs=nano.specs -mfloat-abi=soft -mthumb -o "Drivers/STM32F1xx_HAL_Driver/Src/stm32f1xx_hal_dma.o"
arm-none-eabi-gcc "../Drivers/STM32F1xx_HAL_Driver/Src/stm32f1xx_hal_exti.c" -mcpu=cortex-m3 -std=gnu11 -g3 -DDEBUG -DUSE_HAL_DRIVER -DSTM32F103xB -c -I../Core/Inc -I../Drivers/STM32F1xx_HAL_Driver/Inc/Legacy -I../Drivers/STM32F1xx_HAL_Driver/Inc -I../Drivers/CMSIS/Device/ST/STM32F1xx/Include -I../Drivers/CMSIS/Include -O0 -ffunction-sections -fdata-sections -Wall -fstack-usage -MMD -MP -MF"Drivers/STM32F1xx_HAL_Driver/Src/stm32f1xx_hal_exti.d" -MT"Drivers/STM32F1xx_HAL_Driver/Src/stm32f1xx_hal_exti.o" --specs=nano.specs -mfloat-abi=soft -mthumb -o "Drivers/STM32F1xx_HAL_Driver/Src/stm32f1xx_hal_exti.o"
arm-none-eabi-gcc "../Drivers/STM32F1xx_HAL_Driver/Src/stm32f1xx_hal_flash.c" -mcpu=cortex-m3 -std=gnu11 -g3 -DDEBUG -DUSE_HAL_DRIVER -DSTM32F103xB -c -I../Core/Inc -I../Drivers/STM32F1xx_HAL_Driver/Inc/Legacy -I../Drivers/STM32F1xx_HAL_Driver/Inc -I../Drivers/CMSIS/Device/ST/STM32F1xx/Include -I../Drivers/CMSIS/Include -O0 -ffunction-sections -fdata-sections -Wall -fstack-usage -MMD -MP -MF"Drivers/STM32F1xx_HAL_Driver/Src/stm32f1xx_hal_flash.d" -MT"Drivers/STM32F1xx_HAL_Driver/Src/stm32f1xx_hal_flash.o" --specs=nano.specs -mfloat-abi=soft -mthumb -o "Drivers/STM32F1xx_HAL_Driver/Src/stm32f1xx_hal_flash.o"
arm-none-eabi-gcc "../Drivers/STM32F1xx_HAL_Driver/Src/stm32f1xx_hal_flash_ex.c" -mcpu=cortex-m3 -std=gnu11 -g3 -DDEBUG -DUSE_HAL_DRIVER -DSTM32F103xB -c -I../Core/Inc -I../Drivers/STM32F1xx_HAL_Driver/Inc/Legacy -I../Drivers/STM32F1xx_HAL_Driver/Inc -I../Drivers/CMSIS/Device/ST/STM32F1xx/Include -I../Drivers/CMSIS/Include -O0 -ffunction-sections -fdata-sections -Wall -fstack-usage -MMD -MP -MF"Drivers/STM32F1xx_HAL_Driver/Src/stm32f1xx_hal_flash_ex.d" -MT"Drivers/STM32F1xx_HAL_Driver/Src/stm32f1xx_hal_flash_ex.o" --specs=nano.specs -mfloat-abi=soft -mthumb -o "Drivers/STM32F1xx_HAL_Driver/Src/stm32f1xx_hal_flash_ex.o"
arm-none-eabi-gcc "../Drivers/STM32F1xx_HAL_Driver/Src/stm32f1xx_hal_gpio.c" -mcpu=cortex-m3 -std=gnu11 -g3 -DDEBUG -DUSE_HAL_DRIVER -DSTM32F103xB -c -I../Core/Inc -I../Drivers/STM32F1xx_HAL_Driver/Inc/Legacy -I../Drivers/STM32F1xx_HAL_Driver/Inc -I../Drivers/CMSIS/Device/ST/STM32F1xx/Include -I../Drivers/CMSIS/Include -O0 -ffunction-sections -fdata-sections -Wall -fstack-usage -MMD -MP -MF"Drivers/STM32F1xx_HAL_Driver/Src/stm32f1xx_hal_gpio.d" -MT"Drivers/STM32F1xx_HAL_Driver/Src/stm32f1xx_hal_gpio.o" --specs=nano.specs -mfloat-abi=soft -mthumb -o "Drivers/STM32F1xx_HAL_Driver/Src/stm32f1xx_hal_gpio.o"
arm-none-eabi-gcc "../Drivers/STM32F1xx_HAL_Driver/Src/stm32f1xx_hal_gpio_ex.c" -mcpu=cortex-m3 -std=gnu11 -g3 -DDEBUG -DUSE_HAL_DRIVER -DSTM32F103xB -c -I../Core/Inc -I../Drivers/STM32F1xx_HAL_Driver/Inc/Legacy -I../Drivers/STM32F1xx_HAL_Driver/Inc -I../Drivers/CMSIS/Device/ST/STM32F1xx/Include -I../Drivers/CMSIS/Include -O0 -ffunction-sections -fdata-sections -Wall -fstack-usage -MMD -MP -MF"Drivers/STM32F1xx_HAL_Driver/Src/stm32f1xx_hal_gpio_ex.d" -MT"Drivers/STM32F1xx_HAL_Driver/Src/stm32f1xx_hal_gpio_ex.o" --specs=nano.specs -mfloat-abi=soft -mthumb -o "Drivers/STM32F1xx_HAL_Driver/Src/stm32f1xx_hal_gpio_ex.o"
arm-none-eabi-gcc "../Drivers/STM32F1xx_HAL_Driver/Src/stm32f1xx_hal_pwr.c" -mcpu=cortex-m3 -std=gnu11 -g3 -DDEBUG -DUSE_HAL_DRIVER -DSTM32F103xB -c -I../Core/Inc -I../Drivers/STM32F1xx_HAL_Driver/Inc/Legacy -I../Drivers/STM32F1xx_HAL_Driver/Inc -I../Drivers/CMSIS/Device/ST/STM32F1xx/Include -I../Drivers/CMSIS/Include -O0 -ffunction-sections -fdata-sections -Wall -fstack-usage -MMD -MP -MF"Drivers/STM32F1xx_HAL_Driver/Src/stm32f1xx_hal_pwr.d" -MT"Drivers/STM32F1xx_HAL_Driver/Src/stm32f1xx_hal_pwr.o" --specs=nano.specs -mfloat-abi=soft -mthumb -o "Drivers/STM32F1xx_HAL_Driver/Src/stm32f1xx_hal_pwr.o"
arm-none-eabi-gcc "../Drivers/STM32F1xx_HAL_Driver/Src/stm32f1xx_hal_rcc.c" -mcpu=cortex-m3 -std=gnu11 -g3 -DDEBUG -DUSE_HAL_DRIVER -DSTM32F103xB -c -I../Core/Inc -I../Drivers/STM32F1xx_HAL_Driver/Inc/Legacy -I../Drivers/STM32F1xx_HAL_Driver/Inc -I../Drivers/CMSIS/Device/ST/STM32F1xx/Include -I../Drivers/CMSIS/Include -O0 -ffunction-sections -fdata-sections -Wall -fstack-usage -MMD -MP -MF"Drivers/STM32F1xx_HAL_Driver/Src/stm32f1xx_hal_rcc.d" -MT"Drivers/STM32F1xx_HAL_Driver/Src/stm32f1xx_hal_rcc.o" --specs=nano.specs -mfloat-abi=soft -mthumb -o "Drivers/STM32F1xx_HAL_Driver/Src/stm32f1xx_hal_rcc.o"
arm-none-eabi-gcc "../Drivers/STM32F1xx_HAL_Driver/Src/stm32f1xx_hal_rcc_ex.c" -mcpu=cortex-m3 -std=gnu11 -g3 -DDEBUG -DUSE_HAL_DRIVER -DSTM32F103xB -c -I../Core/Inc -I../Drivers/STM32F1xx_HAL_Driver/Inc/Legacy -I../Drivers/STM32F1xx_HAL_Driver/Inc -I../Drivers/CMSIS/Device/ST/STM32F1xx/Include -I../Drivers/CMSIS/Include -O0 -ffunction-sections -fdata-sections -Wall -fstack-usage -MMD -MP -MF"Drivers/STM32F1xx_HAL_Driver/Src/stm32f1xx_hal_rcc_ex.d" -MT"Drivers/STM32F1xx_HAL_Driver/Src/stm32f1xx_hal_rcc_ex.o" --specs=nano.specs -mfloat-abi=soft -mthumb -o "Drivers/STM32F1xx_HAL_Driver/Src/stm32f1xx_hal_rcc_ex.o"
arm-none-eabi-gcc "../Drivers/STM32F1xx_HAL_Driver/Src/stm32f1xx_hal_tim.c" -mcpu=cortex-m3 -std=gnu11 -g3 -DDEBUG -DUSE_HAL_DRIVER -DSTM32F103xB -c -I../Core/Inc -I../Drivers/STM32F1xx_HAL_Driver/Inc/Legacy -I../Drivers/STM32F1xx_HAL_Driver/Inc -I../Drivers/CMSIS/Device/ST/STM32F1xx/Include -I../Drivers/CMSIS/Include -O0 -ffunction-sections -fdata-sections -Wall -fstack-usage -MMD -MP -MF"Drivers/STM32F1xx_HAL_Driver/Src/stm32f1xx_hal_tim.d" -MT"Drivers/STM32F1xx_HAL_Driver/Src/stm32f1xx_hal_tim.o" --specs=nano.specs -mfloat-abi=soft -mthumb -o "Drivers/STM32F1xx_HAL_Driver/Src/stm32f1xx_hal_tim.o"
arm-none-eabi-gcc "../Drivers/STM32F1xx_HAL_Driver/Src/stm32f1xx_hal_tim_ex.c" -mcpu=cortex-m3 -std=gnu11 -g3 -DDEBUG -DUSE_HAL_DRIVER -DSTM32F103xB -c -I../Core/Inc -I../Drivers/STM32F1xx_HAL_Driver/Inc/Legacy -I../Drivers/STM32F1xx_HAL_Driver/Inc -I../Drivers/CMSIS/Device/ST/STM32F1xx/Include -I../Drivers/CMSIS/Include -O0 -ffunction-sections -fdata-sections -Wall -fstack-usage -MMD -MP -MF"Drivers/STM32F1xx_HAL_Driver/Src/stm32f1xx_hal_tim_ex.d" -MT"Drivers/STM32F1xx_HAL_Driver/Src/stm32f1xx_hal_tim_ex.o" --specs=nano.specs -mfloat-abi=soft -mthumb -o "Drivers/STM32F1xx_HAL_Driver/Src/stm32f1xx_hal_tim_ex.o"
arm-none-eabi-gcc "../Drivers/STM32F1xx_HAL_Driver/Src/stm32f1xx_hal_uart.c" -mcpu=cortex-m3 -std=gnu11 -g3 -DDEBUG -DUSE_HAL_DRIVER -DSTM32F103xB -c -I../Core/Inc -I../Drivers/STM32F1xx_HAL_Driver/Inc/Legacy -I../Drivers/STM32F1xx_HAL_Driver/Inc -I../Drivers/CMSIS/Device/ST/STM32F1xx/Include -I../Drivers/CMSIS/Include -O0 -ffunction-sections -fdata-sections -Wall -fstack-usage -MMD -MP -MF"Drivers/STM32F1xx_HAL_Driver/Src/stm32f1xx_hal_uart.d" -MT"Drivers/STM32F1xx_HAL_Driver/Src/stm32f1xx_hal_uart.o" --specs=nano.specs -mfloat-abi=soft -mthumb -o "Drivers/STM32F1xx_HAL_Driver/Src/stm32f1xx_hal_uart.o"
arm-none-eabi-gcc -mcpu=cortex-m3 -g3 -DDEBUG -c -x assembler-with-cpp -MMD -MP -MF"Core/Startup/startup_stm32f103c8tx.d" -MT"Core/Startup/startup_stm32f103c8tx.o" --specs=nano.specs -mfloat-abi=soft -mthumb -o "Core/Startup/startup_stm32f103c8tx.o" "../Core/Startup/startup_stm32f103c8tx.s"
arm-none-eabi-gcc "../Core/Src/main.c" -mcpu=cortex-m3 -std=gnu11 -g3 -DDEBUG -DUSE_HAL_DRIVER -DSTM32F103xB -c -I../Core/Inc -I../Drivers/STM32F1xx_HAL_Driver/Inc/Legacy -I../Drivers/STM32F1xx_HAL_Driver/Inc -I../Drivers/CMSIS/Device/ST/STM32F1xx/Include -I../Drivers/CMSIS/Include -O0 -ffunction-sections -fdata-sections -Wall -fstack-usage -MMD -MP -MF"Core/Src/main.d" -MT"Core/Src/main.o" --specs=nano.specs -mfloat-abi=soft -mthumb -o "Core/Src/main.o"
../Core/Src/main.c:90:1: warning: data definition has no type or storage class
   90 | enable_2DOF = 0;
      | ^~~~~~~~~~~
../Core/Src/main.c:90:1: warning: type defaults to 'int' in declaration of 'enable_2DOF' [-Wimplicit-int]
../Core/Src/main.c:91:1: warning: data definition has no type or storage class
   91 | pos1_2DOF = 0;
      | ^~~~~~~~~
../Core/Src/main.c:91:1: warning: type defaults to 'int' in declaration of 'pos1_2DOF' [-Wimplicit-int]
../Core/Src/main.c:92:1: warning: data definition has no type or storage class
   92 | pos2_2DOF = 0;
      | ^~~~~~~~~
../Core/Src/main.c:92:1: warning: type defaults to 'int' in declaration of 'pos2_2DOF' [-Wimplicit-int]
../Core/Src/main.c:93:1: warning: data definition has no type or storage class
   93 | pos3_2DOF = 0;
      | ^~~~~~~~~
../Core/Src/main.c:93:1: warning: type defaults to 'int' in declaration of 'pos3_2DOF' [-Wimplicit-int]
arm-none-eabi-gcc "../Core/Src/stm32f1xx_hal_msp.c" -mcpu=cortex-m3 -std=gnu11 -g3 -DDEBUG -DUSE_HAL_DRIVER -DSTM32F103xB -c -I../Core/Inc -I../Drivers/STM32F1xx_HAL_Driver/Inc/Legacy -I../Drivers/STM32F1xx_HAL_Driver/Inc -I../Drivers/CMSIS/Device/ST/STM32F1xx/Include -I../Drivers/CMSIS/Include -O0 -ffunction-sections -fdata-sections -Wall -fstack-usage -MMD -MP -MF"Core/Src/stm32f1xx_hal_msp.d" -MT"Core/Src/stm32f1xx_hal_msp.o" --specs=nano.specs -mfloat-abi=soft -mthumb -o "Core/Src/stm32f1xx_hal_msp.o"
arm-none-eabi-gcc "../Core/Src/stm32f1xx_it.c" -mcpu=cortex-m3 -std=gnu11 -g3 -DDEBUG -DUSE_HAL_DRIVER -DSTM32F103xB -c -I../Core/Inc -I../Drivers/STM32F1xx_HAL_Driver/Inc/Legacy -I../Drivers/STM32F1xx_HAL_Driver/Inc -I../Drivers/CMSIS/Device/ST/STM32F1xx/Include -I../Drivers/CMSIS/Include -O0 -ffunction-sections -fdata-sections -Wall -fstack-usage -MMD -MP -MF"Core/Src/stm32f1xx_it.d" -MT"Core/Src/stm32f1xx_it.o" --specs=nano.specs -mfloat-abi=soft -mthumb -o "Core/Src/stm32f1xx_it.o"
arm-none-eabi-gcc "../Core/Src/syscalls.c" -mcpu=cortex-m3 -std=gnu11 -g3 -DDEBUG -DUSE_HAL_DRIVER -DSTM32F103xB -c -I../Core/Inc -I../Drivers/STM32F1xx_HAL_Driver/Inc/Legacy -I../Drivers/STM32F1xx_HAL_Driver/Inc -I../Drivers/CMSIS/Device/ST/STM32F1xx/Include -I../Drivers/CMSIS/Include -O0 -ffunction-sections -fdata-sections -Wall -fstack-usage -MMD -MP -MF"Core/Src/syscalls.d" -MT"Core/Src/syscalls.o" --specs=nano.specs -mfloat-abi=soft -mthumb -o "Core/Src/syscalls.o"
arm-none-eabi-gcc "../Core/Src/sysmem.c" -mcpu=cortex-m3 -std=gnu11 -g3 -DDEBUG -DUSE_HAL_DRIVER -DSTM32F103xB -c -I../Core/Inc -I../Drivers/STM32F1xx_HAL_Driver/Inc/Legacy -I../Drivers/STM32F1xx_HAL_Driver/Inc -I../Drivers/CMSIS/Device/ST/STM32F1xx/Include -I../Drivers/CMSIS/Include -O0 -ffunction-sections -fdata-sections -Wall -fstack-usage -MMD -MP -MF"Core/Src/sysmem.d" -MT"Core/Src/sysmem.o" --specs=nano.specs -mfloat-abi=soft -mthumb -o "Core/Src/sysmem.o"
arm-none-eabi-gcc "../Core/Src/system_stm32f1xx.c" -mcpu=cortex-m3 -std=gnu11 -g3 -DDEBUG -DUSE_HAL_DRIVER -DSTM32F103xB -c -I../Core/Inc -I../Drivers/STM32F1xx_HAL_Driver/Inc/Legacy -I../Drivers/STM32F1xx_HAL_Driver/Inc -I../Drivers/CMSIS/Device/ST/STM32F1xx/Include -I../Drivers/CMSIS/Include -O0 -ffunction-sections -fdata-sections -Wall -fstack-usage -MMD -MP -MF"Core/Src/system_stm32f1xx.d" -MT"Core/Src/system_stm32f1xx.o" --specs=nano.specs -mfloat-abi=soft -mthumb -o "Core/Src/system_stm32f1xx.o"
arm-none-eabi-g++ -o "module_test_demo.elf" @"objects.list"   -mcpu=cortex-m3 -T"C:\Users\isikemir\Desktop\Courses\EE493\Github_Repo\Engineering-Design\03-Software\0-Firmware\module_test_demo\STM32F103C8TX_FLASH.ld" --specs=nosys.specs -Wl,-Map="module_test_demo.map" -Wl,--gc-sections -static --specs=nano.specs -mfloat-abi=soft -mthumb -Wl,--start-group -lc -lm -lstdc++ -lsupc++ -Wl,--end-group
Finished building target: module_test_demo.elf
 
arm-none-eabi-size   module_test_demo.elf 
arm-none-eabi-objdump -h -S  module_test_demo.elf  > "module_test_demo.list"
   text	   data	    bss	    dec	    hex	filename
  16140	     36	   2028	  18204	   471c	module_test_demo.elf
Finished building: default.size.stdout
 
Finished building: module_test_demo.list
 
16:36:00 **** Incremental Build of configuration Debug for project Four_Quad_DC_Motor_Driver_Firmware ****
make -j8 all 
arm-none-eabi-gcc "../Core/Src/main.c" -mcpu=cortex-m3 -std=gnu11 -g3 -DDEBUG -DUSE_HAL_DRIVER -DSTM32F103xB -c -I../Core/Inc -I../Drivers/STM32F1xx_HAL_Driver/Inc/Legacy -I../Drivers/STM32F1xx_HAL_Driver/Inc -I../Drivers/CMSIS/Device/ST/STM32F1xx/Include -I../Drivers/CMSIS/Include -O0 -ffunction-sections -fdata-sections -Wall -fstack-usage -MMD -MP -MF"Core/Src/main.d" -MT"Core/Src/main.o" --specs=nano.specs -mfloat-abi=soft -mthumb -o "Core/Src/main.o"
arm-none-eabi-gcc "../Core/Src/stm32f1xx_it.c" -mcpu=cortex-m3 -std=gnu11 -g3 -DDEBUG -DUSE_HAL_DRIVER -DSTM32F103xB -c -I../Core/Inc -I../Drivers/STM32F1xx_HAL_Driver/Inc/Legacy -I../Drivers/STM32F1xx_HAL_Driver/Inc -I../Drivers/CMSIS/Device/ST/STM32F1xx/Include -I../Drivers/CMSIS/Include -O0 -ffunction-sections -fdata-sections -Wall -fstack-usage -MMD -MP -MF"Core/Src/stm32f1xx_it.d" -MT"Core/Src/stm32f1xx_it.o" --specs=nano.specs -mfloat-abi=soft -mthumb -o "Core/Src/stm32f1xx_it.o"
../Core/Src/stm32f1xx_it.c: In function 'TIM4_IRQHandler':
../Core/Src/stm32f1xx_it.c:321:29: error: 'pos1_error' undeclared (first use in this function); did you mean 'prop_error'?
  321 |     int_error = int_error + pos1_error*delta_t;
      |                             ^~~~~~~~~~
      |                             prop_error
../Core/Src/stm32f1xx_it.c:321:29: note: each undeclared identifier is reported only once for each function it appears in
../Core/Src/stm32f1xx_it.c:320:11: warning: unused variable 'der_error' [-Wunused-variable]
  320 |     float der_error = (prop_error-pre_prop_error)/delta_t;
      |           ^~~~~~~~~
make: *** [Core/Src/subdir.mk:34: Core/Src/stm32f1xx_it.o] Error 1
make: *** Waiting for unfinished jobs....
"make -j8 all" terminated with exit code 2. Build might be incomplete.
16:36:01 **** Incremental Build of configuration Debug for project module_test_demo ****
make -j8 all 
arm-none-eabi-size   module_test_demo.elf 
   text	   data	    bss	    dec	    hex	filename
  16140	     36	   2028	  18204	   471c	module_test_demo.elf
Finished building: default.size.stdout
 
16:58:51 **** Incremental Build of configuration Debug for project Four_Quad_DC_Motor_Driver_Firmware ****
make -j8 all 
arm-none-eabi-gcc "../Core/Src/stm32f1xx_it.c" -mcpu=cortex-m3 -std=gnu11 -g3 -DDEBUG -DUSE_HAL_DRIVER -DSTM32F103xB -c -I../Core/Inc -I../Drivers/STM32F1xx_HAL_Driver/Inc/Legacy -I../Drivers/STM32F1xx_HAL_Driver/Inc -I../Drivers/CMSIS/Device/ST/STM32F1xx/Include -I../Drivers/CMSIS/Include -O0 -ffunction-sections -fdata-sections -Wall -fstack-usage -MMD -MP -MF"Core/Src/stm32f1xx_it.d" -MT"Core/Src/stm32f1xx_it.o" --specs=nano.specs -mfloat-abi=soft -mthumb -o "Core/Src/stm32f1xx_it.o"
../Core/Src/stm32f1xx_it.c: In function 'TIM4_IRQHandler':
../Core/Src/stm32f1xx_it.c:320:11: warning: unused variable 'der_error' [-Wunused-variable]
  320 |     float der_error = (prop_error-pre_prop_error)/delta_t;
      |           ^~~~~~~~~
arm-none-eabi-gcc -o "Four_Quad_DC_Motor_Driver_Firmware.elf" @"objects.list"   -mcpu=cortex-m3 -T"C:\Users\isikemir\Desktop\Courses\EE463\TermProject\EE463-HardwareProject\3-Firmware\Four_Quad_DC_Motor_Driver_Firmware\STM32F103C8TX_FLASH.ld" --specs=nosys.specs -Wl,-Map="Four_Quad_DC_Motor_Driver_Firmware.map" -Wl,--gc-sections -static --specs=nano.specs -mfloat-abi=soft -mthumb -Wl,--start-group -lc -lm -Wl,--end-group
c:\st\stm32cubeide_1.11.0\stm32cubeide\plugins\com.st.stm32cube.ide.mcu.externaltools.gnu-tools-for-stm32.10.3-2021.10.win32_1.0.100.202210260954\tools\arm-none-eabi\bin\ld.exe: ./Core/Src/stm32f1xx_it.o:C:/Users/isikemir/Desktop/Courses/EE463/TermProject/EE463-HardwareProject/3-Firmware/Four_Quad_DC_Motor_Driver_Firmware/Debug/../Core/Src/stm32f1xx_it.c:51: multiple definition of `Kp'; ./Core/Src/main.o:C:/Users/isikemir/Desktop/Courses/EE463/TermProject/EE463-HardwareProject/3-Firmware/Four_Quad_DC_Motor_Driver_Firmware/Debug/../Core/Src/main.c:52: first defined here
c:\st\stm32cubeide_1.11.0\stm32cubeide\plugins\com.st.stm32cube.ide.mcu.externaltools.gnu-tools-for-stm32.10.3-2021.10.win32_1.0.100.202210260954\tools\arm-none-eabi\bin\ld.exe: ./Core/Src/stm32f1xx_it.o:C:/Users/isikemir/Desktop/Courses/EE463/TermProject/EE463-HardwareProject/3-Firmware/Four_Quad_DC_Motor_Driver_Firmware/Debug/../Core/Src/stm32f1xx_it.c:52: multiple definition of `Kd'; ./Core/Src/main.o:C:/Users/isikemir/Desktop/Courses/EE463/TermProject/EE463-HardwareProject/3-Firmware/Four_Quad_DC_Motor_Driver_Firmware/Debug/../Core/Src/main.c:53: first defined here
c:\st\stm32cubeide_1.11.0\stm32cubeide\plugins\com.st.stm32cube.ide.mcu.externaltools.gnu-tools-for-stm32.10.3-2021.10.win32_1.0.100.202210260954\tools\arm-none-eabi\bin\ld.exe: ./Core/Src/stm32f1xx_it.o:C:/Users/isikemir/Desktop/Courses/EE463/TermProject/EE463-HardwareProject/3-Firmware/Four_Quad_DC_Motor_Driver_Firmware/Debug/../Core/Src/stm32f1xx_it.c:53: multiple definition of `Ki'; ./Core/Src/main.o:C:/Users/isikemir/Desktop/Courses/EE463/TermProject/EE463-HardwareProject/3-Firmware/Four_Quad_DC_Motor_Driver_Firmware/Debug/../Core/Src/main.c:54: first defined here
c:\st\stm32cubeide_1.11.0\stm32cubeide\plugins\com.st.stm32cube.ide.mcu.externaltools.gnu-tools-for-stm32.10.3-2021.10.win32_1.0.100.202210260954\tools\arm-none-eabi\bin\ld.exe: ./Core/Src/stm32f1xx_it.o:C:/Users/isikemir/Desktop/Courses/EE463/TermProject/EE463-HardwareProject/3-Firmware/Four_Quad_DC_Motor_Driver_Firmware/Debug/../Core/Src/stm32f1xx_it.c:54: multiple definition of `delta_t'; ./Core/Src/main.o:C:/Users/isikemir/Desktop/Courses/EE463/TermProject/EE463-HardwareProject/3-Firmware/Four_Quad_DC_Motor_Driver_Firmware/Debug/../Core/Src/main.c:55: first defined here
c:\st\stm32cubeide_1.11.0\stm32cubeide\plugins\com.st.stm32cube.ide.mcu.externaltools.gnu-tools-for-stm32.10.3-2021.10.win32_1.0.100.202210260954\tools\arm-none-eabi\bin\ld.exe: ./Core/Src/stm32f1xx_it.o:C:/Users/isikemir/Desktop/Courses/EE463/TermProject/EE463-HardwareProject/3-Firmware/Four_Quad_DC_Motor_Driver_Firmware/Debug/../Core/Src/stm32f1xx_it.c:57: multiple definition of `I_sense'; ./Core/Src/main.o:C:/Users/isikemir/Desktop/Courses/EE463/TermProject/EE463-HardwareProject/3-Firmware/Four_Quad_DC_Motor_Driver_Firmware/Debug/../Core/Src/main.c:58: first defined here
c:\st\stm32cubeide_1.11.0\stm32cubeide\plugins\com.st.stm32cube.ide.mcu.externaltools.gnu-tools-for-stm32.10.3-2021.10.win32_1.0.100.202210260954\tools\arm-none-eabi\bin\ld.exe: ./Core/Src/stm32f1xx_it.o:C:/Users/isikemir/Desktop/Courses/EE463/TermProject/EE463-HardwareProject/3-Firmware/Four_Quad_DC_Motor_Driver_Firmware/Debug/../Core/Src/stm32f1xx_it.c:58: multiple definition of `I_set'; ./Core/Src/main.o:C:/Users/isikemir/Desktop/Courses/EE463/TermProject/EE463-HardwareProject/3-Firmware/Four_Quad_DC_Motor_Driver_Firmware/Debug/../Core/Src/main.c:59: first defined here
c:\st\stm32cubeide_1.11.0\stm32cubeide\plugins\com.st.stm32cube.ide.mcu.externaltools.gnu-tools-for-stm32.10.3-2021.10.win32_1.0.100.202210260954\tools\arm-none-eabi\bin\ld.exe: ./Core/Src/stm32f1xx_it.o:C:/Users/isikemir/Desktop/Courses/EE463/TermProject/EE463-HardwareProject/3-Firmware/Four_Quad_DC_Motor_Driver_Firmware/Debug/../Core/Src/stm32f1xx_it.c:59: multiple definition of `I_set_av'; ./Core/Src/main.o:C:/Users/isikemir/Desktop/Courses/EE463/TermProject/EE463-HardwareProject/3-Firmware/Four_Quad_DC_Motor_Driver_Firmware/Debug/../Core/Src/main.c:60: first defined here
c:\st\stm32cubeide_1.11.0\stm32cubeide\plugins\com.st.stm32cube.ide.mcu.externaltools.gnu-tools-for-stm32.10.3-2021.10.win32_1.0.100.202210260954\tools\arm-none-eabi\bin\ld.exe: ./Core/Src/stm32f1xx_it.o:C:/Users/isikemir/Desktop/Courses/EE463/TermProject/EE463-HardwareProject/3-Firmware/Four_Quad_DC_Motor_Driver_Firmware/Debug/../Core/Src/stm32f1xx_it.c:60: multiple definition of `I_set_temp'; ./Core/Src/main.o:C:/Users/isikemir/Desktop/Courses/EE463/TermProject/EE463-HardwareProject/3-Firmware/Four_Quad_DC_Motor_Driver_Firmware/Debug/../Core/Src/main.c:61: first defined here
c:\st\stm32cubeide_1.11.0\stm32cubeide\plugins\com.st.stm32cube.ide.mcu.externaltools.gnu-tools-for-stm32.10.3-2021.10.win32_1.0.100.202210260954\tools\arm-none-eabi\bin\ld.exe: ./Core/Src/stm32f1xx_it.o:C:/Users/isikemir/Desktop/Courses/EE463/TermProject/EE463-HardwareProject/3-Firmware/Four_Quad_DC_Motor_Driver_Firmware/Debug/../Core/Src/stm32f1xx_it.c:61: multiple definition of `Gen_mode'; ./Core/Src/main.o:C:/Users/isikemir/Desktop/Courses/EE463/TermProject/EE463-HardwareProject/3-Firmware/Four_Quad_DC_Motor_Driver_Firmware/Debug/../Core/Src/main.c:62: first defined here
c:\st\stm32cubeide_1.11.0\stm32cubeide\plugins\com.st.stm32cube.ide.mcu.externaltools.gnu-tools-for-stm32.10.3-2021.10.win32_1.0.100.202210260954\tools\arm-none-eabi\bin\ld.exe: ./Core/Src/stm32f1xx_it.o:C:/Users/isikemir/Desktop/Courses/EE463/TermProject/EE463-HardwareProject/3-Firmware/Four_Quad_DC_Motor_Driver_Firmware/Debug/../Core/Src/stm32f1xx_it.c:62: multiple definition of `Soft_st'; ./Core/Src/main.o:C:/Users/isikemir/Desktop/Courses/EE463/TermProject/EE463-HardwareProject/3-Firmware/Four_Quad_DC_Motor_Driver_Firmware/Debug/../Core/Src/main.c:63: first defined here
c:\st\stm32cubeide_1.11.0\stm32cubeide\plugins\com.st.stm32cube.ide.mcu.externaltools.gnu-tools-for-stm32.10.3-2021.10.win32_1.0.100.202210260954\tools\arm-none-eabi\bin\ld.exe: ./Core/Src/stm32f1xx_it.o:C:/Users/isikemir/Desktop/Courses/EE463/TermProject/EE463-HardwareProject/3-Firmware/Four_Quad_DC_Motor_Driver_Firmware/Debug/../Core/Src/stm32f1xx_it.c:63: multiple definition of `Soft_st_done'; ./Core/Src/main.o:C:/Users/isikemir/Desktop/Courses/EE463/TermProject/EE463-HardwareProject/3-Firmware/Four_Quad_DC_Motor_Driver_Firmware/Debug/../Core/Src/main.c:64: first defined here
c:\st\stm32cubeide_1.11.0\stm32cubeide\plugins\com.st.stm32cube.ide.mcu.externaltools.gnu-tools-for-stm32.10.3-2021.10.win32_1.0.100.202210260954\tools\arm-none-eabi\bin\ld.exe: ./Core/Src/stm32f1xx_it.o:C:/Users/isikemir/Desktop/Courses/EE463/TermProject/EE463-HardwareProject/3-Firmware/Four_Quad_DC_Motor_Driver_Firmware/Debug/../Core/Src/stm32f1xx_it.c:64: multiple definition of `forward'; ./Core/Src/main.o:C:/Users/isikemir/Desktop/Courses/EE463/TermProject/EE463-HardwareProject/3-Firmware/Four_Quad_DC_Motor_Driver_Firmware/Debug/../Core/Src/main.c:65: first defined here
c:\st\stm32cubeide_1.11.0\stm32cubeide\plugins\com.st.stm32cube.ide.mcu.externaltools.gnu-tools-for-stm32.10.3-2021.10.win32_1.0.100.202210260954\tools\arm-none-eabi\bin\ld.exe: ./Core/Src/stm32f1xx_it.o:C:/Users/isikemir/Desktop/Courses/EE463/TermProject/EE463-HardwareProject/3-Firmware/Four_Quad_DC_Motor_Driver_Firmware/Debug/../Core/Src/stm32f1xx_it.c:67: multiple definition of `duty'; ./Core/Src/main.o:C:/Users/isikemir/Desktop/Courses/EE463/TermProject/EE463-HardwareProject/3-Firmware/Four_Quad_DC_Motor_Driver_Firmware/Debug/../Core/Src/main.c:68: first defined here
collect2.exe: error: ld returned 1 exit status
make: *** [makefile:64: Four_Quad_DC_Motor_Driver_Firmware.elf] Error 1
"make -j8 all" terminated with exit code 2. Build might be incomplete.
16:58:51 **** Incremental Build of configuration Debug for project module_test_demo ****
make -j8 all 
arm-none-eabi-size   module_test_demo.elf 
   text	   data	    bss	    dec	    hex	filename
  16140	     36	   2028	  18204	   471c	module_test_demo.elf
Finished building: default.size.stdout
 
17:26:45 **** Incremental Build of configuration Debug for project Four_Quad_DC_Motor_Driver_Firmware ****
make -j8 all 
arm-none-eabi-gcc "../Core/Src/stm32f1xx_it.c" -mcpu=cortex-m3 -std=gnu11 -g3 -DDEBUG -DUSE_HAL_DRIVER -DSTM32F103xB -c -I../Core/Inc -I../Drivers/STM32F1xx_HAL_Driver/Inc/Legacy -I../Drivers/STM32F1xx_HAL_Driver/Inc -I../Drivers/CMSIS/Device/ST/STM32F1xx/Include -I../Drivers/CMSIS/Include -O0 -ffunction-sections -fdata-sections -Wall -fstack-usage -MMD -MP -MF"Core/Src/stm32f1xx_it.d" -MT"Core/Src/stm32f1xx_it.o" --specs=nano.specs -mfloat-abi=soft -mthumb -o "Core/Src/stm32f1xx_it.o"
../Core/Src/stm32f1xx_it.c: In function 'TIM4_IRQHandler':
../Core/Src/stm32f1xx_it.c:320:11: warning: unused variable 'der_error' [-Wunused-variable]
  320 |     float der_error = (prop_error-pre_prop_error)/delta_t;
      |           ^~~~~~~~~
arm-none-eabi-gcc -o "Four_Quad_DC_Motor_Driver_Firmware.elf" @"objects.list"   -mcpu=cortex-m3 -T"C:\Users\isikemir\Desktop\Courses\EE463\TermProject\EE463-HardwareProject\3-Firmware\Four_Quad_DC_Motor_Driver_Firmware\STM32F103C8TX_FLASH.ld" --specs=nosys.specs -Wl,-Map="Four_Quad_DC_Motor_Driver_Firmware.map" -Wl,--gc-sections -static --specs=nano.specs -mfloat-abi=soft -mthumb -Wl,--start-group -lc -lm -Wl,--end-group
c:\st\stm32cubeide_1.11.0\stm32cubeide\plugins\com.st.stm32cube.ide.mcu.externaltools.gnu-tools-for-stm32.10.3-2021.10.win32_1.0.100.202210260954\tools\arm-none-eabi\bin\ld.exe: ./Core/Src/stm32f1xx_it.o:C:/Users/isikemir/Desktop/Courses/EE463/TermProject/EE463-HardwareProject/3-Firmware/Four_Quad_DC_Motor_Driver_Firmware/Debug/../Core/Src/stm32f1xx_it.c:51: multiple definition of `Kp'; ./Core/Src/main.o:C:/Users/isikemir/Desktop/Courses/EE463/TermProject/EE463-HardwareProject/3-Firmware/Four_Quad_DC_Motor_Driver_Firmware/Debug/../Core/Src/main.c:52: first defined here
c:\st\stm32cubeide_1.11.0\stm32cubeide\plugins\com.st.stm32cube.ide.mcu.externaltools.gnu-tools-for-stm32.10.3-2021.10.win32_1.0.100.202210260954\tools\arm-none-eabi\bin\ld.exe: ./Core/Src/stm32f1xx_it.o:C:/Users/isikemir/Desktop/Courses/EE463/TermProject/EE463-HardwareProject/3-Firmware/Four_Quad_DC_Motor_Driver_Firmware/Debug/../Core/Src/stm32f1xx_it.c:52: multiple definition of `Kd'; ./Core/Src/main.o:C:/Users/isikemir/Desktop/Courses/EE463/TermProject/EE463-HardwareProject/3-Firmware/Four_Quad_DC_Motor_Driver_Firmware/Debug/../Core/Src/main.c:53: first defined here
c:\st\stm32cubeide_1.11.0\stm32cubeide\plugins\com.st.stm32cube.ide.mcu.externaltools.gnu-tools-for-stm32.10.3-2021.10.win32_1.0.100.202210260954\tools\arm-none-eabi\bin\ld.exe: ./Core/Src/stm32f1xx_it.o:C:/Users/isikemir/Desktop/Courses/EE463/TermProject/EE463-HardwareProject/3-Firmware/Four_Quad_DC_Motor_Driver_Firmware/Debug/../Core/Src/stm32f1xx_it.c:53: multiple definition of `Ki'; ./Core/Src/main.o:C:/Users/isikemir/Desktop/Courses/EE463/TermProject/EE463-HardwareProject/3-Firmware/Four_Quad_DC_Motor_Driver_Firmware/Debug/../Core/Src/main.c:54: first defined here
c:\st\stm32cubeide_1.11.0\stm32cubeide\plugins\com.st.stm32cube.ide.mcu.externaltools.gnu-tools-for-stm32.10.3-2021.10.win32_1.0.100.202210260954\tools\arm-none-eabi\bin\ld.exe: ./Core/Src/stm32f1xx_it.o:C:/Users/isikemir/Desktop/Courses/EE463/TermProject/EE463-HardwareProject/3-Firmware/Four_Quad_DC_Motor_Driver_Firmware/Debug/../Core/Src/stm32f1xx_it.c:54: multiple definition of `delta_t'; ./Core/Src/main.o:C:/Users/isikemir/Desktop/Courses/EE463/TermProject/EE463-HardwareProject/3-Firmware/Four_Quad_DC_Motor_Driver_Firmware/Debug/../Core/Src/main.c:55: first defined here
c:\st\stm32cubeide_1.11.0\stm32cubeide\plugins\com.st.stm32cube.ide.mcu.externaltools.gnu-tools-for-stm32.10.3-2021.10.win32_1.0.100.202210260954\tools\arm-none-eabi\bin\ld.exe: ./Core/Src/stm32f1xx_it.o:C:/Users/isikemir/Desktop/Courses/EE463/TermProject/EE463-HardwareProject/3-Firmware/Four_Quad_DC_Motor_Driver_Firmware/Debug/../Core/Src/stm32f1xx_it.c:57: multiple definition of `I_sense'; ./Core/Src/main.o:C:/Users/isikemir/Desktop/Courses/EE463/TermProject/EE463-HardwareProject/3-Firmware/Four_Quad_DC_Motor_Driver_Firmware/Debug/../Core/Src/main.c:58: first defined here
c:\st\stm32cubeide_1.11.0\stm32cubeide\plugins\com.st.stm32cube.ide.mcu.externaltools.gnu-tools-for-stm32.10.3-2021.10.win32_1.0.100.202210260954\tools\arm-none-eabi\bin\ld.exe: ./Core/Src/stm32f1xx_it.o:C:/Users/isikemir/Desktop/Courses/EE463/TermProject/EE463-HardwareProject/3-Firmware/Four_Quad_DC_Motor_Driver_Firmware/Debug/../Core/Src/stm32f1xx_it.c:58: multiple definition of `I_set'; ./Core/Src/main.o:C:/Users/isikemir/Desktop/Courses/EE463/TermProject/EE463-HardwareProject/3-Firmware/Four_Quad_DC_Motor_Driver_Firmware/Debug/../Core/Src/main.c:59: first defined here
c:\st\stm32cubeide_1.11.0\stm32cubeide\plugins\com.st.stm32cube.ide.mcu.externaltools.gnu-tools-for-stm32.10.3-2021.10.win32_1.0.100.202210260954\tools\arm-none-eabi\bin\ld.exe: ./Core/Src/stm32f1xx_it.o:C:/Users/isikemir/Desktop/Courses/EE463/TermProject/EE463-HardwareProject/3-Firmware/Four_Quad_DC_Motor_Driver_Firmware/Debug/../Core/Src/stm32f1xx_it.c:59: multiple definition of `I_set_av'; ./Core/Src/main.o:C:/Users/isikemir/Desktop/Courses/EE463/TermProject/EE463-HardwareProject/3-Firmware/Four_Quad_DC_Motor_Driver_Firmware/Debug/../Core/Src/main.c:60: first defined here
c:\st\stm32cubeide_1.11.0\stm32cubeide\plugins\com.st.stm32cube.ide.mcu.externaltools.gnu-tools-for-stm32.10.3-2021.10.win32_1.0.100.202210260954\tools\arm-none-eabi\bin\ld.exe: ./Core/Src/stm32f1xx_it.o:C:/Users/isikemir/Desktop/Courses/EE463/TermProject/EE463-HardwareProject/3-Firmware/Four_Quad_DC_Motor_Driver_Firmware/Debug/../Core/Src/stm32f1xx_it.c:60: multiple definition of `I_set_temp'; ./Core/Src/main.o:C:/Users/isikemir/Desktop/Courses/EE463/TermProject/EE463-HardwareProject/3-Firmware/Four_Quad_DC_Motor_Driver_Firmware/Debug/../Core/Src/main.c:61: first defined here
c:\st\stm32cubeide_1.11.0\stm32cubeide\plugins\com.st.stm32cube.ide.mcu.externaltools.gnu-tools-for-stm32.10.3-2021.10.win32_1.0.100.202210260954\tools\arm-none-eabi\bin\ld.exe: ./Core/Src/stm32f1xx_it.o:C:/Users/isikemir/Desktop/Courses/EE463/TermProject/EE463-HardwareProject/3-Firmware/Four_Quad_DC_Motor_Driver_Firmware/Debug/../Core/Src/stm32f1xx_it.c:61: multiple definition of `Gen_mode'; ./Core/Src/main.o:C:/Users/isikemir/Desktop/Courses/EE463/TermProject/EE463-HardwareProject/3-Firmware/Four_Quad_DC_Motor_Driver_Firmware/Debug/../Core/Src/main.c:62: first defined here
c:\st\stm32cubeide_1.11.0\stm32cubeide\plugins\com.st.stm32cube.ide.mcu.externaltools.gnu-tools-for-stm32.10.3-2021.10.win32_1.0.100.202210260954\tools\arm-none-eabi\bin\ld.exe: ./Core/Src/stm32f1xx_it.o:C:/Users/isikemir/Desktop/Courses/EE463/TermProject/EE463-HardwareProject/3-Firmware/Four_Quad_DC_Motor_Driver_Firmware/Debug/../Core/Src/stm32f1xx_it.c:62: multiple definition of `Soft_st'; ./Core/Src/main.o:C:/Users/isikemir/Desktop/Courses/EE463/TermProject/EE463-HardwareProject/3-Firmware/Four_Quad_DC_Motor_Driver_Firmware/Debug/../Core/Src/main.c:63: first defined here
c:\st\stm32cubeide_1.11.0\stm32cubeide\plugins\com.st.stm32cube.ide.mcu.externaltools.gnu-tools-for-stm32.10.3-2021.10.win32_1.0.100.202210260954\tools\arm-none-eabi\bin\ld.exe: ./Core/Src/stm32f1xx_it.o:C:/Users/isikemir/Desktop/Courses/EE463/TermProject/EE463-HardwareProject/3-Firmware/Four_Quad_DC_Motor_Driver_Firmware/Debug/../Core/Src/stm32f1xx_it.c:63: multiple definition of `Soft_st_done'; ./Core/Src/main.o:C:/Users/isikemir/Desktop/Courses/EE463/TermProject/EE463-HardwareProject/3-Firmware/Four_Quad_DC_Motor_Driver_Firmware/Debug/../Core/Src/main.c:64: first defined here
c:\st\stm32cubeide_1.11.0\stm32cubeide\plugins\com.st.stm32cube.ide.mcu.externaltools.gnu-tools-for-stm32.10.3-2021.10.win32_1.0.100.202210260954\tools\arm-none-eabi\bin\ld.exe: ./Core/Src/stm32f1xx_it.o:C:/Users/isikemir/Desktop/Courses/EE463/TermProject/EE463-HardwareProject/3-Firmware/Four_Quad_DC_Motor_Driver_Firmware/Debug/../Core/Src/stm32f1xx_it.c:64: multiple definition of `forward'; ./Core/Src/main.o:C:/Users/isikemir/Desktop/Courses/EE463/TermProject/EE463-HardwareProject/3-Firmware/Four_Quad_DC_Motor_Driver_Firmware/Debug/../Core/Src/main.c:65: first defined here
c:\st\stm32cubeide_1.11.0\stm32cubeide\plugins\com.st.stm32cube.ide.mcu.externaltools.gnu-tools-for-stm32.10.3-2021.10.win32_1.0.100.202210260954\tools\arm-none-eabi\bin\ld.exe: ./Core/Src/stm32f1xx_it.o:C:/Users/isikemir/Desktop/Courses/EE463/TermProject/EE463-HardwareProject/3-Firmware/Four_Quad_DC_Motor_Driver_Firmware/Debug/../Core/Src/stm32f1xx_it.c:67: multiple definition of `duty'; ./Core/Src/main.o:C:/Users/isikemir/Desktop/Courses/EE463/TermProject/EE463-HardwareProject/3-Firmware/Four_Quad_DC_Motor_Driver_Firmware/Debug/../Core/Src/main.c:68: first defined here
collect2.exe: error: ld returned 1 exit status
make: *** [makefile:64: Four_Quad_DC_Motor_Driver_Firmware.elf] Error 1
"make -j8 all" terminated with exit code 2. Build might be incomplete.
17:26:46 **** Incremental Build of configuration Debug for project module_test_demo ****
make -j8 all 
arm-none-eabi-size   module_test_demo.elf 
   text	   data	    bss	    dec	    hex	filename
  16140	     36	   2028	  18204	   471c	module_test_demo.elf
Finished building: default.size.stdout
 
19:47:56 **** Incremental Build of configuration Debug for project Four_Quad_DC_Motor_Driver_Firmware ****
make -j8 all 
arm-none-eabi-gcc "../Core/Src/main.c" -mcpu=cortex-m3 -std=gnu11 -g3 -DDEBUG -DUSE_HAL_DRIVER -DSTM32F103xB -c -I../Core/Inc -I../Drivers/STM32F1xx_HAL_Driver/Inc/Legacy -I../Drivers/STM32F1xx_HAL_Driver/Inc -I../Drivers/CMSIS/Device/ST/STM32F1xx/Include -I../Drivers/CMSIS/Include -O0 -ffunction-sections -fdata-sections -Wall -fstack-usage -MMD -MP -MF"Core/Src/main.d" -MT"Core/Src/main.o" --specs=nano.specs -mfloat-abi=soft -mthumb -o "Core/Src/main.o"
arm-none-eabi-gcc "../Core/Src/stm32f1xx_it.c" -mcpu=cortex-m3 -std=gnu11 -g3 -DDEBUG -DUSE_HAL_DRIVER -DSTM32F103xB -c -I../Core/Inc -I../Drivers/STM32F1xx_HAL_Driver/Inc/Legacy -I../Drivers/STM32F1xx_HAL_Driver/Inc -I../Drivers/CMSIS/Device/ST/STM32F1xx/Include -I../Drivers/CMSIS/Include -O0 -ffunction-sections -fdata-sections -Wall -fstack-usage -MMD -MP -MF"Core/Src/stm32f1xx_it.d" -MT"Core/Src/stm32f1xx_it.o" --specs=nano.specs -mfloat-abi=soft -mthumb -o "Core/Src/stm32f1xx_it.o"
../Core/Src/stm32f1xx_it.c: In function 'TIM4_IRQHandler':
../Core/Src/stm32f1xx_it.c:295:14: warning: implicit declaration of function 'HAL_GPIO_READ_PIN' [-Wimplicit-function-declaration]
  295 |   Gen_mode = HAL_GPIO_READ_PIN(GPIOA, GEN_MODE_Pin);
      |              ^~~~~~~~~~~~~~~~~
../Core/Src/stm32f1xx_it.c:325:11: warning: unused variable 'der_error' [-Wunused-variable]
  325 |     float der_error = (prop_error-pre_prop_error)/delta_t;
      |           ^~~~~~~~~
../Core/Src/main.c: In function 'ADC1_Read':
../Core/Src/main.c:484:2: warning: implicit declaration of function 'ADC_SoftwareStartConvCmd' [-Wimplicit-function-declaration]
  484 |  ADC_SoftwareStartConvCmd(ADC1, ENABLE);
      |  ^~~~~~~~~~~~~~~~~~~~~~~~
../Core/Src/main.c:486:10: warning: implicit declaration of function 'ADC_GetFlagStatus' [-Wimplicit-function-declaration]
  486 |  while (!ADC_GetFlagStatus(ADC1, ADC_FLAG_EOC));
      |          ^~~~~~~~~~~~~~~~~
../Core/Src/main.c:488:9: warning: implicit declaration of function 'ADC_GetConversionValue' [-Wimplicit-function-declaration]
  488 |  return ADC_GetConversionValue(ADC1);
      |         ^~~~~~~~~~~~~~~~~~~~~~
arm-none-eabi-gcc -o "Four_Quad_DC_Motor_Driver_Firmware.elf" @"objects.list"   -mcpu=cortex-m3 -T"C:\Users\isikemir\Desktop\Courses\EE463\TermProject\EE463-HardwareProject\3-Firmware\Four_Quad_DC_Motor_Driver_Firmware\STM32F103C8TX_FLASH.ld" --specs=nosys.specs -Wl,-Map="Four_Quad_DC_Motor_Driver_Firmware.map" -Wl,--gc-sections -static --specs=nano.specs -mfloat-abi=soft -mthumb -Wl,--start-group -lc -lm -Wl,--end-group
c:\st\stm32cubeide_1.11.0\stm32cubeide\plugins\com.st.stm32cube.ide.mcu.externaltools.gnu-tools-for-stm32.10.3-2021.10.win32_1.0.100.202210260954\tools\arm-none-eabi\bin\ld.exe: ./Core/Src/stm32f1xx_it.o:C:/Users/isikemir/Desktop/Courses/EE463/TermProject/EE463-HardwareProject/3-Firmware/Four_Quad_DC_Motor_Driver_Firmware/Debug/../Core/Src/stm32f1xx_it.c:51: multiple definition of `Kp'; ./Core/Src/main.o:C:/Users/isikemir/Desktop/Courses/EE463/TermProject/EE463-HardwareProject/3-Firmware/Four_Quad_DC_Motor_Driver_Firmware/Debug/../Core/Src/main.c:52: first defined here
c:\st\stm32cubeide_1.11.0\stm32cubeide\plugins\com.st.stm32cube.ide.mcu.externaltools.gnu-tools-for-stm32.10.3-2021.10.win32_1.0.100.202210260954\tools\arm-none-eabi\bin\ld.exe: ./Core/Src/stm32f1xx_it.o:C:/Users/isikemir/Desktop/Courses/EE463/TermProject/EE463-HardwareProject/3-Firmware/Four_Quad_DC_Motor_Driver_Firmware/Debug/../Core/Src/stm32f1xx_it.c:52: multiple definition of `Kd'; ./Core/Src/main.o:C:/Users/isikemir/Desktop/Courses/EE463/TermProject/EE463-HardwareProject/3-Firmware/Four_Quad_DC_Motor_Driver_Firmware/Debug/../Core/Src/main.c:53: first defined here
c:\st\stm32cubeide_1.11.0\stm32cubeide\plugins\com.st.stm32cube.ide.mcu.externaltools.gnu-tools-for-stm32.10.3-2021.10.win32_1.0.100.202210260954\tools\arm-none-eabi\bin\ld.exe: ./Core/Src/stm32f1xx_it.o:C:/Users/isikemir/Desktop/Courses/EE463/TermProject/EE463-HardwareProject/3-Firmware/Four_Quad_DC_Motor_Driver_Firmware/Debug/../Core/Src/stm32f1xx_it.c:53: multiple definition of `Ki'; ./Core/Src/main.o:C:/Users/isikemir/Desktop/Courses/EE463/TermProject/EE463-HardwareProject/3-Firmware/Four_Quad_DC_Motor_Driver_Firmware/Debug/../Core/Src/main.c:54: first defined here
c:\st\stm32cubeide_1.11.0\stm32cubeide\plugins\com.st.stm32cube.ide.mcu.externaltools.gnu-tools-for-stm32.10.3-2021.10.win32_1.0.100.202210260954\tools\arm-none-eabi\bin\ld.exe: ./Core/Src/stm32f1xx_it.o:C:/Users/isikemir/Desktop/Courses/EE463/TermProject/EE463-HardwareProject/3-Firmware/Four_Quad_DC_Motor_Driver_Firmware/Debug/../Core/Src/stm32f1xx_it.c:54: multiple definition of `delta_t'; ./Core/Src/main.o:C:/Users/isikemir/Desktop/Courses/EE463/TermProject/EE463-HardwareProject/3-Firmware/Four_Quad_DC_Motor_Driver_Firmware/Debug/../Core/Src/main.c:55: first defined here
c:\st\stm32cubeide_1.11.0\stm32cubeide\plugins\com.st.stm32cube.ide.mcu.externaltools.gnu-tools-for-stm32.10.3-2021.10.win32_1.0.100.202210260954\tools\arm-none-eabi\bin\ld.exe: ./Core/Src/stm32f1xx_it.o:C:/Users/isikemir/Desktop/Courses/EE463/TermProject/EE463-HardwareProject/3-Firmware/Four_Quad_DC_Motor_Driver_Firmware/Debug/../Core/Src/stm32f1xx_it.c:57: multiple definition of `I_sense'; ./Core/Src/main.o:C:/Users/isikemir/Desktop/Courses/EE463/TermProject/EE463-HardwareProject/3-Firmware/Four_Quad_DC_Motor_Driver_Firmware/Debug/../Core/Src/main.c:58: first defined here
c:\st\stm32cubeide_1.11.0\stm32cubeide\plugins\com.st.stm32cube.ide.mcu.externaltools.gnu-tools-for-stm32.10.3-2021.10.win32_1.0.100.202210260954\tools\arm-none-eabi\bin\ld.exe: ./Core/Src/stm32f1xx_it.o:C:/Users/isikemir/Desktop/Courses/EE463/TermProject/EE463-HardwareProject/3-Firmware/Four_Quad_DC_Motor_Driver_Firmware/Debug/../Core/Src/stm32f1xx_it.c:58: multiple definition of `I_set'; ./Core/Src/main.o:C:/Users/isikemir/Desktop/Courses/EE463/TermProject/EE463-HardwareProject/3-Firmware/Four_Quad_DC_Motor_Driver_Firmware/Debug/../Core/Src/main.c:59: first defined here
c:\st\stm32cubeide_1.11.0\stm32cubeide\plugins\com.st.stm32cube.ide.mcu.externaltools.gnu-tools-for-stm32.10.3-2021.10.win32_1.0.100.202210260954\tools\arm-none-eabi\bin\ld.exe: ./Core/Src/stm32f1xx_it.o:C:/Users/isikemir/Desktop/Courses/EE463/TermProject/EE463-HardwareProject/3-Firmware/Four_Quad_DC_Motor_Driver_Firmware/Debug/../Core/Src/stm32f1xx_it.c:59: multiple definition of `I_set_av'; ./Core/Src/main.o:C:/Users/isikemir/Desktop/Courses/EE463/TermProject/EE463-HardwareProject/3-Firmware/Four_Quad_DC_Motor_Driver_Firmware/Debug/../Core/Src/main.c:60: first defined here
c:\st\stm32cubeide_1.11.0\stm32cubeide\plugins\com.st.stm32cube.ide.mcu.externaltools.gnu-tools-for-stm32.10.3-2021.10.win32_1.0.100.202210260954\tools\arm-none-eabi\bin\ld.exe: ./Core/Src/stm32f1xx_it.o:C:/Users/isikemir/Desktop/Courses/EE463/TermProject/EE463-HardwareProject/3-Firmware/Four_Quad_DC_Motor_Driver_Firmware/Debug/../Core/Src/stm32f1xx_it.c:60: multiple definition of `I_set_temp'; ./Core/Src/main.o:C:/Users/isikemir/Desktop/Courses/EE463/TermProject/EE463-HardwareProject/3-Firmware/Four_Quad_DC_Motor_Driver_Firmware/Debug/../Core/Src/main.c:61: first defined here
c:\st\stm32cubeide_1.11.0\stm32cubeide\plugins\com.st.stm32cube.ide.mcu.externaltools.gnu-tools-for-stm32.10.3-2021.10.win32_1.0.100.202210260954\tools\arm-none-eabi\bin\ld.exe: ./Core/Src/stm32f1xx_it.o:C:/Users/isikemir/Desktop/Courses/EE463/TermProject/EE463-HardwareProject/3-Firmware/Four_Quad_DC_Motor_Driver_Firmware/Debug/../Core/Src/stm32f1xx_it.c:61: multiple definition of `Gen_mode'; ./Core/Src/main.o:C:/Users/isikemir/Desktop/Courses/EE463/TermProject/EE463-HardwareProject/3-Firmware/Four_Quad_DC_Motor_Driver_Firmware/Debug/../Core/Src/main.c:62: first defined here
[...]
c:\st\stm32cubeide_1.11.0\stm32cubeide\plugins\com.st.stm32cube.ide.mcu.externaltools.gnu-tools-for-stm32.10.3-2021.10.win32_1.0.100.202210260954\tools\arm-none-eabi\bin\ld.exe: ./Core/Src/stm32f1xx_it.o:C:/Users/isikemir/Desktop/Courses/EE463/TermProject/EE463-HardwareProject/3-Firmware/Four_Quad_DC_Motor_Driver_Firmware/Debug/../Core/Src/stm32f1xx_it.c:57: multiple definition of `I_sense'; ./Core/Src/main.o:C:/Users/isikemir/Desktop/Courses/EE463/TermProject/EE463-HardwareProject/3-Firmware/Four_Quad_DC_Motor_Driver_Firmware/Debug/../Core/Src/main.c:58: first defined here
c:\st\stm32cubeide_1.11.0\stm32cubeide\plugins\com.st.stm32cube.ide.mcu.externaltools.gnu-tools-for-stm32.10.3-2021.10.win32_1.0.100.202210260954\tools\arm-none-eabi\bin\ld.exe: ./Core/Src/stm32f1xx_it.o:C:/Users/isikemir/Desktop/Courses/EE463/TermProject/EE463-HardwareProject/3-Firmware/Four_Quad_DC_Motor_Driver_Firmware/Debug/../Core/Src/stm32f1xx_it.c:58: multiple definition of `I_set'; ./Core/Src/main.o:C:/Users/isikemir/Desktop/Courses/EE463/TermProject/EE463-HardwareProject/3-Firmware/Four_Quad_DC_Motor_Driver_Firmware/Debug/../Core/Src/main.c:59: first defined here
c:\st\stm32cubeide_1.11.0\stm32cubeide\plugins\com.st.stm32cube.ide.mcu.externaltools.gnu-tools-for-stm32.10.3-2021.10.win32_1.0.100.202210260954\tools\arm-none-eabi\bin\ld.exe: ./Core/Src/stm32f1xx_it.o:C:/Users/isikemir/Desktop/Courses/EE463/TermProject/EE463-HardwareProject/3-Firmware/Four_Quad_DC_Motor_Driver_Firmware/Debug/../Core/Src/stm32f1xx_it.c:60: multiple definition of `I_set_av'; ./Core/Src/main.o:C:/Users/isikemir/Desktop/Courses/EE463/TermProject/EE463-HardwareProject/3-Firmware/Four_Quad_DC_Motor_Driver_Firmware/Debug/../Core/Src/main.c:60: first defined here
c:\st\stm32cubeide_1.11.0\stm32cubeide\plugins\com.st.stm32cube.ide.mcu.externaltools.gnu-tools-for-stm32.10.3-2021.10.win32_1.0.100.202210260954\tools\arm-none-eabi\bin\ld.exe: ./Core/Src/stm32f1xx_it.o:C:/Users/isikemir/Desktop/Courses/EE463/TermProject/EE463-HardwareProject/3-Firmware/Four_Quad_DC_Motor_Driver_Firmware/Debug/../Core/Src/stm32f1xx_it.c:62: multiple definition of `I_set_temp'; ./Core/Src/main.o:C:/Users/isikemir/Desktop/Courses/EE463/TermProject/EE463-HardwareProject/3-Firmware/Four_Quad_DC_Motor_Driver_Firmware/Debug/../Core/Src/main.c:61: first defined here
c:\st\stm32cubeide_1.11.0\stm32cubeide\plugins\com.st.stm32cube.ide.mcu.externaltools.gnu-tools-for-stm32.10.3-2021.10.win32_1.0.100.202210260954\tools\arm-none-eabi\bin\ld.exe: ./Core/Src/stm32f1xx_it.o:C:/Users/isikemir/Desktop/Courses/EE463/TermProject/EE463-HardwareProject/3-Firmware/Four_Quad_DC_Motor_Driver_Firmware/Debug/../Core/Src/stm32f1xx_it.c:63: multiple definition of `Gen_mode'; ./Core/Src/main.o:C:/Users/isikemir/Desktop/Courses/EE463/TermProject/EE463-HardwareProject/3-Firmware/Four_Quad_DC_Motor_Driver_Firmware/Debug/../Core/Src/main.c:62: first defined here
c:\st\stm32cubeide_1.11.0\stm32cubeide\plugins\com.st.stm32cube.ide.mcu.externaltools.gnu-tools-for-stm32.10.3-2021.10.win32_1.0.100.202210260954\tools\arm-none-eabi\bin\ld.exe: ./Core/Src/stm32f1xx_it.o:C:/Users/isikemir/Desktop/Courses/EE463/TermProject/EE463-HardwareProject/3-Firmware/Four_Quad_DC_Motor_Driver_Firmware/Debug/../Core/Src/stm32f1xx_it.c:64: multiple definition of `Soft_st'; ./Core/Src/main.o:C:/Users/isikemir/Desktop/Courses/EE463/TermProject/EE463-HardwareProject/3-Firmware/Four_Quad_DC_Motor_Driver_Firmware/Debug/../Core/Src/main.c:63: first defined here
c:\st\stm32cubeide_1.11.0\stm32cubeide\plugins\com.st.stm32cube.ide.mcu.externaltools.gnu-tools-for-stm32.10.3-2021.10.win32_1.0.100.202210260954\tools\arm-none-eabi\bin\ld.exe: ./Core/Src/stm32f1xx_it.o:C:/Users/isikemir/Desktop/Courses/EE463/TermProject/EE463-HardwareProject/3-Firmware/Four_Quad_DC_Motor_Driver_Firmware/Debug/../Core/Src/stm32f1xx_it.c:65: multiple definition of `Soft_st_done'; ./Core/Src/main.o:C:/Users/isikemir/Desktop/Courses/EE463/TermProject/EE463-HardwareProject/3-Firmware/Four_Quad_DC_Motor_Driver_Firmware/Debug/../Core/Src/main.c:64: first defined here
c:\st\stm32cubeide_1.11.0\stm32cubeide\plugins\com.st.stm32cube.ide.mcu.externaltools.gnu-tools-for-stm32.10.3-2021.10.win32_1.0.100.202210260954\tools\arm-none-eabi\bin\ld.exe: ./Core/Src/stm32f1xx_it.o:C:/Users/isikemir/Desktop/Courses/EE463/TermProject/EE463-HardwareProject/3-Firmware/Four_Quad_DC_Motor_Driver_Firmware/Debug/../Core/Src/stm32f1xx_it.c:66: multiple definition of `forward'; ./Core/Src/main.o:C:/Users/isikemir/Desktop/Courses/EE463/TermProject/EE463-HardwareProject/3-Firmware/Four_Quad_DC_Motor_Driver_Firmware/Debug/../Core/Src/main.c:65: first defined here
c:\st\stm32cubeide_1.11.0\stm32cubeide\plugins\com.st.stm32cube.ide.mcu.externaltools.gnu-tools-for-stm32.10.3-2021.10.win32_1.0.100.202210260954\tools\arm-none-eabi\bin\ld.exe: ./Core/Src/stm32f1xx_it.o:C:/Users/isikemir/Desktop/Courses/EE463/TermProject/EE463-HardwareProject/3-Firmware/Four_Quad_DC_Motor_Driver_Firmware/Debug/../Core/Src/stm32f1xx_it.c:69: multiple definition of `duty'; ./Core/Src/main.o:C:/Users/isikemir/Desktop/Courses/EE463/TermProject/EE463-HardwareProject/3-Firmware/Four_Quad_DC_Motor_Driver_Firmware/Debug/../Core/Src/main.c:68: first defined here
c:\st\stm32cubeide_1.11.0\stm32cubeide\plugins\com.st.stm32cube.ide.mcu.externaltools.gnu-tools-for-stm32.10.3-2021.10.win32_1.0.100.202210260954\tools\arm-none-eabi\bin\ld.exe: ./Core/Src/main.o: in function `ADC1_Read':
C:/Users/isikemir/Desktop/Courses/EE463/TermProject/EE463-HardwareProject/3-Firmware/Four_Quad_DC_Motor_Driver_Firmware/Debug/../Core/Src/main.c:480: undefined reference to `ADC_SoftwareStartConvCmd'
c:\st\stm32cubeide_1.11.0\stm32cubeide\plugins\com.st.stm32cube.ide.mcu.externaltools.gnu-tools-for-stm32.10.3-2021.10.win32_1.0.100.202210260954\tools\arm-none-eabi\bin\ld.exe: C:/Users/isikemir/Desktop/Courses/EE463/TermProject/EE463-HardwareProject/3-Firmware/Four_Quad_DC_Motor_Driver_Firmware/Debug/../Core/Src/main.c:482: undefined reference to `ADC_GetFlagStatus'
c:\st\stm32cubeide_1.11.0\stm32cubeide\plugins\com.st.stm32cube.ide.mcu.externaltools.gnu-tools-for-stm32.10.3-2021.10.win32_1.0.100.202210260954\tools\arm-none-eabi\bin\ld.exe: C:/Users/isikemir/Desktop/Courses/EE463/TermProject/EE463-HardwareProject/3-Firmware/Four_Quad_DC_Motor_Driver_Firmware/Debug/../Core/Src/main.c:484: undefined reference to `ADC_GetConversionValue'
c:\st\stm32cubeide_1.11.0\stm32cubeide\plugins\com.st.stm32cube.ide.mcu.externaltools.gnu-tools-for-stm32.10.3-2021.10.win32_1.0.100.202210260954\tools\arm-none-eabi\bin\ld.exe: ./Core/Src/main.o: in function `ADC2_Read':
C:/Users/isikemir/Desktop/Courses/EE463/TermProject/EE463-HardwareProject/3-Firmware/Four_Quad_DC_Motor_Driver_Firmware/Debug/../Core/Src/main.c:489: undefined reference to `ADC_SoftwareStartConvCmd'
c:\st\stm32cubeide_1.11.0\stm32cubeide\plugins\com.st.stm32cube.ide.mcu.externaltools.gnu-tools-for-stm32.10.3-2021.10.win32_1.0.100.202210260954\tools\arm-none-eabi\bin\ld.exe: C:/Users/isikemir/Desktop/Courses/EE463/TermProject/EE463-HardwareProject/3-Firmware/Four_Quad_DC_Motor_Driver_Firmware/Debug/../Core/Src/main.c:491: undefined reference to `ADC_GetFlagStatus'
c:\st\stm32cubeide_1.11.0\stm32cubeide\plugins\com.st.stm32cube.ide.mcu.externaltools.gnu-tools-for-stm32.10.3-2021.10.win32_1.0.100.202210260954\tools\arm-none-eabi\bin\ld.exe: C:/Users/isikemir/Desktop/Courses/EE463/TermProject/EE463-HardwareProject/3-Firmware/Four_Quad_DC_Motor_Driver_Firmware/Debug/../Core/Src/main.c:493: undefined reference to `ADC_GetConversionValue'
collect2.exe: error: ld returned 1 exit status
make: *** [makefile:64: Four_Quad_DC_Motor_Driver_Firmware.elf] Error 1
"make -j8 all" terminated with exit code 2. Build might be incomplete.
00:19:22 **** Incremental Build of configuration Debug for project Four_Quad_DC_Motor_Driver_Firmware ****
make -j8 all 
arm-none-eabi-gcc "../Core/Src/stm32f1xx_it.c" -mcpu=cortex-m3 -std=gnu11 -g3 -DDEBUG -DUSE_HAL_DRIVER -DSTM32F103xB -c -I../Core/Inc -I../Drivers/STM32F1xx_HAL_Driver/Inc/Legacy -I../Drivers/STM32F1xx_HAL_Driver/Inc -I../Drivers/CMSIS/Device/ST/STM32F1xx/Include -I../Drivers/CMSIS/Include -O0 -ffunction-sections -fdata-sections -Wall -fstack-usage -MMD -MP -MF"Core/Src/stm32f1xx_it.d" -MT"Core/Src/stm32f1xx_it.o" --specs=nano.specs -mfloat-abi=soft -mthumb -o "Core/Src/stm32f1xx_it.o"
../Core/Src/stm32f1xx_it.c: In function 'TIM4_IRQHandler':
../Core/Src/stm32f1xx_it.c:375:11: warning: unused variable 'der_error' [-Wunused-variable]
  375 |     float der_error = (prop_error-pre_prop_error)/delta_t;
      |           ^~~~~~~~~
arm-none-eabi-gcc -o "Four_Quad_DC_Motor_Driver_Firmware.elf" @"objects.list"   -mcpu=cortex-m3 -T"C:\Users\isikemir\Desktop\Courses\EE463\TermProject\EE463-HardwareProject\3-Firmware\Four_Quad_DC_Motor_Driver_Firmware\STM32F103C8TX_FLASH.ld" --specs=nosys.specs -Wl,-Map="Four_Quad_DC_Motor_Driver_Firmware.map" -Wl,--gc-sections -static --specs=nano.specs -mfloat-abi=soft -mthumb -Wl,--start-group -lc -lm -Wl,--end-group
c:\st\stm32cubeide_1.11.0\stm32cubeide\plugins\com.st.stm32cube.ide.mcu.externaltools.gnu-tools-for-stm32.10.3-2021.10.win32_1.0.100.202210260954\tools\arm-none-eabi\bin\ld.exe: ./Core/Src/main.o: in function `ADC1_Read':
C:/Users/isikemir/Desktop/Courses/EE463/TermProject/EE463-HardwareProject/3-Firmware/Four_Quad_DC_Motor_Driver_Firmware/Debug/../Core/Src/main.c:480: undefined reference to `ADC_SoftwareStartConvCmd'
c:\st\stm32cubeide_1.11.0\stm32cubeide\plugins\com.st.stm32cube.ide.mcu.externaltools.gnu-tools-for-stm32.10.3-2021.10.win32_1.0.100.202210260954\tools\arm-none-eabi\bin\ld.exe: C:/Users/isikemir/Desktop/Courses/EE463/TermProject/EE463-HardwareProject/3-Firmware/Four_Quad_DC_Motor_Driver_Firmware/Debug/../Core/Src/main.c:482: undefined reference to `ADC_GetFlagStatus'
c:\st\stm32cubeide_1.11.0\stm32cubeide\plugins\com.st.stm32cube.ide.mcu.externaltools.gnu-tools-for-stm32.10.3-2021.10.win32_1.0.100.202210260954\tools\arm-none-eabi\bin\ld.exe: C:/Users/isikemir/Desktop/Courses/EE463/TermProject/EE463-HardwareProject/3-Firmware/Four_Quad_DC_Motor_Driver_Firmware/Debug/../Core/Src/main.c:484: undefined reference to `ADC_GetConversionValue'
c:\st\stm32cubeide_1.11.0\stm32cubeide\plugins\com.st.stm32cube.ide.mcu.externaltools.gnu-tools-for-stm32.10.3-2021.10.win32_1.0.100.202210260954\tools\arm-none-eabi\bin\ld.exe: ./Core/Src/main.o: in function `ADC2_Read':
C:/Users/isikemir/Desktop/Courses/EE463/TermProject/EE463-HardwareProject/3-Firmware/Four_Quad_DC_Motor_Driver_Firmware/Debug/../Core/Src/main.c:489: undefined reference to `ADC_SoftwareStartConvCmd'
c:\st\stm32cubeide_1.11.0\stm32cubeide\plugins\com.st.stm32cube.ide.mcu.externaltools.gnu-tools-for-stm32.10.3-2021.10.win32_1.0.100.202210260954\tools\arm-none-eabi\bin\ld.exe: C:/Users/isikemir/Desktop/Courses/EE463/TermProject/EE463-HardwareProject/3-Firmware/Four_Quad_DC_Motor_Driver_Firmware/Debug/../Core/Src/main.c:491: undefined reference to `ADC_GetFlagStatus'
c:\st\stm32cubeide_1.11.0\stm32cubeide\plugins\com.st.stm32cube.ide.mcu.externaltools.gnu-tools-for-stm32.10.3-2021.10.win32_1.0.100.202210260954\tools\arm-none-eabi\bin\ld.exe: C:/Users/isikemir/Desktop/Courses/EE463/TermProject/EE463-HardwareProject/3-Firmware/Four_Quad_DC_Motor_Driver_Firmware/Debug/../Core/Src/main.c:493: undefined reference to `ADC_GetConversionValue'
c:\st\stm32cubeide_1.11.0\stm32cubeide\plugins\com.st.stm32cube.ide.mcu.externaltools.gnu-tools-for-stm32.10.3-2021.10.win32_1.0.100.202210260954\tools\arm-none-eabi\bin\ld.exe: ./Core/Src/stm32f1xx_it.o: in function `TIM4_IRQHandler':
C:/Users/isikemir/Desktop/Courses/EE463/TermProject/EE463-HardwareProject/3-Firmware/Four_Quad_DC_Motor_Driver_Firmware/Debug/../Core/Src/stm32f1xx_it.c:365: undefined reference to `I_sense_av'
c:\st\stm32cubeide_1.11.0\stm32cubeide\plugins\com.st.stm32cube.ide.mcu.externaltools.gnu-tools-for-stm32.10.3-2021.10.win32_1.0.100.202210260954\tools\arm-none-eabi\bin\ld.exe: C:/Users/isikemir/Desktop/Courses/EE463/TermProject/EE463-HardwareProject/3-Firmware/Four_Quad_DC_Motor_Driver_Firmware/Debug/../Core/Src/stm32f1xx_it.c:365: undefined reference to `I_sense_temp'
c:\st\stm32cubeide_1.11.0\stm32cubeide\plugins\com.st.stm32cube.ide.mcu.externaltools.gnu-tools-for-stm32.10.3-2021.10.win32_1.0.100.202210260954\tools\arm-none-eabi\bin\ld.exe: C:/Users/isikemir/Desktop/Courses/EE463/TermProject/EE463-HardwareProject/3-Firmware/Four_Quad_DC_Motor_Driver_Firmware/Debug/../Core/Src/stm32f1xx_it.c:446: undefined reference to `I_sense_av'
collect2.exe: error: ld returned 1 exit status
make: *** [makefile:64: Four_Quad_DC_Motor_Driver_Firmware.elf] Error 1
"make -j8 all" terminated with exit code 2. Build might be incomplete.
00:29:03 **** Incremental Build of configuration Debug for project Four_Quad_DC_Motor_Driver_Firmware ****
make -j8 all 
arm-none-eabi-gcc "../Core/Src/main.c" -mcpu=cortex-m3 -std=gnu11 -g3 -DDEBUG -DUSE_HAL_DRIVER -DSTM32F103xB -c -I../Core/Inc -I../Drivers/STM32F1xx_HAL_Driver/Inc/Legacy -I../Drivers/STM32F1xx_HAL_Driver/Inc -I../Drivers/CMSIS/Device/ST/STM32F1xx/Include -I../Drivers/CMSIS/Include -O0 -ffunction-sections -fdata-sections -Wall -fstack-usage -MMD -MP -MF"Core/Src/main.d" -MT"Core/Src/main.o" --specs=nano.specs -mfloat-abi=soft -mthumb -o "Core/Src/main.o"
arm-none-eabi-gcc -o "Four_Quad_DC_Motor_Driver_Firmware.elf" @"objects.list"   -mcpu=cortex-m3 -T"C:\Users\isikemir\Desktop\Courses\EE463\TermProject\EE463-HardwareProject\3-Firmware\Four_Quad_DC_Motor_Driver_Firmware\STM32F103C8TX_FLASH.ld" --specs=nosys.specs -Wl,-Map="Four_Quad_DC_Motor_Driver_Firmware.map" -Wl,--gc-sections -static --specs=nano.specs -mfloat-abi=soft -mthumb -Wl,--start-group -lc -lm -Wl,--end-group
c:\st\stm32cubeide_1.11.0\stm32cubeide\plugins\com.st.stm32cube.ide.mcu.externaltools.gnu-tools-for-stm32.10.3-2021.10.win32_1.0.100.202210260954\tools\arm-none-eabi\bin\ld.exe: ./Core/Src/stm32f1xx_it.o: in function `TIM4_IRQHandler':
C:/Users/isikemir/Desktop/Courses/EE463/TermProject/EE463-HardwareProject/3-Firmware/Four_Quad_DC_Motor_Driver_Firmware/Debug/../Core/Src/stm32f1xx_it.c:365: undefined reference to `I_sense_av'
c:\st\stm32cubeide_1.11.0\stm32cubeide\plugins\com.st.stm32cube.ide.mcu.externaltools.gnu-tools-for-stm32.10.3-2021.10.win32_1.0.100.202210260954\tools\arm-none-eabi\bin\ld.exe: C:/Users/isikemir/Desktop/Courses/EE463/TermProject/EE463-HardwareProject/3-Firmware/Four_Quad_DC_Motor_Driver_Firmware/Debug/../Core/Src/stm32f1xx_it.c:365: undefined reference to `I_sense_temp'
c:\st\stm32cubeide_1.11.0\stm32cubeide\plugins\com.st.stm32cube.ide.mcu.externaltools.gnu-tools-for-stm32.10.3-2021.10.win32_1.0.100.202210260954\tools\arm-none-eabi\bin\ld.exe: C:/Users/isikemir/Desktop/Courses/EE463/TermProject/EE463-HardwareProject/3-Firmware/Four_Quad_DC_Motor_Driver_Firmware/Debug/../Core/Src/stm32f1xx_it.c:446: undefined reference to `I_sense_av'
collect2.exe: error: ld returned 1 exit status
make: *** [makefile:64: Four_Quad_DC_Motor_Driver_Firmware.elf] Error 1
"make -j8 all" terminated with exit code 2. Build might be incomplete.
00:29:43 **** Incremental Build of configuration Debug for project Four_Quad_DC_Motor_Driver_Firmware ****
make -j8 all 
arm-none-eabi-gcc "../Core/Src/stm32f1xx_it.c" -mcpu=cortex-m3 -std=gnu11 -g3 -DDEBUG -DUSE_HAL_DRIVER -DSTM32F103xB -c -I../Core/Inc -I../Drivers/STM32F1xx_HAL_Driver/Inc/Legacy -I../Drivers/STM32F1xx_HAL_Driver/Inc -I../Drivers/CMSIS/Device/ST/STM32F1xx/Include -I../Drivers/CMSIS/Include -O0 -ffunction-sections -fdata-sections -Wall -fstack-usage -MMD -MP -MF"Core/Src/stm32f1xx_it.d" -MT"Core/Src/stm32f1xx_it.o" --specs=nano.specs -mfloat-abi=soft -mthumb -o "Core/Src/stm32f1xx_it.o"
../Core/Src/stm32f1xx_it.c: In function 'TIM4_IRQHandler':
../Core/Src/stm32f1xx_it.c:375:11: warning: unused variable 'der_error' [-Wunused-variable]
  375 |     float der_error = (prop_error-pre_prop_error)/delta_t;
      |           ^~~~~~~~~
arm-none-eabi-gcc -o "Four_Quad_DC_Motor_Driver_Firmware.elf" @"objects.list"   -mcpu=cortex-m3 -T"C:\Users\isikemir\Desktop\Courses\EE463\TermProject\EE463-HardwareProject\3-Firmware\Four_Quad_DC_Motor_Driver_Firmware\STM32F103C8TX_FLASH.ld" --specs=nosys.specs -Wl,-Map="Four_Quad_DC_Motor_Driver_Firmware.map" -Wl,--gc-sections -static --specs=nano.specs -mfloat-abi=soft -mthumb -Wl,--start-group -lc -lm -Wl,--end-group
c:\st\stm32cubeide_1.11.0\stm32cubeide\plugins\com.st.stm32cube.ide.mcu.externaltools.gnu-tools-for-stm32.10.3-2021.10.win32_1.0.100.202210260954\tools\arm-none-eabi\bin\ld.exe: ./Core/Src/stm32f1xx_it.o:C:/Users/isikemir/Desktop/Courses/EE463/TermProject/EE463-HardwareProject/3-Firmware/Four_Quad_DC_Motor_Driver_Firmware/Debug/../Core/Src/stm32f1xx_it.c:60: multiple definition of `I_set_av'; ./Core/Src/main.o:C:/Users/isikemir/Desktop/Courses/EE463/TermProject/EE463-HardwareProject/3-Firmware/Four_Quad_DC_Motor_Driver_Firmware/Debug/../Core/Src/main.c:60: first defined here
c:\st\stm32cubeide_1.11.0\stm32cubeide\plugins\com.st.stm32cube.ide.mcu.externaltools.gnu-tools-for-stm32.10.3-2021.10.win32_1.0.100.202210260954\tools\arm-none-eabi\bin\ld.exe: ./Core/Src/stm32f1xx_it.o:C:/Users/isikemir/Desktop/Courses/EE463/TermProject/EE463-HardwareProject/3-Firmware/Four_Quad_DC_Motor_Driver_Firmware/Debug/../Core/Src/stm32f1xx_it.c:62: multiple definition of `I_set_temp'; ./Core/Src/main.o:C:/Users/isikemir/Desktop/Courses/EE463/TermProject/EE463-HardwareProject/3-Firmware/Four_Quad_DC_Motor_Driver_Firmware/Debug/../Core/Src/main.c:61: first defined here
collect2.exe: error: ld returned 1 exit status
make: *** [makefile:64: Four_Quad_DC_Motor_Driver_Firmware.elf] Error 1
"make -j8 all" terminated with exit code 2. Build might be incomplete.
00:30:09 **** Incremental Build of configuration Debug for project Four_Quad_DC_Motor_Driver_Firmware ****
make -j8 all 
arm-none-eabi-gcc "../Core/Src/stm32f1xx_it.c" -mcpu=cortex-m3 -std=gnu11 -g3 -DDEBUG -DUSE_HAL_DRIVER -DSTM32F103xB -c -I../Core/Inc -I../Drivers/STM32F1xx_HAL_Driver/Inc/Legacy -I../Drivers/STM32F1xx_HAL_Driver/Inc -I../Drivers/CMSIS/Device/ST/STM32F1xx/Include -I../Drivers/CMSIS/Include -O0 -ffunction-sections -fdata-sections -Wall -fstack-usage -MMD -MP -MF"Core/Src/stm32f1xx_it.d" -MT"Core/Src/stm32f1xx_it.o" --specs=nano.specs -mfloat-abi=soft -mthumb -o "Core/Src/stm32f1xx_it.o"
../Core/Src/stm32f1xx_it.c: In function 'TIM4_IRQHandler':
../Core/Src/stm32f1xx_it.c:375:11: warning: unused variable 'der_error' [-Wunused-variable]
  375 |     float der_error = (prop_error-pre_prop_error)/delta_t;
      |           ^~~~~~~~~
arm-none-eabi-gcc -o "Four_Quad_DC_Motor_Driver_Firmware.elf" @"objects.list"   -mcpu=cortex-m3 -T"C:\Users\isikemir\Desktop\Courses\EE463\TermProject\EE463-HardwareProject\3-Firmware\Four_Quad_DC_Motor_Driver_Firmware\STM32F103C8TX_FLASH.ld" --specs=nosys.specs -Wl,-Map="Four_Quad_DC_Motor_Driver_Firmware.map" -Wl,--gc-sections -static --specs=nano.specs -mfloat-abi=soft -mthumb -Wl,--start-group -lc -lm -Wl,--end-group
Finished building target: Four_Quad_DC_Motor_Driver_Firmware.elf
 
arm-none-eabi-size   Four_Quad_DC_Motor_Driver_Firmware.elf 
arm-none-eabi-objdump -h -S  Four_Quad_DC_Motor_Driver_Firmware.elf  > "Four_Quad_DC_Motor_Driver_Firmware.list"
   text	   data	    bss	    dec	    hex	filename
  18216	     24	   2352	  20592	   5070	Four_Quad_DC_Motor_Driver_Firmware.elf
Finished building: default.size.stdout
 
Finished building: Four_Quad_DC_Motor_Driver_Firmware.list
 
00:30:22 **** Incremental Build of configuration Debug for project Four_Quad_DC_Motor_Driver_Firmware ****
make -j8 all 
arm-none-eabi-size   Four_Quad_DC_Motor_Driver_Firmware.elf 
   text	   data	    bss	    dec	    hex	filename
  18216	     24	   2352	  20592	   5070	Four_Quad_DC_Motor_Driver_Firmware.elf
Finished building: default.size.stdout
 
