05:08:59 **** Incremental Build of configuration Debug for project Four_Quad_DC_Motor_Driver_Firmware ****
make -j16 all 
arm-none-eabi-gcc "../Core/Src/main.c" -mcpu=cortex-m3 -std=gnu11 -g3 -DDEBUG -DUSE_HAL_DRIVER -DSTM32F103xB -c -I../Core/Inc -I../Drivers/STM32F1xx_HAL_Driver/Inc/Legacy -I../Drivers/STM32F1xx_HAL_Driver/Inc -I../Drivers/CMSIS/Device/ST/STM32F1xx/Include -I../Drivers/CMSIS/Include -O0 -ffunction-sections -fdata-sections -Wall -fstack-usage -MMD -MP -MF"Core/Src/main.d" -MT"Core/Src/main.o" --specs=nano.specs -mfloat-abi=soft -mthumb -o "Core/Src/main.o"
arm-none-eabi-gcc -o "Four_Quad_DC_Motor_Driver_Firmware.elf" @"objects.list"   -mcpu=cortex-m3 -T"C:\Users\Pineapple\Desktop\damn_okul\EE463\TermProject\EE463-HardwareProject\3-Firmware\Four_Quad_DC_Motor_Driver_Firmware\STM32F103C8TX_FLASH.ld" --specs=nosys.specs -Wl,-Map="Four_Quad_DC_Motor_Driver_Firmware.map" -Wl,--gc-sections -static --specs=nano.specs -mfloat-abi=soft -mthumb -Wl,--start-group -lc -lm -Wl,--end-group
Finished building target: Four_Quad_DC_Motor_Driver_Firmware.elf
 
arm-none-eabi-size   Four_Quad_DC_Motor_Driver_Firmware.elf 
arm-none-eabi-objdump -h -S  Four_Quad_DC_Motor_Driver_Firmware.elf  > "Four_Quad_DC_Motor_Driver_Firmware.list"
   text	   data	    bss	    dec	    hex	filename
  19076	     24	   2352	  21452	   53cc	Four_Quad_DC_Motor_Driver_Firmware.elf
Finished building: default.size.stdout
 
Finished building: Four_Quad_DC_Motor_Driver_Firmware.list
 
05:09:07 **** Incremental Build of configuration Debug for project Four_Quad_DC_Motor_Driver_Firmware ****
make -j16 all 
arm-none-eabi-size   Four_Quad_DC_Motor_Driver_Firmware.elf 
   text	   data	    bss	    dec	    hex	filename
  19076	     24	   2352	  21452	   53cc	Four_Quad_DC_Motor_Driver_Firmware.elf
Finished building: default.size.stdout
 
05:10:31 **** Incremental Build of configuration Debug for project Four_Quad_DC_Motor_Driver_Firmware ****
make -j16 all 
arm-none-eabi-gcc "../Core/Src/stm32f1xx_it.c" -mcpu=cortex-m3 -std=gnu11 -g3 -DDEBUG -DUSE_HAL_DRIVER -DSTM32F103xB -c -I../Core/Inc -I../Drivers/STM32F1xx_HAL_Driver/Inc/Legacy -I../Drivers/STM32F1xx_HAL_Driver/Inc -I../Drivers/CMSIS/Device/ST/STM32F1xx/Include -I../Drivers/CMSIS/Include -O0 -ffunction-sections -fdata-sections -Wall -fstack-usage -MMD -MP -MF"Core/Src/stm32f1xx_it.d" -MT"Core/Src/stm32f1xx_it.o" --specs=nano.specs -mfloat-abi=soft -mthumb -o "Core/Src/stm32f1xx_it.o"
../Core/Src/stm32f1xx_it.c: In function 'TIM4_IRQHandler':
../Core/Src/stm32f1xx_it.c:393:11: warning: unused variable 'der_error' [-Wunused-variable]
  393 |     float der_error = (prop_error-pre_prop_error)/delta_t;
      |           ^~~~~~~~~
arm-none-eabi-gcc -o "Four_Quad_DC_Motor_Driver_Firmware.elf" @"objects.list"   -mcpu=cortex-m3 -T"C:\Users\Pineapple\Desktop\damn_okul\EE463\TermProject\EE463-HardwareProject\3-Firmware\Four_Quad_DC_Motor_Driver_Firmware\STM32F103C8TX_FLASH.ld" --specs=nosys.specs -Wl,-Map="Four_Quad_DC_Motor_Driver_Firmware.map" -Wl,--gc-sections -static --specs=nano.specs -mfloat-abi=soft -mthumb -Wl,--start-group -lc -lm -Wl,--end-group
Finished building target: Four_Quad_DC_Motor_Driver_Firmware.elf
 
arm-none-eabi-size   Four_Quad_DC_Motor_Driver_Firmware.elf 
arm-none-eabi-objdump -h -S  Four_Quad_DC_Motor_Driver_Firmware.elf  > "Four_Quad_DC_Motor_Driver_Firmware.list"
   text	   data	    bss	    dec	    hex	filename
  19076	     24	   2352	  21452	   53cc	Four_Quad_DC_Motor_Driver_Firmware.elf
Finished building: default.size.stdout
 
Finished building: Four_Quad_DC_Motor_Driver_Firmware.list
 
05:11:11 **** Incremental Build of configuration Debug for project Four_Quad_DC_Motor_Driver_Firmware ****
make -j16 all 
arm-none-eabi-size   Four_Quad_DC_Motor_Driver_Firmware.elf 
   text	   data	    bss	    dec	    hex	filename
  19076	     24	   2352	  21452	   53cc	Four_Quad_DC_Motor_Driver_Firmware.elf
Finished building: default.size.stdout
 
05:11:26 **** Incremental Build of configuration Debug for project Four_Quad_DC_Motor_Driver_Firmware ****
make -j16 all 
arm-none-eabi-size   Four_Quad_DC_Motor_Driver_Firmware.elf 
   text	   data	    bss	    dec	    hex	filename
  19076	     24	   2352	  21452	   53cc	Four_Quad_DC_Motor_Driver_Firmware.elf
Finished building: default.size.stdout
 
05:11:40 **** Incremental Build of configuration Debug for project Four_Quad_DC_Motor_Driver_Firmware ****
make -j16 all 
arm-none-eabi-size   Four_Quad_DC_Motor_Driver_Firmware.elf 
   text	   data	    bss	    dec	    hex	filename
  19076	     24	   2352	  21452	   53cc	Four_Quad_DC_Motor_Driver_Firmware.elf
Finished building: default.size.stdout
 
05:13:22 **** Incremental Build of configuration Debug for project Four_Quad_DC_Motor_Driver_Firmware ****
make -j16 all 
arm-none-eabi-size   Four_Quad_DC_Motor_Driver_Firmware.elf 
   text	   data	    bss	    dec	    hex	filename
  19076	     24	   2352	  21452	   53cc	Four_Quad_DC_Motor_Driver_Firmware.elf
Finished building: default.size.stdout
 
05:17:01 **** Incremental Build of configuration Debug for project Four_Quad_DC_Motor_Driver_Firmware ****
make -j16 all 
arm-none-eabi-size   Four_Quad_DC_Motor_Driver_Firmware.elf 
   text	   data	    bss	    dec	    hex	filename
  19076	     24	   2352	  21452	   53cc	Four_Quad_DC_Motor_Driver_Firmware.elf
Finished building: default.size.stdout
 
05:17:19 **** Incremental Build of configuration Debug for project Four_Quad_DC_Motor_Driver_Firmware ****
make -j16 all 
arm-none-eabi-size   Four_Quad_DC_Motor_Driver_Firmware.elf 
   text	   data	    bss	    dec	    hex	filename
  19076	     24	   2352	  21452	   53cc	Four_Quad_DC_Motor_Driver_Firmware.elf
Finished building: default.size.stdout
 
05:22:12 **** Incremental Build of configuration Debug for project Four_Quad_DC_Motor_Driver_Firmware ****
make -j16 all 
arm-none-eabi-size   Four_Quad_DC_Motor_Driver_Firmware.elf 
   text	   data	    bss	    dec	    hex	filename
  19076	     24	   2352	  21452	   53cc	Four_Quad_DC_Motor_Driver_Firmware.elf
Finished building: default.size.stdout
 
05:23:32 **** Incremental Build of configuration Debug for project Four_Quad_DC_Motor_Driver_Firmware ****
make -j16 all 
arm-none-eabi-size   Four_Quad_DC_Motor_Driver_Firmware.elf 
   text	   data	    bss	    dec	    hex	filename
  19076	     24	   2352	  21452	   53cc	Four_Quad_DC_Motor_Driver_Firmware.elf
Finished building: default.size.stdout
 
05:23:45 **** Incremental Build of configuration Debug for project Four_Quad_DC_Motor_Driver_Firmware ****
make -j16 all 
arm-none-eabi-size   Four_Quad_DC_Motor_Driver_Firmware.elf 
   text	   data	    bss	    dec	    hex	filename
  19076	     24	   2352	  21452	   53cc	Four_Quad_DC_Motor_Driver_Firmware.elf
Finished building: default.size.stdout
 
05:25:10 **** Incremental Build of configuration Debug for project Four_Quad_DC_Motor_Driver_Firmware ****
make -j16 all 
arm-none-eabi-gcc "../Core/Src/stm32f1xx_it.c" -mcpu=cortex-m3 -std=gnu11 -g3 -DDEBUG -DUSE_HAL_DRIVER -DSTM32F103xB -c -I../Core/Inc -I../Drivers/STM32F1xx_HAL_Driver/Inc/Legacy -I../Drivers/STM32F1xx_HAL_Driver/Inc -I../Drivers/CMSIS/Device/ST/STM32F1xx/Include -I../Drivers/CMSIS/Include -O0 -ffunction-sections -fdata-sections -Wall -fstack-usage -MMD -MP -MF"Core/Src/stm32f1xx_it.d" -MT"Core/Src/stm32f1xx_it.o" --specs=nano.specs -mfloat-abi=soft -mthumb -o "Core/Src/stm32f1xx_it.o"
../Core/Src/stm32f1xx_it.c: In function 'TIM4_IRQHandler':
../Core/Src/stm32f1xx_it.c:393:11: warning: unused variable 'der_error' [-Wunused-variable]
  393 |     float der_error = (prop_error-pre_prop_error)/delta_t;
      |           ^~~~~~~~~
arm-none-eabi-gcc -o "Four_Quad_DC_Motor_Driver_Firmware.elf" @"objects.list"   -mcpu=cortex-m3 -T"C:\Users\Pineapple\Desktop\damn_okul\EE463\TermProject\EE463-HardwareProject\3-Firmware\Four_Quad_DC_Motor_Driver_Firmware\STM32F103C8TX_FLASH.ld" --specs=nosys.specs -Wl,-Map="Four_Quad_DC_Motor_Driver_Firmware.map" -Wl,--gc-sections -static --specs=nano.specs -mfloat-abi=soft -mthumb -Wl,--start-group -lc -lm -Wl,--end-group
Finished building target: Four_Quad_DC_Motor_Driver_Firmware.elf
 
arm-none-eabi-size   Four_Quad_DC_Motor_Driver_Firmware.elf 
arm-none-eabi-objdump -h -S  Four_Quad_DC_Motor_Driver_Firmware.elf  > "Four_Quad_DC_Motor_Driver_Firmware.list"
   text	   data	    bss	    dec	    hex	filename
  19084	     24	   2352	  21460	   53d4	Four_Quad_DC_Motor_Driver_Firmware.elf
Finished building: default.size.stdout
 
Finished building: Four_Quad_DC_Motor_Driver_Firmware.list
 
05:33:47 **** Incremental Build of configuration Debug for project Four_Quad_DC_Motor_Driver_Firmware ****
make -j16 all 
arm-none-eabi-gcc "../Core/Src/stm32f1xx_it.c" -mcpu=cortex-m3 -std=gnu11 -g3 -DDEBUG -DUSE_HAL_DRIVER -DSTM32F103xB -c -I../Core/Inc -I../Drivers/STM32F1xx_HAL_Driver/Inc/Legacy -I../Drivers/STM32F1xx_HAL_Driver/Inc -I../Drivers/CMSIS/Device/ST/STM32F1xx/Include -I../Drivers/CMSIS/Include -O0 -ffunction-sections -fdata-sections -Wall -fstack-usage -MMD -MP -MF"Core/Src/stm32f1xx_it.d" -MT"Core/Src/stm32f1xx_it.o" --specs=nano.specs -mfloat-abi=soft -mthumb -o "Core/Src/stm32f1xx_it.o"
../Core/Src/stm32f1xx_it.c: In function 'TIM4_IRQHandler':
../Core/Src/stm32f1xx_it.c:393:11: warning: unused variable 'der_error' [-Wunused-variable]
  393 |     float der_error = (prop_error-pre_prop_error)/delta_t;
      |           ^~~~~~~~~
arm-none-eabi-gcc -o "Four_Quad_DC_Motor_Driver_Firmware.elf" @"objects.list"   -mcpu=cortex-m3 -T"C:\Users\Pineapple\Desktop\damn_okul\EE463\TermProject\EE463-HardwareProject\3-Firmware\Four_Quad_DC_Motor_Driver_Firmware\STM32F103C8TX_FLASH.ld" --specs=nosys.specs -Wl,-Map="Four_Quad_DC_Motor_Driver_Firmware.map" -Wl,--gc-sections -static --specs=nano.specs -mfloat-abi=soft -mthumb -Wl,--start-group -lc -lm -Wl,--end-group
Finished building target: Four_Quad_DC_Motor_Driver_Firmware.elf
 
arm-none-eabi-size   Four_Quad_DC_Motor_Driver_Firmware.elf 
arm-none-eabi-objdump -h -S  Four_Quad_DC_Motor_Driver_Firmware.elf  > "Four_Quad_DC_Motor_Driver_Firmware.list"
   text	   data	    bss	    dec	    hex	filename
  19084	     24	   2352	  21460	   53d4	Four_Quad_DC_Motor_Driver_Firmware.elf
Finished building: default.size.stdout
 
Finished building: Four_Quad_DC_Motor_Driver_Firmware.list
 
05:38:28 **** Incremental Build of configuration Debug for project Four_Quad_DC_Motor_Driver_Firmware ****
make -j16 all 
arm-none-eabi-gcc "../Core/Src/main.c" -mcpu=cortex-m3 -std=gnu11 -g3 -DDEBUG -DUSE_HAL_DRIVER -DSTM32F103xB -c -I../Core/Inc -I../Drivers/STM32F1xx_HAL_Driver/Inc/Legacy -I../Drivers/STM32F1xx_HAL_Driver/Inc -I../Drivers/CMSIS/Device/ST/STM32F1xx/Include -I../Drivers/CMSIS/Include -O0 -ffunction-sections -fdata-sections -Wall -fstack-usage -MMD -MP -MF"Core/Src/main.d" -MT"Core/Src/main.o" --specs=nano.specs -mfloat-abi=soft -mthumb -o "Core/Src/main.o"
arm-none-eabi-gcc "../Core/Src/stm32f1xx_it.c" -mcpu=cortex-m3 -std=gnu11 -g3 -DDEBUG -DUSE_HAL_DRIVER -DSTM32F103xB -c -I../Core/Inc -I../Drivers/STM32F1xx_HAL_Driver/Inc/Legacy -I../Drivers/STM32F1xx_HAL_Driver/Inc -I../Drivers/CMSIS/Device/ST/STM32F1xx/Include -I../Drivers/CMSIS/Include -O0 -ffunction-sections -fdata-sections -Wall -fstack-usage -MMD -MP -MF"Core/Src/stm32f1xx_it.d" -MT"Core/Src/stm32f1xx_it.o" --specs=nano.specs -mfloat-abi=soft -mthumb -o "Core/Src/stm32f1xx_it.o"
../Core/Src/stm32f1xx_it.c: In function 'TIM4_IRQHandler':
../Core/Src/stm32f1xx_it.c:393:11: warning: unused variable 'der_error' [-Wunused-variable]
  393 |     float der_error = (prop_error-pre_prop_error)/delta_t;
      |           ^~~~~~~~~
arm-none-eabi-gcc -o "Four_Quad_DC_Motor_Driver_Firmware.elf" @"objects.list"   -mcpu=cortex-m3 -T"C:\Users\Pineapple\Desktop\damn_okul\EE463\TermProject\EE463-HardwareProject\3-Firmware\Four_Quad_DC_Motor_Driver_Firmware\STM32F103C8TX_FLASH.ld" --specs=nosys.specs -Wl,-Map="Four_Quad_DC_Motor_Driver_Firmware.map" -Wl,--gc-sections -static --specs=nano.specs -mfloat-abi=soft -mthumb -Wl,--start-group -lc -lm -Wl,--end-group
Finished building target: Four_Quad_DC_Motor_Driver_Firmware.elf
 
arm-none-eabi-size   Four_Quad_DC_Motor_Driver_Firmware.elf 
arm-none-eabi-objdump -h -S  Four_Quad_DC_Motor_Driver_Firmware.elf  > "Four_Quad_DC_Motor_Driver_Firmware.list"
   text	   data	    bss	    dec	    hex	filename
  19084	     28	   2348	  21460	   53d4	Four_Quad_DC_Motor_Driver_Firmware.elf
Finished building: default.size.stdout
 
Finished building: Four_Quad_DC_Motor_Driver_Firmware.list
 
05:42:19 **** Incremental Build of configuration Debug for project Four_Quad_DC_Motor_Driver_Firmware ****
make -j16 all 
arm-none-eabi-size   Four_Quad_DC_Motor_Driver_Firmware.elf 
   text	   data	    bss	    dec	    hex	filename
  19084	     28	   2348	  21460	   53d4	Four_Quad_DC_Motor_Driver_Firmware.elf
Finished building: default.size.stdout
 
05:42:47 **** Incremental Build of configuration Debug for project Four_Quad_DC_Motor_Driver_Firmware ****
make -j16 all 
arm-none-eabi-size   Four_Quad_DC_Motor_Driver_Firmware.elf 
   text	   data	    bss	    dec	    hex	filename
  19084	     28	   2348	  21460	   53d4	Four_Quad_DC_Motor_Driver_Firmware.elf
Finished building: default.size.stdout
 
05:44:28 **** Incremental Build of configuration Debug for project Four_Quad_DC_Motor_Driver_Firmware ****
make -j16 all 
arm-none-eabi-size   Four_Quad_DC_Motor_Driver_Firmware.elf 
   text	   data	    bss	    dec	    hex	filename
  19084	     28	   2348	  21460	   53d4	Four_Quad_DC_Motor_Driver_Firmware.elf
Finished building: default.size.stdout
 
05:45:12 **** Incremental Build of configuration Debug for project Four_Quad_DC_Motor_Driver_Firmware ****
make -j16 all 
arm-none-eabi-size   Four_Quad_DC_Motor_Driver_Firmware.elf 
   text	   data	    bss	    dec	    hex	filename
  19084	     28	   2348	  21460	   53d4	Four_Quad_DC_Motor_Driver_Firmware.elf
Finished building: default.size.stdout
 
