../Core/Src/main.c:94:5:main	8	static
../Core/Src/main.c:154:6:SystemClock_Config	88	static
../Core/Src/main.c:205:13:MX_ADC1_Init	24	static
../Core/Src/main.c:252:13:MX_ADC2_Init	24	static
../Core/Src/main.c:299:13:MX_TIM1_Init	96	static
../Core/Src/main.c:382:13:MX_TIM4_Init	32	static
../Core/Src/main.c:425:13:MX_DMA_Init	16	static
../Core/Src/main.c:443:13:MX_GPIO_Init	40	static
../Core/Src/main.c:482:10:ADC1_Read	8	static
../Core/Src/main.c:491:10:ADC2_Read	8	static
../Core/Src/main.c:506:6:Error_Handler	4	static,ignoring_inline_asm
