../Core/Src/main.c:94:5:main	8	static
../Core/Src/main.c:149:6:SystemClock_Config	88	static
../Core/Src/main.c:200:13:MX_ADC1_Init	24	static
../Core/Src/main.c:247:13:MX_ADC2_Init	24	static
../Core/Src/main.c:294:13:MX_TIM1_Init	96	static
../Core/Src/main.c:377:13:MX_TIM4_Init	32	static
../Core/Src/main.c:420:13:MX_DMA_Init	16	static
../Core/Src/main.c:438:13:MX_GPIO_Init	40	static
../Core/Src/main.c:477:10:ADC1_Read	8	static
../Core/Src/main.c:485:10:ADC2_Read	8	static
../Core/Src/main.c:500:6:Error_Handler	4	static,ignoring_inline_asm
