../Core/Src/stm32f1xx_it.c:99:6:NMI_Handler	8	static
../Core/Src/stm32f1xx_it.c:115:6:HardFault_Handler	4	static
../Core/Src/stm32f1xx_it.c:130:6:MemManage_Handler	4	static
../Core/Src/stm32f1xx_it.c:145:6:BusFault_Handler	4	static
../Core/Src/stm32f1xx_it.c:160:6:UsageFault_Handler	4	static
../Core/Src/stm32f1xx_it.c:175:6:SVC_Handler	4	static
../Core/Src/stm32f1xx_it.c:188:6:DebugMon_Handler	4	static
../Core/Src/stm32f1xx_it.c:201:6:PendSV_Handler	4	static
../Core/Src/stm32f1xx_it.c:214:6:SysTick_Handler	8	static
../Core/Src/stm32f1xx_it.c:235:6:EXTI2_IRQHandler	8	static
../Core/Src/stm32f1xx_it.c:262:6:DMA1_Channel1_IRQHandler	8	static
../Core/Src/stm32f1xx_it.c:276:6:ADC1_2_IRQHandler	8	static
../Core/Src/stm32f1xx_it.c:291:6:TIM4_IRQHandler	16	static
